Java HotSpot(TM) 64-Bit Server VM (25.121-b13) for windows-amd64 JRE (1.8.0_121-b13), built on Dec 12 2016 18:21:36 by "java_re" with MS VC++ 10.0 (VS2010)
Memory: 4k page, physical 8036564k(2750748k free), swap 13279444k(4893192k free)
CommandLine flags: -XX:InitialHeapSize=536870912 -XX:InitialTenuringThreshold=1 -XX:MaxHeapSize=536870912 -XX:MaxNewSize=1048576 -XX:MaxTenuringThreshold=1 -XX:NewSize=1048576 -XX:PretenureSizeThreshold=50 -XX:+PrintGC -XX:+PrintGCDetails -XX:+PrintGCTimeStamps -XX:+UseCompressedClassPointers -XX:+UseCompressedOops -XX:-UseLargePagesIndividualAllocation -XX:+UseSerialGC 
0.217: [GC (Allocation Failure) 0.217: [DefNew: 896K->63K(960K), 0.0017188 secs] 1055K->704K(524224K), 0.0018790 secs] [Times: user=0.00 sys=0.00, real=0.00 secs] 
0.264: [GC (Allocation Failure) 0.264: [DefNew: 959K->64K(960K), 0.0008369 secs] 1827K->1187K(524224K), 0.0009194 secs] [Times: user=0.00 sys=0.00, real=0.00 secs] 
0.293: [GC (Allocation Failure) 0.293: [DefNew: 960K->63K(960K), 0.0007500 secs] 2122K->1301K(524224K), 0.0008278 secs] [Times: user=0.00 sys=0.00, real=0.00 secs] 
0.338: [GC (Allocation Failure) 0.338: [DefNew: 959K->64K(960K), 0.0012380 secs] 2250K->1495K(524224K), 0.0013584 secs] [Times: user=0.00 sys=0.00, real=0.00 secs] 
0.380: [GC (Allocation Failure) 0.380: [DefNew: 960K->64K(960K), 0.0007717 secs] 2451K->1661K(524224K), 0.0008499 secs] [Times: user=0.00 sys=0.00, real=0.00 secs] 
0.395: [GC (Allocation Failure) 0.395: [DefNew: 960K->63K(960K), 0.0010485 secs] 2573K->1757K(524224K), 0.0011689 secs] [Times: user=0.00 sys=0.00, real=0.00 secs] 
0.433: [GC (Allocation Failure) 0.433: [DefNew: 959K->63K(960K), 0.0007299 secs] 3033K->2230K(524224K), 0.0008187 secs] [Times: user=0.00 sys=0.00, real=0.00 secs] 
0.477: [GC (Allocation Failure) 0.477: [DefNew: 959K->64K(960K), 0.0008791 secs] 3162K->2401K(524224K), 0.0009972 secs] [Times: user=0.00 sys=0.00, real=0.00 secs] 
0.529: [GC (Allocation Failure) 0.529: [DefNew: 960K->64K(960K), 0.0016959 secs] 3372K->2857K(524224K), 0.0018198 secs] [Times: user=0.00 sys=0.00, real=0.00 secs] 
0.564: [GC (Allocation Failure) 0.564: [DefNew: 960K->63K(960K), 0.0009372 secs] 3797K->2975K(524224K), 0.0010429 secs] [Times: user=0.00 sys=0.00, real=0.00 secs] 
0.590: [GC (Allocation Failure) 0.591: [DefNew: 959K->63K(960K), 0.0007844 secs] 3912K->3082K(524224K), 0.0008689 secs] [Times: user=0.00 sys=0.00, real=0.00 secs] 
0.614: [GC (Allocation Failure) 0.614: [DefNew: 959K->56K(960K), 0.0010662 secs] 4018K->3177K(524224K), 0.0011973 secs] [Times: user=0.00 sys=0.00, real=0.00 secs] 
0.652: [GC (Allocation Failure) 0.652: [DefNew: 952K->63K(960K), 0.0008337 secs] 4135K->3303K(524224K), 0.0009241 secs] [Times: user=0.00 sys=0.00, real=0.00 secs] 
0.685: [GC (Allocation Failure) 0.685: [DefNew: 959K->63K(960K), 0.0013548 secs] 4272K->3444K(524224K), 0.0014914 secs] [Times: user=0.00 sys=0.00, real=0.00 secs] 
0.717: [GC (Allocation Failure) 0.717: [DefNew: 959K->63K(960K), 0.0010485 secs] 4387K->3536K(524224K), 0.0011562 secs] [Times: user=0.00 sys=0.00, real=0.00 secs] 
0.744: [GC (Allocation Failure) 0.745: [DefNew: 959K->63K(960K), 0.0012968 secs] 4433K->3570K(524224K), 0.0014278 secs] [Times: user=0.00 sys=0.00, real=0.00 secs] 
0.779: [GC (Allocation Failure) 0.779: [DefNew: 959K->64K(960K), 0.0008732 secs] 4569K->3723K(524224K), 0.0009660 secs] [Times: user=0.00 sys=0.00, real=0.00 secs] 
0.802: [GC (Allocation Failure) 0.802: [DefNew: 960K->63K(960K), 0.0010216 secs] 4660K->3820K(524224K), 0.0011436 secs] [Times: user=0.00 sys=0.00, real=0.00 secs] 
0.822: [GC (Allocation Failure) 0.822: [DefNew: 959K->63K(960K), 0.0011073 secs] 4792K->3949K(524224K), 0.0012178 secs] [Times: user=0.00 sys=0.00, real=0.00 secs] 
0.838: [GC (Allocation Failure) 0.838: [DefNew: 959K->63K(960K), 0.0012920 secs] 4887K->4048K(524224K), 0.0014176 secs] [Times: user=0.00 sys=0.00, real=0.00 secs] 
0.859: [GC (Allocation Failure) 0.859: [DefNew: 959K->63K(960K), 0.0009790 secs] 5013K->4175K(524224K), 0.0010619 secs] [Times: user=0.00 sys=0.00, real=0.00 secs] 
0.880: [GC (Allocation Failure) 0.880: [DefNew: 959K->63K(960K), 0.0008590 secs] 5234K->4432K(524224K), 0.0009403 secs] [Times: user=0.00 sys=0.00, real=0.00 secs] 
0.906: [GC (Allocation Failure) 0.906: [DefNew: 959K->64K(960K), 0.0015494 secs] 5461K->4704K(524224K), 0.0016872 secs] [Times: user=0.00 sys=0.00, real=0.00 secs] 
0.934: [GC (Allocation Failure) 0.934: [DefNew: 960K->64K(960K), 0.0014961 secs] 5600K->4757K(524224K), 0.0016224 secs] [Times: user=0.00 sys=0.00, real=0.00 secs] 
0.960: [GC (Allocation Failure) 0.960: [DefNew: 960K->56K(960K), 0.0009510 secs] 5660K->4815K(524224K), 0.0010323 secs] [Times: user=0.00 sys=0.00, real=0.00 secs] 
0.992: [GC (Allocation Failure) 0.992: [DefNew: 952K->63K(960K), 0.0012660 secs] 5738K->4946K(524224K), 0.0013643 secs] [Times: user=0.00 sys=0.00, real=0.00 secs] 
1.000: [GC (Allocation Failure) 1.000: [DefNew: 959K->64K(960K), 0.0007441 secs] 5883K->5033K(524224K), 0.0008262 secs] [Times: user=0.00 sys=0.00, real=0.00 secs] 
1.016: [GC (Allocation Failure) 1.016: [DefNew: 960K->63K(960K), 0.0012001 secs] 6024K->5184K(524224K), 0.0013165 secs] [Times: user=0.05 sys=0.00, real=0.00 secs] 
1.035: [GC (Allocation Failure) 1.035: [DefNew: 959K->63K(960K), 0.0008124 secs] 6095K->5250K(524224K), 0.0009068 secs] [Times: user=0.00 sys=0.00, real=0.00 secs] 
1.068: [GC (Allocation Failure) 1.068: [DefNew: 959K->63K(960K), 0.0010465 secs] 6150K->5289K(524224K), 0.0011448 secs] [Times: user=0.00 sys=0.00, real=0.00 secs] 
1.094: [GC (Allocation Failure) 1.094: [DefNew: 959K->63K(960K), 0.0013935 secs] 6220K->5384K(524224K), 0.0015017 secs] [Times: user=0.01 sys=0.00, real=0.00 secs] 
1.114: [GC (Allocation Failure) 1.114: [DefNew: 959K->64K(960K), 0.0010887 secs] 6333K->5459K(524224K), 0.0012131 secs] [Times: user=0.00 sys=0.00, real=0.00 secs] 
1.141: [GC (Allocation Failure) 1.141: [DefNew: 960K->64K(960K), 0.0011318 secs] 6469K->5613K(524224K), 0.0012841 secs] [Times: user=0.03 sys=0.00, real=0.00 secs] 
1.158: [GC (Allocation Failure) 1.158: [DefNew: 960K->63K(960K), 0.0014953 secs] 6518K->5710K(524224K), 0.0016300 secs] [Times: user=0.00 sys=0.00, real=0.00 secs] 
1.174: [GC (Allocation Failure) 1.174: [DefNew: 959K->63K(960K), 0.0012486 secs] 6609K->5773K(524224K), 0.0013722 secs] [Times: user=0.00 sys=0.00, real=0.00 secs] 
1.192: [GC (Allocation Failure) 1.192: [DefNew: 959K->63K(960K), 0.0008385 secs] 6673K->5837K(524224K), 0.0009222 secs] [Times: user=0.00 sys=0.00, real=0.00 secs] 
1.204: [GC (Allocation Failure) 1.204: [DefNew: 959K->63K(960K), 0.0009743 secs] 6753K->5925K(524224K), 0.0010864 secs] [Times: user=0.00 sys=0.00, real=0.00 secs] 
1.218: [GC (Allocation Failure) 1.218: [DefNew: 959K->63K(960K), 0.0017302 secs] 6863K->5999K(524224K), 0.0018408 secs] [Times: user=0.03 sys=0.00, real=0.00 secs] 
1.237: [GC (Allocation Failure) 1.237: [DefNew: 959K->59K(960K), 0.0011558 secs] 6951K->6074K(524224K), 0.0012794 secs] [Times: user=0.00 sys=0.00, real=0.00 secs] 
1.256: [GC (Allocation Failure) 1.256: [DefNew: 955K->63K(960K), 0.0014128 secs] 7003K->6190K(524224K), 0.0016414 secs] [Times: user=0.00 sys=0.00, real=0.00 secs] 
1.277: [GC (Allocation Failure) 1.277: [DefNew: 959K->64K(960K), 0.0009435 secs] 7128K->6275K(524224K), 0.0010339 secs] [Times: user=0.00 sys=0.00, real=0.00 secs] 
1.292: [GC (Allocation Failure) 1.292: [DefNew: 960K->31K(960K), 0.0008689 secs] 7184K->6269K(524224K), 0.0009616 secs] [Times: user=0.00 sys=0.00, real=0.00 secs] 
1.307: [GC (Allocation Failure) 1.307: [DefNew: 927K->61K(960K), 0.0011910 secs] 7170K->6323K(524224K), 0.0013181 secs] [Times: user=0.00 sys=0.00, real=0.00 secs] 
1.334: [GC (Allocation Failure) 1.334: [DefNew: 957K->64K(960K), 0.0014393 secs] 7240K->6413K(524224K), 0.0015467 secs] [Times: user=0.00 sys=0.00, real=0.00 secs] 
1.350: [GC (Allocation Failure) 1.350: [DefNew: 960K->63K(960K), 0.0013327 secs] 7422K->6576K(524224K), 0.0014432 secs] [Times: user=0.00 sys=0.00, real=0.00 secs] 
1.366: [GC (Allocation Failure) 1.366: [DefNew: 959K->63K(960K), 0.0012569 secs] 7490K->6619K(524224K), 0.0013816 secs] [Times: user=0.00 sys=0.00, real=0.00 secs] 
1.383: [GC (Allocation Failure) 1.383: [DefNew: 959K->64K(960K), 0.0010674 secs] 7646K->6805K(524224K), 0.0011531 secs] [Times: user=0.00 sys=0.00, real=0.00 secs] 
1.403: [GC (Allocation Failure) 1.404: [DefNew: 960K->48K(960K), 0.0009857 secs] 7712K->6831K(524224K), 0.0010812 secs] [Times: user=0.00 sys=0.00, real=0.00 secs] 
1.429: [GC (Allocation Failure) 1.430: [DefNew: 944K->63K(960K), 0.0009079 secs] 7730K->6897K(524224K), 0.0010272 secs] [Times: user=0.00 sys=0.00, real=0.00 secs] 
1.453: [GC (Allocation Failure) 1.453: [DefNew: 959K->63K(960K), 0.0011815 secs] 7796K->6956K(524224K), 0.0012976 secs] [Times: user=0.05 sys=0.00, real=0.00 secs] 
1.473: [GC (Allocation Failure) 1.473: [DefNew: 959K->56K(960K), 0.0013516 secs] 7853K->6986K(524224K), 0.0014969 secs] [Times: user=0.00 sys=0.00, real=0.00 secs] 
1.493: [GC (Allocation Failure) 1.493: [DefNew: 952K->14K(960K), 0.0011740 secs] 7883K->6963K(524224K), 0.0013157 secs] [Times: user=0.00 sys=0.00, real=0.00 secs] 
1.508: [GC (Allocation Failure) 1.508: [DefNew: 910K->5K(960K), 0.0009608 secs] 7860K->6968K(524224K), 0.0010729 secs] [Times: user=0.00 sys=0.00, real=0.00 secs] 
1.526: [GC (Allocation Failure) 1.526: [DefNew: 901K->48K(960K), 0.0012399 secs] 7865K->7017K(524224K), 0.0013694 secs] [Times: user=0.00 sys=0.00, real=0.00 secs] 
1.548: [GC (Allocation Failure) 1.548: [DefNew: 944K->63K(960K), 0.0012924 secs] 7974K->7160K(524224K), 0.0014002 secs] [Times: user=0.00 sys=0.00, real=0.00 secs] 
1.570: [GC (Allocation Failure) 1.570: [DefNew: 959K->64K(960K), 0.0028821 secs] 8056K->7398K(524224K), 0.0030483 secs] [Times: user=0.00 sys=0.00, real=0.00 secs] 
1.624: [GC (Allocation Failure) 1.625: [DefNew: 960K->46K(960K), 0.0014041 secs] 8303K->7453K(524224K), 0.0015352 secs] [Times: user=0.00 sys=0.02, real=0.00 secs] 
1.640: [GC (Allocation Failure) 1.640: [DefNew: 942K->63K(960K), 0.0012226 secs] 8349K->7556K(524224K), 0.0013501 secs] [Times: user=0.00 sys=0.00, real=0.00 secs] 
1.663: [GC (Allocation Failure) 1.663: [DefNew: 959K->63K(960K), 0.0009707 secs] 8453K->7677K(524224K), 0.0010540 secs] [Times: user=0.00 sys=0.00, real=0.00 secs] 
1.685: [GC (Allocation Failure) 1.685: [DefNew: 959K->64K(960K), 0.0013169 secs] 8575K->7779K(524224K), 0.0014282 secs] [Times: user=0.00 sys=0.00, real=0.00 secs] 
1.718: [GC (Allocation Failure) 1.718: [DefNew: 960K->63K(960K), 0.0014618 secs] 8683K->7847K(524224K), 0.0015956 secs] [Times: user=0.00 sys=0.00, real=0.00 secs] 
1.730: [GC (Allocation Failure) 1.730: [DefNew: 959K->58K(960K), 0.0014839 secs] 8746K->7878K(524224K), 0.0016197 secs] [Times: user=0.00 sys=0.00, real=0.00 secs] 
1.758: [GC (Allocation Failure) 1.758: [DefNew: 954K->64K(960K), 0.0014724 secs] 8867K->8063K(524224K), 0.0016773 secs] [Times: user=0.00 sys=0.00, real=0.00 secs] 
1.780: [GC (Allocation Failure) 1.780: [DefNew: 960K->63K(960K), 0.0012794 secs] 8961K->8211K(524224K), 0.0014034 secs] [Times: user=0.00 sys=0.00, real=0.00 secs] 
1.802: [GC (Allocation Failure) 1.802: [DefNew: 959K->63K(960K), 0.0014172 secs] 9116K->8300K(524224K), 0.0015534 secs] [Times: user=0.00 sys=0.00, real=0.00 secs] 
1.818: [GC (Allocation Failure) 1.818: [DefNew: 959K->64K(960K), 0.0017993 secs] 9243K->8430K(524224K), 0.0019533 secs] [Times: user=0.00 sys=0.00, real=0.00 secs] 
1.821: [GC (GCLocker Initiated GC) 1.821: [DefNew: 76K->6K(960K), 0.0010998 secs] 8451K->8401K(524224K), 0.0012008 secs] [Times: user=0.00 sys=0.00, real=0.00 secs] 
1.837: [GC (Allocation Failure) 1.837: [DefNew: 902K->63K(960K), 0.0014693 secs] 9500K->8790K(524224K), 0.0016078 secs] [Times: user=0.00 sys=0.00, real=0.00 secs] 
1.852: [GC (Allocation Failure) 1.853: [DefNew: 959K->63K(960K), 0.0012076 secs] 9688K->8867K(524224K), 0.0013355 secs] [Times: user=0.00 sys=0.00, real=0.00 secs] 
1.861: [GC (Allocation Failure) 1.861: [DefNew: 959K->63K(960K), 0.0011547 secs] 9833K->9013K(524224K), 0.0012735 secs] [Times: user=0.00 sys=0.00, real=0.00 secs] 
1.870: [GC (GCLocker Initiated GC) 1.870: [DefNew: 959K->63K(960K), 0.0009091 secs] 9969K->9106K(524224K), 0.0010165 secs] [Times: user=0.00 sys=0.00, real=0.00 secs] 
1.883: [GC (Allocation Failure) 1.883: [DefNew: 959K->63K(960K), 0.0010248 secs] 10039K->9270K(524224K), 0.0011097 secs] [Times: user=0.00 sys=0.00, real=0.00 secs] 
1.890: [GC (Allocation Failure) 1.891: [DefNew: 959K->63K(960K), 0.0011022 secs] 10172K->9385K(524224K), 0.0012609 secs] [Times: user=0.02 sys=0.00, real=0.00 secs] 
1.897: [GC (Allocation Failure) 1.897: [DefNew: 959K->63K(960K), 0.0010019 secs] 10292K->9475K(524224K), 0.0010923 secs] [Times: user=0.00 sys=0.00, real=0.00 secs] 
1.910: [GC (Allocation Failure) 1.910: [DefNew: 959K->63K(960K), 0.0015984 secs] 10382K->9569K(524224K), 0.0017215 secs] [Times: user=0.00 sys=0.00, real=0.00 secs] 
1.929: [GC (Allocation Failure) 1.929: [DefNew: 959K->63K(960K), 0.0020492 secs] 10514K->9720K(524224K), 0.0021854 secs] [Times: user=0.00 sys=0.00, real=0.00 secs] 
1.943: [GC (Allocation Failure) 1.943: [DefNew: 959K->63K(960K), 0.0014065 secs] 10706K->9975K(524224K), 0.0015170 secs] [Times: user=0.00 sys=0.00, real=0.00 secs] 
1.954: [GC (Allocation Failure) 1.954: [DefNew: 959K->64K(960K), 0.0014780 secs] 10907K->10203K(524224K), 0.0016074 secs] [Times: user=0.03 sys=0.00, real=0.00 secs] 
1.966: [GC (Allocation Failure) 1.966: [DefNew: 960K->63K(960K), 0.0013280 secs] 11103K->10328K(524224K), 0.0014610 secs] [Times: user=0.00 sys=0.00, real=0.00 secs] 
1.989: [GC (Allocation Failure) 1.989: [DefNew: 959K->63K(960K), 0.0020444 secs] 11227K->10393K(524224K), 0.0021723 secs] [Times: user=0.00 sys=0.00, real=0.00 secs] 
1.998: [GC (Allocation Failure) 1.998: [DefNew: 959K->62K(960K), 0.0014831 secs] 11292K->10520K(524224K), 0.0016003 secs] [Times: user=0.00 sys=0.00, real=0.00 secs] 
2.015: [GC (Allocation Failure) 2.015: [DefNew: 958K->64K(960K), 0.0029283 secs] 11431K->10696K(524224K), 0.0030945 secs] [Times: user=0.03 sys=0.00, real=0.00 secs] 
2.030: [GC (GCLocker Initiated GC) 2.030: [DefNew: 960K->63K(960K), 0.0014480 secs] 11604K->10844K(524224K), 0.0015546 secs] [Times: user=0.00 sys=0.00, real=0.00 secs] 
2.047: [GC (Allocation Failure) 2.047: [DefNew: 959K->64K(960K), 0.0014334 secs] 11745K->10989K(524224K), 0.0015735 secs] [Times: user=0.05 sys=0.00, real=0.00 secs] 
2.065: [GC (Allocation Failure) 2.065: [DefNew: 960K->63K(960K), 0.0021455 secs] 11914K->11130K(524224K), 0.0022821 secs] [Times: user=0.00 sys=0.00, real=0.00 secs] 
2.078: [GC (Allocation Failure) 2.078: [DefNew: 959K->63K(960K), 0.0021329 secs] 12041K->11256K(524224K), 0.0022592 secs] [Times: user=0.03 sys=0.00, real=0.00 secs] 
2.091: [GC (Allocation Failure) 2.091: [DefNew: 959K->64K(960K), 0.0015498 secs] 12168K->11427K(524224K), 0.0016821 secs] [Times: user=0.00 sys=0.00, real=0.00 secs] 
2.105: [GC (Allocation Failure) 2.105: [DefNew: 960K->63K(960K), 0.0017875 secs] 12341K->11564K(524224K), 0.0020026 secs] [Times: user=0.00 sys=0.00, real=0.00 secs] 
2.117: [GC (Allocation Failure) 2.117: [DefNew: 959K->63K(960K), 0.0012490 secs] 12467K->11661K(524224K), 0.0013524 secs] [Times: user=0.00 sys=0.00, real=0.00 secs] 
2.124: [GC (Allocation Failure) 2.124: [DefNew: 959K->63K(960K), 0.0011531 secs] 12563K->11760K(524224K), 0.0012348 secs] [Times: user=0.00 sys=0.00, real=0.00 secs] 
2.133: [GC (Allocation Failure) 2.133: [DefNew: 959K->63K(960K), 0.0011290 secs] 12657K->11905K(524224K), 0.0012095 secs] [Times: user=0.00 sys=0.00, real=0.00 secs] 
2.144: [GC (GCLocker Initiated GC) 2.144: [DefNew: 959K->63K(960K), 0.0011712 secs] 12879K->12139K(524224K), 0.0012569 secs] [Times: user=0.00 sys=0.00, real=0.00 secs] 
2.154: [GC (Allocation Failure) 2.154: [DefNew: 959K->63K(960K), 0.0012139 secs] 13040K->12253K(524224K), 0.0013102 secs] [Times: user=0.00 sys=0.00, real=0.00 secs] 
2.165: [GC (Allocation Failure) 2.165: [DefNew: 959K->63K(960K), 0.0014697 secs] 13159K->12281K(524224K), 0.0015628 secs] [Times: user=0.00 sys=0.00, real=0.00 secs] 
2.182: [GC (Allocation Failure) 2.182: [DefNew: 959K->63K(960K), 0.0015869 secs] 13236K->12409K(524224K), 0.0016848 secs] [Times: user=0.00 sys=0.00, real=0.00 secs] 
2.196: [GC (Allocation Failure) 2.196: [DefNew: 959K->61K(960K), 0.0016915 secs] 13343K->12490K(524224K), 0.0018100 secs] [Times: user=0.00 sys=0.00, real=0.00 secs] 
2.212: [GC (Allocation Failure) 2.212: [DefNew: 957K->63K(960K), 0.0020812 secs] 13534K->12780K(524224K), 0.0022114 secs] [Times: user=0.00 sys=0.00, real=0.00 secs] 
2.230: [GC (Allocation Failure) 2.230: [DefNew: 959K->63K(960K), 0.0023445 secs] 13723K->12889K(524224K), 0.0024585 secs] [Times: user=0.00 sys=0.00, real=0.00 secs] 
2.258: [GC (Allocation Failure) 2.258: [DefNew: 959K->64K(960K), 0.0019051 secs] 13831K->13049K(524224K), 0.0020200 secs] [Times: user=0.00 sys=0.00, real=0.00 secs] 
2.279: [GC (Allocation Failure) 2.279: [DefNew: 960K->63K(960K), 0.0022991 secs] 14124K->13349K(524224K), 0.0024321 secs] [Times: user=0.00 sys=0.00, real=0.00 secs] 
2.293: [GC (Allocation Failure) 2.293: [DefNew: 959K->64K(960K), 0.0018317 secs] 14284K->13489K(524224K), 0.0019394 secs] [Times: user=0.00 sys=0.00, real=0.00 secs] 
2.307: [GC (Allocation Failure) 2.307: [DefNew: 960K->64K(960K), 0.0026354 secs] 14462K->13641K(524224K), 0.0027605 secs] [Times: user=0.00 sys=0.00, real=0.00 secs] 
2.343: [GC (Allocation Failure) 2.343: [DefNew: 960K->64K(960K), 0.0023452 secs] 14569K->13777K(524224K), 0.0024696 secs] [Times: user=0.03 sys=0.00, real=0.00 secs] 
2.357: [GC (Allocation Failure) 2.357: [DefNew: 960K->41K(960K), 0.0022031 secs] 14696K->13829K(524224K), 0.0024345 secs] [Times: user=0.00 sys=0.00, real=0.00 secs] 
2.369: [GC (Allocation Failure) 2.369: [DefNew: 937K->64K(960K), 0.0025438 secs] 14802K->13996K(524224K), 0.0026654 secs] [Times: user=0.00 sys=0.00, real=0.00 secs] 
2.393: [GC (Allocation Failure) 2.393: [DefNew: 960K->63K(960K), 0.0024637 secs] 14898K->14083K(524224K), 0.0026224 secs] [Times: user=0.00 sys=0.00, real=0.00 secs] 
2.437: [GC (Allocation Failure) 2.437: [DefNew: 959K->63K(960K), 0.0024305 secs] 15032K->14444K(524224K), 0.0025651 secs] [Times: user=0.05 sys=0.00, real=0.00 secs] 
2.467: [GC (Allocation Failure) 2.467: [DefNew: 959K->64K(960K), 0.0023133 secs] 15455K->14684K(524224K), 0.0024826 secs] [Times: user=0.00 sys=0.00, real=0.00 secs] 
2.483: [GC (Allocation Failure) 2.483: [DefNew: 960K->61K(960K), 0.0012530 secs] 15585K->14748K(524224K), 0.0013738 secs] [Times: user=0.00 sys=0.00, real=0.00 secs] 
2.511: [GC (Allocation Failure) 2.511: [DefNew: 957K->44K(960K), 0.0018605 secs] 15646K->14787K(524224K), 0.0019919 secs] [Times: user=0.00 sys=0.00, real=0.00 secs] 
2.517: [GC (Allocation Failure) 2.517: [DefNew: 940K->2K(960K), 0.0014318 secs] 15683K->14786K(524224K), 0.0015688 secs] [Times: user=0.00 sys=0.00, real=0.00 secs] 
2.530: [GC (Allocation Failure) 2.531: [DefNew: 898K->63K(960K), 0.0017954 secs] 15734K->14904K(524224K), 0.0019165 secs] [Times: user=0.03 sys=0.00, real=0.00 secs] 
2.550: [GC (Allocation Failure) 2.550: [DefNew: 959K->64K(960K), 0.0022517 secs] 15898K->15063K(524224K), 0.0024400 secs] [Times: user=0.00 sys=0.00, real=0.00 secs] 
2.574: [GC (Allocation Failure) 2.575: [DefNew: 960K->64K(960K), 0.0018384 secs] 15960K->15121K(524224K), 0.0019722 secs] [Times: user=0.00 sys=0.00, real=0.00 secs] 
2.592: [GC (Allocation Failure) 2.592: [DefNew: 960K->64K(960K), 0.0019781 secs] 16023K->15199K(524224K), 0.0021202 secs] [Times: user=0.00 sys=0.00, real=0.00 secs] 
2.603: [GC (Allocation Failure) 2.604: [DefNew: 960K->64K(960K), 0.0024420 secs] 17138K->16506K(524224K), 0.0025947 secs] [Times: user=0.00 sys=0.00, real=0.00 secs] 
2.629: [GC (Allocation Failure) 2.629: [DefNew: 960K->64K(960K), 0.0020484 secs] 17418K->16681K(524224K), 0.0021712 secs] [Times: user=0.00 sys=0.00, real=0.00 secs] 
2.645: [GC (Allocation Failure) 2.645: [DefNew: 960K->63K(960K), 0.0017555 secs] 17616K->16760K(524224K), 0.0018948 secs] [Times: user=0.00 sys=0.00, real=0.00 secs] 
2.665: [GC (Allocation Failure) 2.665: [DefNew: 959K->61K(960K), 0.0018972 secs] 17806K->16982K(524224K), 0.0019959 secs] [Times: user=0.00 sys=0.00, real=0.00 secs] 
2.678: [GC (Allocation Failure) 2.678: [DefNew: 957K->63K(960K), 0.0023042 secs] 19039K->18313K(524224K), 0.0024589 secs] [Times: user=0.00 sys=0.00, real=0.00 secs] 
2.692: [GC (Allocation Failure) 2.693: [DefNew: 959K->63K(960K), 0.0022383 secs] 19222K->18389K(524224K), 0.0023595 secs] [Times: user=0.00 sys=0.00, real=0.00 secs] 
2.707: [GC (Allocation Failure) 2.707: [DefNew: 959K->64K(960K), 0.0023599 secs] 19308K->18643K(524224K), 0.0024739 secs] [Times: user=0.00 sys=0.00, real=0.00 secs] 
2.720: [GC (Allocation Failure) 2.720: [DefNew: 960K->35K(960K), 0.0019276 secs] 19597K->18734K(524224K), 0.0020705 secs] [Times: user=0.00 sys=0.00, real=0.00 secs] 
2.732: [GC (Allocation Failure) 2.732: [DefNew: 931K->52K(960K), 0.0015427 secs] 19647K->18787K(524224K), 0.0016836 secs] [Times: user=0.00 sys=0.00, real=0.00 secs] 
2.745: [GC (Allocation Failure) 2.745: [DefNew: 948K->57K(960K), 0.0025395 secs] 19689K->18827K(524224K), 0.0026930 secs] [Times: user=0.00 sys=0.00, real=0.00 secs] 
2.763: [GC (Allocation Failure) 2.763: [DefNew: 953K->64K(960K), 0.0021139 secs] 20105K->19343K(524224K), 0.0022509 secs] [Times: user=0.00 sys=0.00, real=0.00 secs] 
2.778: [GC (Allocation Failure) 2.778: [DefNew: 960K->51K(960K), 0.0015692 secs] 20241K->19392K(524224K), 0.0016832 secs] [Times: user=0.00 sys=0.00, real=0.00 secs] 
2.796: [GC (Allocation Failure) 2.796: [DefNew: 947K->63K(960K), 0.0023026 secs] 20508K->19720K(524224K), 0.0024262 secs] [Times: user=0.00 sys=0.00, real=0.00 secs] 
2.817: [GC (Allocation Failure) 2.817: [DefNew: 959K->64K(960K), 0.0019047 secs] 20736K->19940K(524224K), 0.0020219 secs] [Times: user=0.00 sys=0.00, real=0.00 secs] 
2.826: [GC (Allocation Failure) 2.826: [DefNew: 960K->61K(960K), 0.0014413 secs] 20873K->20039K(524224K), 0.0015427 secs] [Times: user=0.00 sys=0.00, real=0.00 secs] 
2.841: [GC (Allocation Failure) 2.841: [DefNew: 957K->63K(960K), 0.0017926 secs] 20981K->20162K(524224K), 0.0019094 secs] [Times: user=0.00 sys=0.00, real=0.00 secs] 
2.849: [GC (Allocation Failure) 2.849: [DefNew: 959K->63K(960K), 0.0013635 secs] 21178K->20369K(524224K), 0.0014606 secs] [Times: user=0.00 sys=0.00, real=0.00 secs] 
2.859: [GC (Allocation Failure) 2.859: [DefNew: 959K->63K(960K), 0.0015202 secs] 21309K->20528K(524224K), 0.0016453 secs] [Times: user=0.02 sys=0.00, real=0.00 secs] 
2.869: [GC (Allocation Failure) 2.869: [DefNew: 959K->64K(960K), 0.0013773 secs] 21484K->20676K(524224K), 0.0014618 secs] [Times: user=0.00 sys=0.00, real=0.00 secs] 
2.878: [GC (Allocation Failure) 2.878: [DefNew: 960K->63K(960K), 0.0014472 secs] 21619K->20795K(524224K), 0.0015396 secs] [Times: user=0.00 sys=0.00, real=0.00 secs] 
2.886: [GC (Allocation Failure) 2.886: [DefNew: 959K->63K(960K), 0.0013335 secs] 21730K->20896K(524224K), 0.0014345 secs] [Times: user=0.00 sys=0.00, real=0.00 secs] 
2.898: [GC (Allocation Failure) 2.898: [DefNew: 959K->63K(960K), 0.0014657 secs] 21871K->21046K(524224K), 0.0015534 secs] [Times: user=0.00 sys=0.00, real=0.00 secs] 
2.909: [GC (Allocation Failure) 2.909: [DefNew: 959K->63K(960K), 0.0014784 secs] 21985K->21151K(524224K), 0.0015707 secs] [Times: user=0.00 sys=0.00, real=0.00 secs] 
2.919: [GC (Allocation Failure) 2.919: [DefNew: 959K->63K(960K), 0.0013311 secs] 22080K->21248K(524224K), 0.0014278 secs] [Times: user=0.00 sys=0.00, real=0.00 secs] 
2.930: [GC (Allocation Failure) 2.930: [DefNew: 959K->63K(960K), 0.0018419 secs] 22189K->21394K(524224K), 0.0019655 secs] [Times: user=0.00 sys=0.00, real=0.00 secs] 
2.939: [GC (Allocation Failure) 2.940: [DefNew: 959K->56K(960K), 0.0021870 secs] 22313K->21462K(524224K), 0.0023705 secs] [Times: user=0.00 sys=0.00, real=0.00 secs] 
2.949: [GC (Allocation Failure) 2.949: [DefNew: 952K->60K(960K), 0.0014981 secs] 22400K->21532K(524224K), 0.0015980 secs] [Times: user=0.00 sys=0.00, real=0.00 secs] 
2.960: [GC (Allocation Failure) 2.960: [DefNew: 956K->52K(960K), 0.0026196 secs] 22448K->21567K(524224K), 0.0027696 secs] [Times: user=0.00 sys=0.00, real=0.00 secs] 
2.977: [GC (Allocation Failure) 2.977: [DefNew: 948K->44K(960K), 0.0020073 secs] 22491K->21614K(524224K), 0.0021727 secs] [Times: user=0.00 sys=0.00, real=0.00 secs] 
2.987: [GC (Allocation Failure) 2.987: [DefNew: 940K->36K(960K), 0.0026011 secs] 22550K->21656K(524224K), 0.0027061 secs] [Times: user=0.00 sys=0.00, real=0.00 secs] 
2.995: [GC (Allocation Failure) 2.995: [DefNew: 932K->47K(960K), 0.0018439 secs] 22586K->21716K(524224K), 0.0019296 secs] [Times: user=0.00 sys=0.00, real=0.00 secs] 
3.008: [GC (Allocation Failure) 3.008: [DefNew: 943K->52K(960K), 0.0017961 secs] 22632K->21750K(524224K), 0.0019217 secs] [Times: user=0.00 sys=0.00, real=0.00 secs] 
3.017: [GC (Allocation Failure) 3.017: [DefNew: 948K->36K(960K), 0.0015538 secs] 22658K->21771K(524224K), 0.0016872 secs] [Times: user=0.00 sys=0.00, real=0.00 secs] 
3.032: [GC (Allocation Failure) 3.032: [DefNew: 932K->63K(960K), 0.0020164 secs] 22685K->21885K(524224K), 0.0021514 secs] [Times: user=0.03 sys=0.00, real=0.00 secs] 
3.040: [GC (Allocation Failure) 3.040: [DefNew: 959K->29K(960K), 0.0017705 secs] 22811K->21916K(524224K), 0.0019027 secs] [Times: user=0.00 sys=0.00, real=0.00 secs] 
3.048: [GC (Allocation Failure) 3.048: [DefNew: 925K->48K(960K), 0.0018700 secs] 22848K->21988K(524224K), 0.0019837 secs] [Times: user=0.00 sys=0.00, real=0.00 secs] 
3.057: [GC (Allocation Failure) 3.057: [DefNew: 944K->25K(960K), 0.0018336 secs] 22897K->22010K(524224K), 0.0019596 secs] [Times: user=0.00 sys=0.00, real=0.00 secs] 
3.062: [GC (Allocation Failure) 3.063: [DefNew: 921K->58K(960K), 0.0015060 secs] 22959K->22110K(524224K), 0.0015980 secs] [Times: user=0.02 sys=0.00, real=0.00 secs] 
3.076: [GC (Allocation Failure) 3.076: [DefNew: 954K->63K(960K), 0.0014926 secs] 23046K->22223K(524224K), 0.0015960 secs] [Times: user=0.00 sys=0.00, real=0.00 secs] 
3.083: [GC (Allocation Failure) 3.083: [DefNew: 959K->22K(960K), 0.0014168 secs] 23129K->22244K(524224K), 0.0014882 secs] [Times: user=0.00 sys=0.00, real=0.00 secs] 
3.092: [GC (Allocation Failure) 3.092: [DefNew: 918K->28K(960K), 0.0015305 secs] 23143K->22263K(524224K), 0.0016130 secs] [Times: user=0.00 sys=0.00, real=0.00 secs] 
3.100: [GC (Allocation Failure) 3.100: [DefNew: 924K->45K(960K), 0.0017314 secs] 23197K->22340K(524224K), 0.0018159 secs] [Times: user=0.00 sys=0.00, real=0.00 secs] 
3.108: [GC (Allocation Failure) 3.108: [DefNew: 941K->42K(960K), 0.0016821 secs] 23268K->22406K(524224K), 0.0017701 secs] [Times: user=0.00 sys=0.00, real=0.00 secs] 
3.117: [GC (Allocation Failure) 3.117: [DefNew: 938K->59K(960K), 0.0015932 secs] 23345K->22487K(524224K), 0.0016848 secs] [Times: user=0.00 sys=0.00, real=0.00 secs] 
3.128: [GC (Allocation Failure) 3.128: [DefNew: 955K->64K(960K), 0.0014065 secs] 23520K->22697K(524224K), 0.0014894 secs] [Times: user=0.00 sys=0.00, real=0.00 secs] 
3.138: [GC (Allocation Failure) 3.138: [DefNew: 960K->63K(960K), 0.0021593 secs] 23610K->22761K(524224K), 0.0022643 secs] [Times: user=0.00 sys=0.00, real=0.00 secs] 
3.148: [GC (Allocation Failure) 3.148: [DefNew: 959K->36K(960K), 0.0016651 secs] 23700K->22829K(524224K), 0.0017713 secs] [Times: user=0.00 sys=0.00, real=0.00 secs] 
3.155: [GC (Allocation Failure) 3.155: [DefNew: 932K->25K(960K), 0.0017938 secs] 23737K->22859K(524224K), 0.0019039 secs] [Times: user=0.00 sys=0.00, real=0.00 secs] 
3.162: [GC (Allocation Failure) 3.162: [DefNew: 921K->38K(960K), 0.0018277 secs] 23796K->22932K(524224K), 0.0019600 secs] [Times: user=0.00 sys=0.00, real=0.00 secs] 
3.175: [GC (Allocation Failure) 3.175: [DefNew: 934K->63K(960K), 0.0020196 secs] 23876K->23046K(524224K), 0.0021506 secs] [Times: user=0.00 sys=0.00, real=0.00 secs] 
3.185: [GC (Allocation Failure) 3.186: [DefNew: 959K->64K(960K), 0.0016892 secs] 23996K->23185K(524224K), 0.0017989 secs] [Times: user=0.00 sys=0.00, real=0.00 secs] 
3.196: [Full GC (Metadata GC Threshold) 3.196: [Tenured: 23133K->23216K(523264K), 0.0323685 secs] 23922K->23216K(524224K), [Metaspace: 20977K->20977K(1069056K)], 0.0325126 secs] [Times: user=0.03 sys=0.00, real=0.03 secs] 
3.250: [GC (Allocation Failure) 3.250: [DefNew: 896K->39K(960K), 0.0029650 secs] 24137K->23280K(524224K), 0.0031032 secs] [Times: user=0.02 sys=0.00, real=0.00 secs] 
3.258: [GC (Allocation Failure) 3.258: [DefNew: 935K->23K(960K), 0.0012084 secs] 24203K->23312K(524224K), 0.0012936 secs] [Times: user=0.00 sys=0.00, real=0.00 secs] 
3.264: [GC (Allocation Failure) 3.265: [DefNew: 919K->64K(960K), 0.0015486 secs] 24265K->23479K(524224K), 0.0016402 secs] [Times: user=0.00 sys=0.00, real=0.00 secs] 
3.278: [GC (Allocation Failure) 3.278: [DefNew: 960K->50K(960K), 0.0021238 secs] 24378K->23514K(524224K), 0.0022939 secs] [Times: user=0.00 sys=0.00, real=0.00 secs] 
3.287: [GC (Allocation Failure) 3.287: [DefNew: 946K->30K(960K), 0.0014784 secs] 24420K->23531K(524224K), 0.0016043 secs] [Times: user=0.00 sys=0.00, real=0.00 secs] 
3.296: [GC (Allocation Failure) 3.296: [DefNew: 926K->44K(960K), 0.0012964 secs] 24445K->23580K(524224K), 0.0013872 secs] [Times: user=0.00 sys=0.00, real=0.00 secs] 
3.333: [GC (Allocation Failure) 3.333: [DefNew: 940K->63K(960K), 0.0021250 secs] 24500K->23673K(524224K), 0.0022521 secs] [Times: user=0.00 sys=0.00, real=0.00 secs] 
3.351: [GC (Allocation Failure) 3.351: [DefNew: 959K->56K(960K), 0.0020054 secs] 24596K->23744K(524224K), 0.0021214 secs] [Times: user=0.00 sys=0.00, real=0.00 secs] 
3.377: [GC (Allocation Failure) 3.377: [DefNew: 952K->13K(960K), 0.0014306 secs] 24643K->23734K(524224K), 0.0015613 secs] [Times: user=0.00 sys=0.00, real=0.00 secs] 
3.399: [GC (Allocation Failure) 3.399: [DefNew: 909K->63K(960K), 0.0019011 secs] 24655K->23865K(524224K), 0.0020598 secs] [Times: user=0.00 sys=0.00, real=0.00 secs] 
3.441: [GC (Allocation Failure) 3.441: [DefNew: 959K->63K(960K), 0.0016998 secs] 24763K->23937K(524224K), 0.0018242 secs] [Times: user=0.00 sys=0.00, real=0.00 secs] 
3.454: [GC (Allocation Failure) 3.454: [DefNew: 959K->21K(960K), 0.0014061 secs] 24840K->23930K(524224K), 0.0015518 secs] [Times: user=0.02 sys=0.00, real=0.00 secs] 
3.461: [GC (Allocation Failure) 3.461: [DefNew: 917K->23K(960K), 0.0012324 secs] 24856K->23969K(524224K), 0.0013453 secs] [Times: user=0.00 sys=0.00, real=0.00 secs] 
3.469: [GC (Allocation Failure) 3.469: [DefNew: 919K->56K(960K), 0.0011314 secs] 24886K->24033K(524224K), 0.0012632 secs] [Times: user=0.01 sys=0.00, real=0.00 secs] 
3.481: [GC (Allocation Failure) 3.481: [DefNew: 952K->63K(960K), 0.0012451 secs] 24955K->24101K(524224K), 0.0013473 secs] [Times: user=0.00 sys=0.00, real=0.00 secs] 
3.494: [GC (Allocation Failure) 3.494: [DefNew: 959K->33K(960K), 0.0011108 secs] 24999K->24085K(524224K), 0.0012447 secs] [Times: user=0.00 sys=0.00, real=0.00 secs] 
3.503: [GC (Allocation Failure) 3.503: [DefNew: 929K->51K(960K), 0.0015174 secs] 25041K->24169K(524224K), 0.0016386 secs] [Times: user=0.00 sys=0.00, real=0.00 secs] 
3.515: [GC (Allocation Failure) 3.515: [DefNew: 947K->4K(960K), 0.0013422 secs] 25071K->24165K(524224K), 0.0014776 secs] [Times: user=0.02 sys=0.00, real=0.00 secs] 
3.526: [GC (Allocation Failure) 3.526: [DefNew: 900K->14K(960K), 0.0012952 secs] 25077K->24195K(524224K), 0.0014314 secs] [Times: user=0.00 sys=0.00, real=0.00 secs] 
3.534: [GC (Allocation Failure) 3.534: [DefNew: 910K->14K(960K), 0.0011586 secs] 25112K->24216K(524224K), 0.0012731 secs] [Times: user=0.00 sys=0.00, real=0.00 secs] 
3.542: [GC (Allocation Failure) 3.542: [DefNew: 910K->27K(960K), 0.0014298 secs] 25141K->24268K(524224K), 0.0015581 secs] [Times: user=0.00 sys=0.00, real=0.00 secs] 
3.557: [GC (Allocation Failure) 3.557: [DefNew: 923K->25K(960K), 0.0013951 secs] 25183K->24302K(524224K), 0.0015273 secs] [Times: user=0.00 sys=0.00, real=0.00 secs] 
3.570: [GC (Allocation Failure) 3.570: [DefNew: 921K->60K(960K), 0.0013422 secs] 25231K->24405K(524224K), 0.0014570 secs] [Times: user=0.00 sys=0.00, real=0.00 secs] 
3.578: [GC (Allocation Failure) 3.578: [DefNew: 956K->17K(960K), 0.0012399 secs] 25324K->24405K(524224K), 0.0013580 secs] [Times: user=0.01 sys=0.00, real=0.00 secs] 
3.585: [GC (Allocation Failure) 3.585: [DefNew: 913K->19K(960K), 0.0012759 secs] 25315K->24429K(524224K), 0.0013891 secs] [Times: user=0.00 sys=0.00, real=0.00 secs] 
3.593: [GC (Allocation Failure) 3.593: [DefNew: 915K->12K(960K), 0.0012660 secs] 25349K->24456K(524224K), 0.0013852 secs] [Times: user=0.00 sys=0.00, real=0.00 secs] 
3.613: [GC (Allocation Failure) 3.613: [DefNew: 908K->58K(960K), 0.0014594 secs] 25353K->24508K(524224K), 0.0015857 secs] [Times: user=0.00 sys=0.00, real=0.00 secs] 
3.631: [GC (Allocation Failure) 3.631: [DefNew: 954K->63K(960K), 0.0013584 secs] 25437K->24552K(524224K), 0.0014669 secs] [Times: user=0.00 sys=0.00, real=0.00 secs] 
3.639: [GC (Allocation Failure) 3.639: [DefNew: 959K->63K(960K), 0.0020839 secs] 25485K->24640K(524224K), 0.0022466 secs] [Times: user=0.00 sys=0.00, real=0.00 secs] 
3.652: [GC (Allocation Failure) 3.652: [DefNew: 959K->40K(960K), 0.0012348 secs] 25547K->24674K(524224K), 0.0013299 secs] [Times: user=0.00 sys=0.00, real=0.00 secs] 
3.666: [GC (Allocation Failure) 3.666: [DefNew: 936K->26K(960K), 0.0012984 secs] 25570K->24675K(524224K), 0.0014002 secs] [Times: user=0.00 sys=0.00, real=0.00 secs] 
3.680: [GC (Allocation Failure) 3.680: [DefNew: 922K->40K(960K), 0.0013197 secs] 25583K->24710K(524224K), 0.0014282 secs] [Times: user=0.00 sys=0.00, real=0.00 secs] 
3.693: [GC (Allocation Failure) 3.693: [DefNew: 936K->59K(960K), 0.0012368 secs] 25946K->25105K(524224K), 0.0013741 secs] [Times: user=0.00 sys=0.00, real=0.00 secs] 
3.698: [GC (Allocation Failure) 3.699: [DefNew: 955K->9K(960K), 0.0011424 secs] 26005K->25097K(524224K), 0.0012537 secs] [Times: user=0.00 sys=0.00, real=0.00 secs] 
3.711: [GC (Allocation Failure) 3.711: [DefNew: 905K->14K(960K), 0.0013276 secs] 26022K->25137K(524224K), 0.0014338 secs] [Times: user=0.00 sys=0.00, real=0.00 secs] 
3.717: [GC (Allocation Failure) 3.717: [DefNew: 910K->5K(960K), 0.0010540 secs] 26035K->25134K(524224K), 0.0011515 secs] [Times: user=0.00 sys=0.00, real=0.00 secs] 
3.731: [GC (Allocation Failure) 3.731: [DefNew: 901K->42K(960K), 0.0012798 secs] 26045K->25189K(524224K), 0.0013659 secs] [Times: user=0.00 sys=0.00, real=0.00 secs] 
3.744: [GC (Allocation Failure) 3.744: [DefNew: 938K->14K(960K), 0.0010216 secs] 26086K->25172K(524224K), 0.0011105 secs] [Times: user=0.00 sys=0.00, real=0.00 secs] 
3.752: [GC (Allocation Failure) 3.752: [DefNew: 910K->17K(960K), 0.0011732 secs] 26069K->25182K(524224K), 0.0013027 secs] [Times: user=0.00 sys=0.00, real=0.00 secs] 
3.760: [GC (Allocation Failure) 3.760: [DefNew: 913K->18K(960K), 0.0010501 secs] 26105K->25221K(524224K), 0.0011780 secs] [Times: user=0.00 sys=0.00, real=0.00 secs] 
3.770: [GC (Allocation Failure) 3.770: [DefNew: 914K->26K(960K), 0.0012234 secs] 26120K->25243K(524224K), 0.0013572 secs] [Times: user=0.00 sys=0.00, real=0.00 secs] 
3.780: [GC (Allocation Failure) 3.780: [DefNew: 922K->23K(960K), 0.0010777 secs] 26149K->25271K(524224K), 0.0011622 secs] [Times: user=0.00 sys=0.00, real=0.00 secs] 
3.792: [GC (Allocation Failure) 3.792: [DefNew: 919K->64K(960K), 0.0011701 secs] 26288K->25449K(524224K), 0.0012577 secs] [Times: user=0.00 sys=0.00, real=0.00 secs] 
3.805: [GC (Allocation Failure) 3.805: [DefNew: 960K->17K(960K), 0.0017539 secs] 26352K->25420K(524224K), 0.0018877 secs] [Times: user=0.00 sys=0.00, real=0.00 secs] 
3.818: [GC (Allocation Failure) 3.818: [DefNew: 913K->17K(960K), 0.0013130 secs] 26326K->25437K(524224K), 0.0014495 secs] [Times: user=0.00 sys=0.00, real=0.00 secs] 
3.832: [GC (Allocation Failure) 3.832: [DefNew: 913K->9K(960K), 0.0012719 secs] 26334K->25441K(524224K), 0.0013888 secs] [Times: user=0.00 sys=0.00, real=0.00 secs] 
3.844: [GC (Allocation Failure) 3.844: [DefNew: 905K->14K(960K), 0.0012466 secs] 26347K->25462K(524224K), 0.0013548 secs] [Times: user=0.02 sys=0.00, real=0.00 secs] 
3.855: [GC (Allocation Failure) 3.855: [DefNew: 910K->18K(960K), 0.0014282 secs] 26359K->25476K(524224K), 0.0015569 secs] [Times: user=0.00 sys=0.00, real=0.00 secs] 
3.866: [GC (Allocation Failure) 3.866: [DefNew: 914K->45K(960K), 0.0012494 secs] 26388K->25524K(524224K), 0.0013710 secs] [Times: user=0.00 sys=0.00, real=0.00 secs] 
3.878: [GC (Allocation Failure) 3.878: [DefNew: 941K->40K(960K), 0.0015143 secs] 26420K->25585K(524224K), 0.0017030 secs] [Times: user=0.00 sys=0.00, real=0.00 secs] 
3.887: [GC (Allocation Failure) 3.887: [DefNew: 936K->23K(960K), 0.0010998 secs] 26508K->25619K(524224K), 0.0012032 secs] [Times: user=0.00 sys=0.00, real=0.00 secs] 
3.896: [GC (Allocation Failure) 3.896: [DefNew: 919K->30K(960K), 0.0009873 secs] 26532K->25663K(524224K), 0.0010718 secs] [Times: user=0.00 sys=0.00, real=0.00 secs] 
3.908: [GC (Allocation Failure) 3.908: [DefNew: 926K->40K(960K), 0.0014361 secs] 26563K->25696K(524224K), 0.0015597 secs] [Times: user=0.00 sys=0.00, real=0.00 secs] 
3.917: [GC (Allocation Failure) 3.917: [DefNew: 936K->2K(960K), 0.0011199 secs] 26601K->25688K(524224K), 0.0012451 secs] [Times: user=0.00 sys=0.00, real=0.00 secs] 
3.930: [GC (Allocation Failure) 3.931: [DefNew: 898K->14K(960K), 0.0012932 secs] 26587K->25704K(524224K), 0.0014188 secs] [Times: user=0.00 sys=0.00, real=0.00 secs] 
3.940: [GC (Allocation Failure) 3.940: [DefNew: 910K->4K(960K), 0.0012968 secs] 26606K->25706K(524224K), 0.0014038 secs] [Times: user=0.00 sys=0.00, real=0.00 secs] 
3.949: [GC (Allocation Failure) 3.949: [DefNew: 900K->12K(960K), 0.0011341 secs] 26607K->25721K(524224K), 0.0012632 secs] [Times: user=0.00 sys=0.00, real=0.00 secs] 
3.959: [GC (Allocation Failure) 3.959: [DefNew: 908K->62K(960K), 0.0012597 secs] 26627K->25791K(524224K), 0.0013903 secs] [Times: user=0.00 sys=0.00, real=0.00 secs] 
3.966: [GC (Allocation Failure) 3.966: [DefNew: 958K->26K(960K), 0.0010485 secs] 26697K->25777K(524224K), 0.0011558 secs] [Times: user=0.00 sys=0.00, real=0.00 secs] 
3.991: [GC (Allocation Failure) 3.991: [DefNew: 922K->64K(960K), 0.0021352 secs] 26673K->25858K(524224K), 0.0022675 secs] [Times: user=0.00 sys=0.00, real=0.00 secs] 
4.015: [GC (Allocation Failure) 4.015: [DefNew: 960K->64K(960K), 0.0017543 secs] 26754K->26003K(524224K), 0.0018538 secs] [Times: user=0.00 sys=0.00, real=0.00 secs] 
4.050: [GC (Allocation Failure) 4.050: [DefNew: 960K->64K(960K), 0.0019465 secs] 26904K->26085K(524224K), 0.0020689 secs] [Times: user=0.00 sys=0.00, real=0.00 secs] 
4.069: [GC (Allocation Failure) 4.069: [DefNew: 960K->63K(960K), 0.0013007 secs] 26993K->26194K(524224K), 0.0014168 secs] [Times: user=0.00 sys=0.00, real=0.00 secs] 
4.086: [GC (Allocation Failure) 4.086: [DefNew: 959K->63K(960K), 0.0012372 secs] 27099K->26270K(524224K), 0.0013418 secs] [Times: user=0.00 sys=0.00, real=0.00 secs] 
4.102: [GC (Allocation Failure) 4.102: [DefNew: 959K->62K(960K), 0.0014795 secs] 27169K->26306K(524224K), 0.0015802 secs] [Times: user=0.00 sys=0.00, real=0.00 secs] 
4.121: [GC (Allocation Failure) 4.121: [DefNew: 958K->62K(960K), 0.0020441 secs] 27215K->26372K(524224K), 0.0021842 secs] [Times: user=0.00 sys=0.00, real=0.00 secs] 
4.137: [GC (Allocation Failure) 4.137: [DefNew: 958K->64K(960K), 0.0015202 secs] 27303K->26455K(524224K), 0.0016284 secs] [Times: user=0.00 sys=0.00, real=0.00 secs] 
4.154: [GC (Allocation Failure) 4.154: [DefNew: 960K->49K(960K), 0.0019568 secs] 27477K->26591K(524224K), 0.0021388 secs] [Times: user=0.00 sys=0.00, real=0.00 secs] 
4.168: [GC (Allocation Failure) 4.169: [DefNew: 945K->61K(960K), 0.0010508 secs] 27489K->26622K(524224K), 0.0011456 secs] [Times: user=0.00 sys=0.00, real=0.00 secs] 
4.183: [GC (Allocation Failure) 4.183: [DefNew: 957K->64K(960K), 0.0012802 secs] 27547K->26752K(524224K), 0.0013639 secs] [Times: user=0.00 sys=0.00, real=0.00 secs] 
4.195: [GC (Allocation Failure) 4.195: [DefNew: 960K->63K(960K), 0.0013134 secs] 27653K->26896K(524224K), 0.0013990 secs] [Times: user=0.00 sys=0.00, real=0.00 secs] 
4.212: [GC (Allocation Failure) 4.212: [DefNew: 959K->64K(960K), 0.0011847 secs] 27793K->26998K(524224K), 0.0012818 secs] [Times: user=0.00 sys=0.00, real=0.00 secs] 
4.228: [GC (Allocation Failure) 4.228: [DefNew: 960K->64K(960K), 0.0013047 secs] 27905K->27080K(524224K), 0.0014097 secs] [Times: user=0.00 sys=0.00, real=0.00 secs] 
4.244: [GC (Allocation Failure) 4.244: [DefNew: 960K->54K(960K), 0.0012170 secs] 27978K->27141K(524224K), 0.0012991 secs] [Times: user=0.00 sys=0.00, real=0.00 secs] 
4.264: [GC (Allocation Failure) 4.264: [DefNew: 950K->57K(960K), 0.0013126 secs] 28038K->27206K(524224K), 0.0014199 secs] [Times: user=0.00 sys=0.00, real=0.00 secs] 
4.278: [GC (Allocation Failure) 4.278: [DefNew: 953K->61K(960K), 0.0011219 secs] 28103K->27237K(524224K), 0.0012127 secs] [Times: user=0.00 sys=0.00, real=0.00 secs] 
4.288: [GC (Allocation Failure) 4.288: [DefNew: 957K->49K(960K), 0.0015980 secs] 28133K->27235K(524224K), 0.0017006 secs] [Times: user=0.00 sys=0.00, real=0.00 secs] 
4.297: [GC (Allocation Failure) 4.297: [DefNew: 945K->55K(960K), 0.0011357 secs] 28137K->27261K(524224K), 0.0012261 secs] [Times: user=0.02 sys=0.00, real=0.00 secs] 
4.310: [GC (Allocation Failure) 4.310: [DefNew: 951K->63K(960K), 0.0013659 secs] 28159K->27327K(524224K), 0.0014519 secs] [Times: user=0.00 sys=0.00, real=0.00 secs] 
4.323: [GC (Allocation Failure) 4.323: [DefNew: 959K->63K(960K), 0.0019750 secs] 28224K->27366K(524224K), 0.0020902 secs] [Times: user=0.00 sys=0.00, real=0.00 secs] 
4.337: [GC (Allocation Failure) 4.337: [DefNew: 959K->63K(960K), 0.0017977 secs] 28262K->27411K(524224K), 0.0020180 secs] [Times: user=0.00 sys=0.00, real=0.00 secs] 
4.353: [GC (Allocation Failure) 4.353: [DefNew: 959K->62K(960K), 0.0012044 secs] 28323K->27462K(524224K), 0.0012901 secs] [Times: user=0.00 sys=0.00, real=0.00 secs] 
4.379: [GC (Allocation Failure) 4.379: [DefNew: 958K->63K(960K), 0.0013457 secs] 28487K->27645K(524224K), 0.0014618 secs] [Times: user=0.00 sys=0.00, real=0.00 secs] 
4.393: [GC (Allocation Failure) 4.393: [DefNew: 959K->64K(960K), 0.0012723 secs] 28541K->27659K(524224K), 0.0013528 secs] [Times: user=0.00 sys=0.00, real=0.00 secs] 
4.409: [GC (Allocation Failure) 4.409: [DefNew: 960K->63K(960K), 0.0014472 secs] 28556K->27718K(524224K), 0.0015668 secs] [Times: user=0.00 sys=0.00, real=0.00 secs] 
4.443: [GC (Allocation Failure) 4.443: [DefNew: 959K->64K(960K), 0.0020188 secs] 28624K->27806K(524224K), 0.0021577 secs] [Times: user=0.00 sys=0.00, real=0.00 secs] 
4.471: [GC (Allocation Failure) 4.471: [DefNew: 960K->63K(960K), 0.0018143 secs] 28702K->27855K(524224K), 0.0019548 secs] [Times: user=0.00 sys=0.00, real=0.00 secs] 
4.486: [GC (Allocation Failure) 4.486: [DefNew: 959K->64K(960K), 0.0019256 secs] 28820K->28003K(524224K), 0.0020654 secs] [Times: user=0.00 sys=0.00, real=0.00 secs] 
4.515: [GC (Allocation Failure) 4.515: [DefNew: 960K->64K(960K), 0.0016347 secs] 28932K->28110K(524224K), 0.0017507 secs] [Times: user=0.00 sys=0.00, real=0.00 secs] 
4.541: [GC (Allocation Failure) 4.541: [DefNew: 960K->64K(960K), 0.0018676 secs] 29105K->28358K(524224K), 0.0019975 secs] [Times: user=0.00 sys=0.00, real=0.00 secs] 
4.570: [GC (Allocation Failure) 4.570: [DefNew: 960K->61K(960K), 0.0016390 secs] 29259K->28425K(524224K), 0.0017800 secs] [Times: user=0.00 sys=0.00, real=0.00 secs] 
4.583: [GC (Allocation Failure) 4.584: [DefNew: 957K->59K(960K), 0.0019612 secs] 29322K->28468K(524224K), 0.0020985 secs] [Times: user=0.00 sys=0.00, real=0.00 secs] 
4.631: [GC (Allocation Failure) 4.631: [DefNew: 955K->63K(960K), 0.0020768 secs] 29431K->28608K(524224K), 0.0022016 secs] [Times: user=0.00 sys=0.00, real=0.00 secs] 
4.670: [GC (Allocation Failure) 4.670: [DefNew: 959K->41K(960K), 0.0024353 secs] 29509K->28651K(524224K), 0.0026161 secs] [Times: user=0.00 sys=0.00, real=0.00 secs] 
4.697: [GC (Allocation Failure) 4.697: [DefNew: 937K->57K(960K), 0.0018218 secs] 29549K->28689K(524224K), 0.0019473 secs] [Times: user=0.00 sys=0.00, real=0.00 secs] 
4.719: [GC (Allocation Failure) 4.719: [DefNew: 953K->63K(960K), 0.0021779 secs] 29604K->28760K(524224K), 0.0023172 secs] [Times: user=0.05 sys=0.00, real=0.00 secs] 
4.846: [GC (Allocation Failure) 4.846: [DefNew: 959K->57K(960K), 0.0019256 secs] 29664K->28789K(524224K), 0.0020579 secs] [Times: user=0.00 sys=0.00, real=0.00 secs] 
4.876: [GC (Allocation Failure) 4.876: [DefNew: 953K->61K(960K), 0.0025888 secs] 29704K->28853K(524224K), 0.0027416 secs] [Times: user=0.00 sys=0.00, real=0.00 secs] 
4.960: [GC (Allocation Failure) 4.960: [DefNew: 957K->63K(960K), 0.0025351 secs] 29751K->28913K(524224K), 0.0026840 secs] [Times: user=0.00 sys=0.00, real=0.00 secs] 
4.995: [GC (Allocation Failure) 4.995: [DefNew: 959K->63K(960K), 0.0026370 secs] 29811K->28991K(524224K), 0.0027874 secs] [Times: user=0.00 sys=0.00, real=0.00 secs] 
5.027: [GC (Allocation Failure) 5.027: [DefNew: 959K->63K(960K), 0.0017357 secs] 29889K->29038K(524224K), 0.0018727 secs] [Times: user=0.00 sys=0.00, real=0.00 secs] 
5.048: [GC (Allocation Failure) 5.048: [DefNew: 959K->63K(960K), 0.0019868 secs] 29951K->29101K(524224K), 0.0021585 secs] [Times: user=0.00 sys=0.00, real=0.00 secs] 
5.070: [GC (Allocation Failure) 5.070: [DefNew: 959K->62K(960K), 0.0012873 secs] 29997K->29131K(524224K), 0.0014705 secs] [Times: user=0.00 sys=0.00, real=0.00 secs] 
5.096: [GC (Allocation Failure) 5.096: [DefNew: 958K->59K(960K), 0.0019268 secs] 30032K->29148K(524224K), 0.0020673 secs] [Times: user=0.00 sys=0.00, real=0.00 secs] 
5.136: [GC (Allocation Failure) 5.136: [DefNew: 955K->63K(960K), 0.0019004 secs] 30044K->29223K(524224K), 0.0020468 secs] [Times: user=0.00 sys=0.00, real=0.00 secs] 
5.208: [GC (Allocation Failure) 5.208: [DefNew: 959K->63K(960K), 0.0016434 secs] 30119K->29261K(524224K), 0.0017622 secs] [Times: user=0.00 sys=0.00, real=0.00 secs] 
5.255: [GC (Allocation Failure) 5.256: [DefNew: 959K->63K(960K), 0.0030878 secs] 30238K->29419K(524224K), 0.0032354 secs] [Times: user=0.00 sys=0.00, real=0.00 secs] 
5.345: [GC (Allocation Failure) 5.345: [DefNew: 959K->63K(960K), 0.0021084 secs] 30322K->29477K(524224K), 0.0023030 secs] [Times: user=0.00 sys=0.00, real=0.00 secs] 
5.383: [GC (Allocation Failure) 5.383: [DefNew: 959K->63K(960K), 0.0018368 secs] 30380K->29534K(524224K), 0.0019679 secs] [Times: user=0.00 sys=0.00, real=0.00 secs] 
5.451: [GC (Allocation Failure) 5.451: [DefNew: 959K->64K(960K), 0.0023883 secs] 30434K->29588K(524224K), 0.0025395 secs] [Times: user=0.00 sys=0.00, real=0.00 secs] 
5.484: [GC (Allocation Failure) 5.484: [DefNew: 960K->64K(960K), 0.0021676 secs] 30503K->29668K(524224K), 0.0023164 secs] [Times: user=0.06 sys=0.00, real=0.00 secs] 
5.523: [GC (Allocation Failure) 5.523: [DefNew: 960K->63K(960K), 0.0019848 secs] 30575K->29772K(524224K), 0.0021376 secs] [Times: user=0.00 sys=0.00, real=0.00 secs] 
5.607: [GC (Allocation Failure) 5.607: [DefNew: 959K->47K(960K), 0.0026674 secs] 30686K->29815K(524224K), 0.0028213 secs] [Times: user=0.00 sys=0.00, real=0.00 secs] 
5.632: [GC (Allocation Failure) 5.632: [DefNew: 943K->53K(960K), 0.0022699 secs] 30723K->29875K(524224K), 0.0024222 secs] [Times: user=0.00 sys=0.00, real=0.00 secs] 
5.665: [GC (Allocation Failure) 5.665: [DefNew: 949K->63K(960K), 0.0024972 secs] 30775K->30046K(524224K), 0.0026496 secs] [Times: user=0.00 sys=0.00, real=0.00 secs] 
5.693: [GC (Allocation Failure) 5.693: [DefNew: 959K->64K(960K), 0.0025864 secs] 30972K->30163K(524224K), 0.0027554 secs] [Times: user=0.00 sys=0.00, real=0.00 secs] 
5.715: [GC (Allocation Failure) 5.715: [DefNew: 960K->63K(960K), 0.0021680 secs] 31072K->30307K(524224K), 0.0023196 secs] [Times: user=0.00 sys=0.00, real=0.00 secs] 
5.735: [GC (Allocation Failure) 5.735: [DefNew: 959K->64K(960K), 0.0024866 secs] 31212K->30396K(524224K), 0.0026362 secs] [Times: user=0.00 sys=0.00, real=0.00 secs] 
5.781: [GC (Allocation Failure) 5.781: [DefNew: 960K->64K(960K), 0.0022734 secs] 31309K->30491K(524224K), 0.0025375 secs] [Times: user=0.05 sys=0.00, real=0.00 secs] 
5.811: [GC (Allocation Failure) 5.811: [DefNew: 960K->41K(960K), 0.0024510 secs] 31387K->30528K(524224K), 0.0026200 secs] [Times: user=0.03 sys=0.02, real=0.00 secs] 
5.849: [GC (Allocation Failure) 5.849: [DefNew: 937K->64K(960K), 0.0016935 secs] 31433K->30592K(524224K), 0.0018293 secs] [Times: user=0.00 sys=0.00, real=0.00 secs] 
5.869: [GC (Allocation Failure) 5.869: [DefNew: 960K->55K(960K), 0.0019311 secs] 31504K->30641K(524224K), 0.0020721 secs] [Times: user=0.00 sys=0.00, real=0.00 secs] 
5.884: [GC (Allocation Failure) 5.884: [DefNew: 951K->64K(960K), 0.0023326 secs] 31544K->30701K(524224K), 0.0026622 secs] [Times: user=0.00 sys=0.00, real=0.00 secs] 
5.908: [GC (Allocation Failure) 5.908: [DefNew: 960K->57K(960K), 0.0023022 secs] 31603K->30753K(524224K), 0.0024641 secs] [Times: user=0.00 sys=0.00, real=0.00 secs] 
5.934: [GC (Allocation Failure) 5.934: [DefNew: 953K->44K(960K), 0.0018854 secs] 31663K->30807K(524224K), 0.0019927 secs] [Times: user=0.00 sys=0.00, real=0.00 secs] 
5.952: [GC (Allocation Failure) 5.952: [DefNew: 940K->52K(960K), 0.0021842 secs] 31705K->30854K(524224K), 0.0023330 secs] [Times: user=0.05 sys=0.00, real=0.00 secs] 
5.975: [GC (Allocation Failure) 5.975: [DefNew: 948K->26K(960K), 0.0019900 secs] 31750K->30877K(524224K), 0.0021285 secs] [Times: user=0.00 sys=0.00, real=0.00 secs] 
6.003: [GC (Allocation Failure) 6.003: [DefNew: 922K->63K(960K), 0.0023346 secs] 31784K->30967K(524224K), 0.0024803 secs] [Times: user=0.00 sys=0.00, real=0.00 secs] 
6.025: [GC (Allocation Failure) 6.025: [DefNew: 959K->29K(960K), 0.0021917 secs] 31865K->30991K(524224K), 0.0023381 secs] [Times: user=0.00 sys=0.00, real=0.00 secs] 
6.068: [GC (Allocation Failure) 6.068: [DefNew: 925K->56K(960K), 0.0020772 secs] 31890K->31061K(524224K), 0.0021948 secs] [Times: user=0.00 sys=0.00, real=0.00 secs] 
6.084: [GC (Allocation Failure) 6.084: [DefNew: 952K->57K(960K), 0.0018325 secs] 31959K->31111K(524224K), 0.0019363 secs] [Times: user=0.00 sys=0.00, real=0.00 secs] 
6.102: [GC (Allocation Failure) 6.102: [DefNew: 953K->55K(960K), 0.0019750 secs] 32010K->31165K(524224K), 0.0020879 secs] [Times: user=0.00 sys=0.00, real=0.00 secs] 
6.115: [GC (Allocation Failure) 6.115: [DefNew: 951K->55K(960K), 0.0013805 secs] 32061K->31208K(524224K), 0.0015036 secs] [Times: user=0.00 sys=0.00, real=0.00 secs] 
6.139: [GC (Allocation Failure) 6.139: [DefNew: 951K->58K(960K), 0.0024941 secs] 32122K->31284K(524224K), 0.0026433 secs] [Times: user=0.00 sys=0.00, real=0.00 secs] 
6.176: [GC (Allocation Failure) 6.176: [DefNew: 954K->32K(960K), 0.0025991 secs] 32187K->31321K(524224K), 0.0027605 secs] [Times: user=0.00 sys=0.00, real=0.00 secs] 
6.188: [GC (Allocation Failure) 6.189: [DefNew: 928K->17K(960K), 0.0027597 secs] 32257K->31376K(524224K), 0.0029121 secs] [Times: user=0.00 sys=0.00, real=0.00 secs] 
6.218: [GC (Allocation Failure) 6.218: [DefNew: 913K->57K(960K), 0.0023614 secs] 32273K->31431K(524224K), 0.0025154 secs] [Times: user=0.03 sys=0.00, real=0.00 secs] 
6.261: [GC (Allocation Failure) 6.261: [DefNew: 953K->64K(960K), 0.0030724 secs] 32328K->31615K(524224K), 0.0032236 secs] [Times: user=0.00 sys=0.00, real=0.00 secs] 
6.291: [GC (Allocation Failure) 6.291: [DefNew: 960K->34K(960K), 0.0018534 secs] 32527K->31663K(524224K), 0.0019884 secs] [Times: user=0.00 sys=0.00, real=0.00 secs] 
6.311: [GC (Allocation Failure) 6.311: [DefNew: 930K->37K(960K), 0.0016892 secs] 32561K->31697K(524224K), 0.0018032 secs] [Times: user=0.00 sys=0.00, real=0.00 secs] 
6.328: [GC (Allocation Failure) 6.328: [DefNew: 933K->27K(960K), 0.0015080 secs] 32595K->31722K(524224K), 0.0016264 secs] [Times: user=0.03 sys=0.00, real=0.00 secs] 
6.345: [GC (Allocation Failure) 6.345: [DefNew: 923K->59K(960K), 0.0018676 secs] 32618K->31787K(524224K), 0.0020148 secs] [Times: user=0.00 sys=0.00, real=0.00 secs] 
6.362: [GC (Allocation Failure) 6.362: [DefNew: 955K->49K(960K), 0.0018865 secs] 32701K->31842K(524224K), 0.0020212 secs] [Times: user=0.00 sys=0.00, real=0.00 secs] 
6.374: [GC (Allocation Failure) 6.374: [DefNew: 945K->17K(960K), 0.0014310 secs] 32748K->31867K(524224K), 0.0015368 secs] [Times: user=0.00 sys=0.00, real=0.00 secs] 
6.387: [GC (Allocation Failure) 6.387: [DefNew: 913K->35K(960K), 0.0022489 secs] 32763K->31900K(524224K), 0.0024874 secs] [Times: user=0.00 sys=0.00, real=0.00 secs] 
6.410: [GC (Allocation Failure) 6.410: [DefNew: 931K->63K(960K), 0.0021550 secs] 32800K->31992K(524224K), 0.0022852 secs] [Times: user=0.00 sys=0.00, real=0.00 secs] 
6.434: [GC (Allocation Failure) 6.434: [DefNew: 959K->64K(960K), 0.0016603 secs] 32903K->32088K(524224K), 0.0017673 secs] [Times: user=0.00 sys=0.00, real=0.00 secs] 
6.451: [GC (Allocation Failure) 6.451: [DefNew: 960K->35K(960K), 0.0024313 secs] 32985K->32116K(524224K), 0.0025912 secs] [Times: user=0.00 sys=0.00, real=0.00 secs] 
6.474: [GC (Allocation Failure) 6.474: [DefNew: 931K->33K(960K), 0.0018763 secs] 33013K->32151K(524224K), 0.0020208 secs] [Times: user=0.00 sys=0.00, real=0.00 secs] 
6.494: [GC (Allocation Failure) 6.494: [DefNew: 929K->63K(960K), 0.0018013 secs] 33049K->32231K(524224K), 0.0019225 secs] [Times: user=0.00 sys=0.00, real=0.00 secs] 
6.512: [GC (Allocation Failure) 6.512: [DefNew: 959K->60K(960K), 0.0018988 secs] 33131K->32256K(524224K), 0.0020144 secs] [Times: user=0.00 sys=0.00, real=0.00 secs] 
6.532: [GC (Allocation Failure) 6.532: [DefNew: 956K->63K(960K), 0.0020054 secs] 33153K->32291K(524224K), 0.0021550 secs] [Times: user=0.00 sys=0.00, real=0.00 secs] 
6.547: [GC (Allocation Failure) 6.547: [DefNew: 959K->8K(960K), 0.0012968 secs] 33195K->32284K(524224K), 0.0013966 secs] [Times: user=0.00 sys=0.00, real=0.00 secs] 
6.572: [GC (Allocation Failure) 6.572: [DefNew: 904K->52K(960K), 0.0028044 secs] 33192K->32348K(524224K), 0.0029398 secs] [Times: user=0.00 sys=0.00, real=0.00 secs] 
6.593: [GC (Allocation Failure) 6.593: [DefNew: 948K->64K(960K), 0.0021427 secs] 33246K->32451K(524224K), 0.0022699 secs] [Times: user=0.03 sys=0.00, real=0.00 secs] 
6.607: [GC (Allocation Failure) 6.607: [DefNew: 960K->63K(960K), 0.0015226 secs] 33360K->32516K(524224K), 0.0016351 secs] [Times: user=0.00 sys=0.00, real=0.00 secs] 
6.623: [GC (Allocation Failure) 6.623: [DefNew: 959K->62K(960K), 0.0022296 secs] 33412K->32578K(524224K), 0.0023626 secs] [Times: user=0.00 sys=0.00, real=0.00 secs] 
6.640: [GC (Allocation Failure) 6.640: [DefNew: 958K->59K(960K), 0.0018404 secs] 33518K->32679K(524224K), 0.0019813 secs] [Times: user=0.03 sys=0.00, real=0.00 secs] 
6.659: [GC (Allocation Failure) 6.659: [DefNew: 955K->63K(960K), 0.0021984 secs] 33579K->32723K(524224K), 0.0023227 secs] [Times: user=0.00 sys=0.00, real=0.00 secs] 
6.679: [GC (Allocation Failure) 6.679: [DefNew: 959K->63K(960K), 0.0015032 secs] 33619K->32775K(524224K), 0.0016055 secs] [Times: user=0.00 sys=0.00, real=0.00 secs] 
6.702: [GC (Allocation Failure) 6.702: [DefNew: 959K->63K(960K), 0.0022296 secs] 33673K->32831K(524224K), 0.0023614 secs] [Times: user=0.00 sys=0.00, real=0.00 secs] 
6.717: [GC (Allocation Failure) 6.717: [DefNew: 959K->63K(960K), 0.0015834 secs] 33727K->32910K(524224K), 0.0016868 secs] [Times: user=0.00 sys=0.00, real=0.00 secs] 
6.740: [GC (Allocation Failure) 6.740: [DefNew: 959K->63K(960K), 0.0014349 secs] 33807K->32926K(524224K), 0.0015340 secs] [Times: user=0.00 sys=0.00, real=0.00 secs] 
6.751: [GC (Allocation Failure) 6.752: [DefNew: 959K->49K(960K), 0.0017263 secs] 33822K->32985K(524224K), 0.0018329 secs] [Times: user=0.00 sys=0.00, real=0.00 secs] 
6.763: [GC (Allocation Failure) 6.763: [DefNew: 945K->23K(960K), 0.0013643 secs] 33882K->32997K(524224K), 0.0014547 secs] [Times: user=0.00 sys=0.00, real=0.00 secs] 
6.778: [GC (Allocation Failure) 6.778: [DefNew: 919K->51K(960K), 0.0013339 secs] 33897K->33052K(524224K), 0.0014306 secs] [Times: user=0.00 sys=0.00, real=0.00 secs] 
6.794: [GC (Allocation Failure) 6.794: [DefNew: 947K->21K(960K), 0.0013836 secs] 33949K->33046K(524224K), 0.0014768 secs] [Times: user=0.00 sys=0.00, real=0.00 secs] 
6.808: [GC (Allocation Failure) 6.808: [DefNew: 917K->63K(960K), 0.0013457 secs] 33951K->33135K(524224K), 0.0014365 secs] [Times: user=0.00 sys=0.00, real=0.00 secs] 
6.818: [GC (Allocation Failure) 6.818: [DefNew: 959K->25K(960K), 0.0016525 secs] 34035K->33142K(524224K), 0.0017409 secs] [Times: user=0.00 sys=0.00, real=0.00 secs] 
6.832: [GC (Allocation Failure) 6.832: [DefNew: 921K->41K(960K), 0.0014713 secs] 34048K->33192K(524224K), 0.0015715 secs] [Times: user=0.00 sys=0.00, real=0.00 secs] 
6.841: [GC (Allocation Failure) 6.841: [DefNew: 937K->28K(960K), 0.0012747 secs] 34089K->33208K(524224K), 0.0013607 secs] [Times: user=0.00 sys=0.00, real=0.00 secs] 
6.852: [GC (Allocation Failure) 6.852: [DefNew: 924K->29K(960K), 0.0013359 secs] 34105K->33238K(524224K), 0.0014310 secs] [Times: user=0.00 sys=0.00, real=0.00 secs] 
6.865: [GC (Allocation Failure) 6.865: [DefNew: 925K->35K(960K), 0.0013911 secs] 34134K->33263K(524224K), 0.0014792 secs] [Times: user=0.00 sys=0.00, real=0.00 secs] 
6.888: [GC (Allocation Failure) 6.888: [DefNew: 931K->64K(960K), 0.0030459 secs] 34162K->33354K(524224K), 0.0031884 secs] [Times: user=0.00 sys=0.00, real=0.00 secs] 
6.905: [GC (Allocation Failure) 6.905: [DefNew: 960K->63K(960K), 0.0030684 secs] 34256K->33426K(524224K), 0.0032011 secs] [Times: user=0.03 sys=0.00, real=0.00 secs] 
6.927: [GC (Allocation Failure) 6.927: [DefNew: 959K->40K(960K), 0.0022031 secs] 34349K->33493K(524224K), 0.0023255 secs] [Times: user=0.00 sys=0.00, real=0.00 secs] 
6.947: [GC (Allocation Failure) 6.947: [DefNew: 936K->47K(960K), 0.0019011 secs] 34410K->33542K(524224K), 0.0020243 secs] [Times: user=0.00 sys=0.00, real=0.00 secs] 
6.971: [GC (Allocation Failure) 6.971: [DefNew: 943K->32K(960K), 0.0016540 secs] 34441K->33551K(524224K), 0.0017626 secs] [Times: user=0.00 sys=0.00, real=0.00 secs] 
6.981: [GC (Allocation Failure) 6.981: [DefNew: 928K->51K(960K), 0.0014456 secs] 34448K->33594K(524224K), 0.0015407 secs] [Times: user=0.00 sys=0.00, real=0.00 secs] 
6.994: [GC (Allocation Failure) 6.994: [DefNew: 947K->38K(960K), 0.0019533 secs] 34492K->33623K(524224K), 0.0020835 secs] [Times: user=0.00 sys=0.00, real=0.00 secs] 
7.009: [GC (Allocation Failure) 7.009: [DefNew: 934K->24K(960K), 0.0015005 secs] 34521K->33648K(524224K), 0.0015952 secs] [Times: user=0.00 sys=0.00, real=0.00 secs] 
7.021: [GC (Allocation Failure) 7.021: [DefNew: 920K->35K(960K), 0.0026524 secs] 34544K->33677K(524224K), 0.0027724 secs] [Times: user=0.00 sys=0.00, real=0.00 secs] 
7.035: [GC (Allocation Failure) 7.035: [DefNew: 931K->27K(960K), 0.0015064 secs] 34581K->33705K(524224K), 0.0016007 secs] [Times: user=0.00 sys=0.00, real=0.00 secs] 
7.051: [GC (Allocation Failure) 7.051: [DefNew: 923K->23K(960K), 0.0015502 secs] 34601K->33720K(524224K), 0.0016568 secs] [Times: user=0.00 sys=0.00, real=0.00 secs] 
7.065: [GC (Allocation Failure) 7.065: [DefNew: 919K->48K(960K), 0.0019580 secs] 34619K->33770K(524224K), 0.0020594 secs] [Times: user=0.00 sys=0.00, real=0.00 secs] 
7.078: [GC (Allocation Failure) 7.078: [DefNew: 944K->63K(960K), 0.0021506 secs] 34675K->33828K(524224K), 0.0022541 secs] [Times: user=0.01 sys=0.00, real=0.00 secs] 
7.098: [GC (Allocation Failure) 7.098: [DefNew: 959K->63K(960K), 0.0018700 secs] 34725K->33881K(524224K), 0.0019730 secs] [Times: user=0.00 sys=0.00, real=0.00 secs] 
7.108: [GC (Allocation Failure) 7.108: [DefNew: 959K->23K(960K), 0.0018293 secs] 34777K->33885K(524224K), 0.0019292 secs] [Times: user=0.00 sys=0.00, real=0.00 secs] 
7.119: [GC (Allocation Failure) 7.119: [DefNew: 919K->27K(960K), 0.0016315 secs] 34792K->33922K(524224K), 0.0017527 secs] [Times: user=0.00 sys=0.00, real=0.00 secs] 
7.135: [GC (Allocation Failure) 7.135: [DefNew: 923K->22K(960K), 0.0013651 secs] 34826K->33952K(524224K), 0.0014665 secs] [Times: user=0.00 sys=0.00, real=0.00 secs] 
7.150: [GC (Allocation Failure) 7.150: [DefNew: 918K->52K(960K), 0.0014361 secs] 34849K->34003K(524224K), 0.0015297 secs] [Times: user=0.00 sys=0.00, real=0.00 secs] 
7.162: [GC (Allocation Failure) 7.162: [DefNew: 948K->64K(960K), 0.0017586 secs] 34901K->34090K(524224K), 0.0018731 secs] [Times: user=0.00 sys=0.00, real=0.00 secs] 
7.173: [GC (Allocation Failure) 7.173: [DefNew: 960K->23K(960K), 0.0017022 secs] 34988K->34114K(524224K), 0.0018269 secs] [Times: user=0.00 sys=0.00, real=0.00 secs] 
7.184: [GC (Allocation Failure) 7.184: [DefNew: 919K->64K(960K), 0.0026204 secs] 35057K->34396K(524224K), 0.0027582 secs] [Times: user=0.00 sys=0.00, real=0.00 secs] 
7.211: [GC (Allocation Failure) 7.211: [DefNew: 960K->34K(960K), 0.0015806 secs] 35315K->34447K(524224K), 0.0016698 secs] [Times: user=0.00 sys=0.00, real=0.00 secs] 
7.223: [GC (Allocation Failure) 7.223: [DefNew: 930K->5K(960K), 0.0015048 secs] 35343K->34435K(524224K), 0.0016082 secs] [Times: user=0.00 sys=0.00, real=0.00 secs] 
7.245: [GC (Allocation Failure) 7.246: [DefNew: 901K->64K(960K), 0.0024325 secs] 35331K->34586K(524224K), 0.0025482 secs] [Times: user=0.00 sys=0.00, real=0.00 secs] 
7.259: [GC (Allocation Failure) 7.260: [DefNew: 960K->64K(960K), 0.0019880 secs] 35483K->34749K(524224K), 0.0021060 secs] [Times: user=0.00 sys=0.00, real=0.00 secs] 
7.271: [GC (Allocation Failure) 7.271: [DefNew: 960K->36K(960K), 0.0031431 secs] 35659K->34800K(524224K), 0.0032717 secs] [Times: user=0.00 sys=0.00, real=0.00 secs] 
7.281: [GC (Allocation Failure) 7.281: [DefNew: 932K->14K(960K), 0.0018861 secs] 35701K->34819K(524224K), 0.0020208 secs] [Times: user=0.03 sys=0.00, real=0.00 secs] 
7.309: [GC (Allocation Failure) 7.309: [DefNew: 910K->63K(960K), 0.0024360 secs] 35716K->34944K(524224K), 0.0025718 secs] [Times: user=0.00 sys=0.00, real=0.00 secs] 
7.342: [GC (Allocation Failure) 7.342: [DefNew: 959K->63K(960K), 0.0018597 secs] 35840K->35064K(524224K), 0.0019833 secs] [Times: user=0.00 sys=0.00, real=0.00 secs] 
7.378: [GC (Allocation Failure) 7.378: [DefNew: 959K->63K(960K), 0.0021822 secs] 35960K->35318K(524224K), 0.0022987 secs] [Times: user=0.00 sys=0.00, real=0.00 secs] 
7.403: [GC (Allocation Failure) 7.403: [DefNew: 959K->63K(960K), 0.0026978 secs] 36214K->35440K(524224K), 0.0028367 secs] [Times: user=0.00 sys=0.00, real=0.00 secs] 
7.436: [GC (Allocation Failure) 7.437: [DefNew: 959K->63K(960K), 0.0026445 secs] 36336K->35664K(524224K), 0.0027925 secs] [Times: user=0.02 sys=0.00, real=0.00 secs] 
7.481: [GC (Allocation Failure) 7.482: [DefNew: 959K->63K(960K), 0.0023374 secs] 36560K->35789K(524224K), 0.0024834 secs] [Times: user=0.00 sys=0.00, real=0.00 secs] 
7.502: [GC (Allocation Failure) 7.502: [DefNew: 959K->64K(960K), 0.0023847 secs] 36685K->35866K(524224K), 0.0025284 secs] [Times: user=0.00 sys=0.00, real=0.00 secs] 
7.516: [GC (Allocation Failure) 7.516: [DefNew: 960K->64K(960K), 0.0024487 secs] 36763K->35939K(524224K), 0.0026011 secs] [Times: user=0.05 sys=0.00, real=0.00 secs] 
7.543: [GC (Allocation Failure) 7.543: [DefNew: 960K->64K(960K), 0.0019071 secs] 36836K->36037K(524224K), 0.0020188 secs] [Times: user=0.00 sys=0.00, real=0.00 secs] 
7.564: [GC (Allocation Failure) 7.564: [DefNew: 960K->63K(960K), 0.0039570 secs] 36958K->36196K(524224K), 0.0040920 secs] [Times: user=0.00 sys=0.00, real=0.00 secs] 
7.586: [GC (Allocation Failure) 7.586: [DefNew: 959K->63K(960K), 0.0031833 secs] 37092K->36334K(524224K), 0.0033321 secs] [Times: user=0.00 sys=0.00, real=0.00 secs] 
7.592: [GC (Allocation Failure) 7.592: [DefNew: 959K->64K(960K), 0.0025711 secs] 37246K->36599K(524224K), 0.0027057 secs] [Times: user=0.05 sys=0.00, real=0.00 secs] 
7.596: [GC (Allocation Failure) 7.596: [DefNew: 960K->64K(960K), 0.0028190 secs] 37527K->36914K(524224K), 0.0029473 secs] [Times: user=0.00 sys=0.00, real=0.00 secs] 
7.601: [GC (Allocation Failure) 7.601: [DefNew: 960K->64K(960K), 0.0034454 secs] 37810K->37175K(524224K), 0.0037127 secs] [Times: user=0.00 sys=0.00, real=0.00 secs] 
7.622: [GC (Allocation Failure) 7.622: [DefNew: 960K->64K(960K), 0.0031099 secs] 38277K->37606K(524224K), 0.0032548 secs] [Times: user=0.00 sys=0.00, real=0.00 secs] 
7.682: [GC (Allocation Failure) 7.683: [DefNew: 960K->21K(960K), 0.0022102 secs] 38504K->37628K(524224K), 0.0023658 secs] [Times: user=0.00 sys=0.00, real=0.00 secs] 
7.701: [GC (Allocation Failure) 7.702: [DefNew: 917K->5K(960K), 0.0018640 secs] 38524K->37634K(524224K), 0.0020133 secs] [Times: user=0.00 sys=0.00, real=0.00 secs] 
7.712: [GC (Allocation Failure) 7.712: [DefNew: 901K->6K(960K), 0.0018234 secs] 38531K->37641K(524224K), 0.0019671 secs] [Times: user=0.00 sys=0.00, real=0.00 secs] 
7.731: [GC (Allocation Failure) 7.731: [DefNew: 902K->21K(960K), 0.0025367 secs] 38537K->37662K(524224K), 0.0027045 secs] [Times: user=0.00 sys=0.00, real=0.00 secs] 
7.766: [GC (Allocation Failure) 7.766: [DefNew: 917K->32K(960K), 0.0025892 secs] 38558K->37695K(524224K), 0.0027428 secs] [Times: user=0.03 sys=0.00, real=0.00 secs] 
7.793: [GC (Allocation Failure) 7.793: [DefNew: 928K->30K(960K), 0.0020721 secs] 38599K->37728K(524224K), 0.0022114 secs] [Times: user=0.00 sys=0.00, real=0.00 secs] 
7.827: [GC (Allocation Failure) 7.827: [DefNew: 926K->21K(960K), 0.0022359 secs] 38624K->37737K(524224K), 0.0023689 secs] [Times: user=0.03 sys=0.00, real=0.00 secs] 
7.854: [GC (Allocation Failure) 7.854: [DefNew: 917K->22K(960K), 0.0026476 secs] 38649K->37768K(524224K), 0.0027870 secs] [Times: user=0.00 sys=0.00, real=0.00 secs] 
7.887: [GC (Allocation Failure) 7.887: [DefNew: 918K->48K(960K), 0.0031367 secs] 38665K->37818K(524224K), 0.0032781 secs] [Times: user=0.00 sys=0.00, real=0.00 secs] 
7.911: [GC (Allocation Failure) 7.911: [DefNew: 944K->37K(960K), 0.0031423 secs] 38719K->37853K(524224K), 0.0032895 secs] [Times: user=0.00 sys=0.00, real=0.00 secs] 
7.933: [GC (Allocation Failure) 7.933: [DefNew: 933K->24K(960K), 0.0019106 secs] 38750K->37864K(524224K), 0.0020152 secs] [Times: user=0.00 sys=0.00, real=0.00 secs] 
7.951: [GC (Allocation Failure) 7.952: [DefNew: 920K->39K(960K), 0.0027949 secs] 38764K->37902K(524224K), 0.0029366 secs] [Times: user=0.03 sys=0.00, real=0.00 secs] 
7.977: [GC (Allocation Failure) 7.977: [DefNew: 935K->63K(960K), 0.0025888 secs] 38805K->37962K(524224K), 0.0027282 secs] [Times: user=0.00 sys=0.00, real=0.00 secs] 
7.990: [GC (Allocation Failure) 7.990: [DefNew: 959K->64K(960K), 0.0019663 secs] 38860K->38018K(524224K), 0.0021076 secs] [Times: user=0.00 sys=0.00, real=0.00 secs] 
8.000: [GC (Allocation Failure) 8.000: [DefNew: 960K->45K(960K), 0.0023705 secs] 38928K->38034K(524224K), 0.0025257 secs] [Times: user=0.05 sys=0.00, real=0.00 secs] 
8.033: [GC (Allocation Failure) 8.033: [DefNew: 941K->50K(960K), 0.0025703 secs] 58297K->57505K(524224K), 0.0026966 secs] [Times: user=0.00 sys=0.00, real=0.00 secs] 
8.049: [GC (Allocation Failure) 8.049: [DefNew: 946K->57K(960K), 0.0021191 secs] 58604K->57791K(524224K), 0.0022446 secs] [Times: user=0.00 sys=0.00, real=0.00 secs] 
8.084: [GC (Allocation Failure) 8.084: [DefNew: 953K->63K(960K), 0.0024329 secs] 58687K->57835K(524224K), 0.0025714 secs] [Times: user=0.00 sys=0.00, real=0.00 secs] 
8.109: [GC (Allocation Failure) 8.109: [DefNew: 959K->64K(960K), 0.0019308 secs] 58731K->57902K(524224K), 0.0020559 secs] [Times: user=0.05 sys=0.00, real=0.00 secs] 
8.142: [GC (Allocation Failure) 8.142: [DefNew: 960K->63K(960K), 0.0028099 secs] 58798K->58002K(524224K), 0.0029465 secs] [Times: user=0.00 sys=0.00, real=0.00 secs] 
8.172: [GC (Allocation Failure) 8.172: [DefNew: 959K->63K(960K), 0.0036444 secs] 58937K->58284K(524224K), 0.0037770 secs] [Times: user=0.05 sys=0.00, real=0.00 secs] 
8.184: [GC (Allocation Failure) 8.184: [DefNew: 959K->64K(960K), 0.0018554 secs] 59219K->58386K(524224K), 0.0019702 secs] [Times: user=0.00 sys=0.00, real=0.00 secs] 
8.210: [GC (Allocation Failure) 8.210: [DefNew: 960K->57K(960K), 0.0016809 secs] 59430K->58602K(524224K), 0.0017839 secs] [Times: user=0.00 sys=0.00, real=0.00 secs] 
8.233: [GC (Allocation Failure) 8.233: [DefNew: 953K->64K(960K), 0.0020551 secs] 59500K->58670K(524224K), 0.0021956 secs] [Times: user=0.00 sys=0.00, real=0.00 secs] 
8.259: [GC (Allocation Failure) 8.260: [DefNew: 960K->64K(960K), 0.0023338 secs] 59569K->58756K(524224K), 0.0024353 secs] [Times: user=0.00 sys=0.00, real=0.00 secs] 
8.296: [GC (Allocation Failure) 8.296: [DefNew: 960K->64K(960K), 0.0026042 secs] 60171K->59696K(524224K), 0.0027301 secs] [Times: user=0.03 sys=0.00, real=0.00 secs] 
8.336: [GC (Allocation Failure) 8.336: [DefNew: 960K->64K(960K), 0.0030345 secs] 60795K->60027K(524224K), 0.0031604 secs] [Times: user=0.00 sys=0.00, real=0.00 secs] 
8.362: [GC (Allocation Failure) 8.362: [DefNew: 960K->63K(960K), 0.0021731 secs] 60933K->60086K(524224K), 0.0023093 secs] [Times: user=0.00 sys=0.00, real=0.00 secs] 
8.524: [GC (Allocation Failure) 8.524: [DefNew: 959K->64K(960K), 0.0046396 secs] 61126K->60424K(524224K), 0.0047718 secs] [Times: user=0.00 sys=0.00, real=0.00 secs] 
8.585: [GC (Allocation Failure) 8.585: [DefNew: 960K->63K(960K), 0.0026840 secs] 61551K->60909K(524224K), 0.0027992 secs] [Times: user=0.00 sys=0.00, real=0.00 secs] 
8.626: [GC (Allocation Failure) 8.626: [DefNew: 959K->64K(960K), 0.0028770 secs] 61971K->61294K(524224K), 0.0029986 secs] [Times: user=0.02 sys=0.00, real=0.00 secs] 
8.638: [GC (Allocation Failure) 8.638: [DefNew: 960K->35K(960K), 0.0029216 secs] 62191K->61330K(524224K), 0.0030633 secs] [Times: user=0.00 sys=0.00, real=0.00 secs] 
8.656: [GC (Allocation Failure) 8.656: [DefNew: 931K->47K(960K), 0.0022624 secs] 62226K->61378K(524224K), 0.0023650 secs] [Times: user=0.02 sys=0.00, real=0.00 secs] 
8.671: [GC (Allocation Failure) 8.671: [DefNew: 943K->48K(960K), 0.0026464 secs] 62282K->61411K(524224K), 0.0027743 secs] [Times: user=0.03 sys=0.00, real=0.00 secs] 
8.686: [GC (Allocation Failure) 8.686: [DefNew: 944K->63K(960K), 0.0016876 secs] 62309K->61476K(524224K), 0.0017855 secs] [Times: user=0.00 sys=0.00, real=0.00 secs] 
8.697: [GC (Allocation Failure) 8.697: [DefNew: 959K->64K(960K), 0.0024503 secs] 62390K->61551K(524224K), 0.0025707 secs] [Times: user=0.00 sys=0.00, real=0.00 secs] 
8.716: [GC (Allocation Failure) 8.716: [DefNew: 960K->3K(960K), 0.0016426 secs] 62453K->61560K(524224K), 0.0017350 secs] [Times: user=0.00 sys=0.00, real=0.00 secs] 
8.732: [GC (Allocation Failure) 8.732: [DefNew: 899K->58K(960K), 0.0016363 secs] 62456K->61671K(524224K), 0.0017452 secs] [Times: user=0.00 sys=0.00, real=0.00 secs] 
8.749: [GC (Allocation Failure) 8.749: [DefNew: 954K->63K(960K), 0.0021005 secs] 62567K->61753K(524224K), 0.0021937 secs] [Times: user=0.03 sys=0.00, real=0.00 secs] 
8.773: [GC (Allocation Failure) 8.773: [DefNew: 959K->63K(960K), 0.0024447 secs] 62649K->61786K(524224K), 0.0025778 secs] [Times: user=0.00 sys=0.00, real=0.00 secs] 
8.793: [GC (Allocation Failure) 8.793: [DefNew: 959K->64K(960K), 0.0020283 secs] 62682K->61879K(524224K), 0.0021423 secs] [Times: user=0.00 sys=0.00, real=0.00 secs] 
8.809: [GC (Allocation Failure) 8.809: [DefNew: 960K->63K(960K), 0.0018530 secs] 62777K->61955K(524224K), 0.0019698 secs] [Times: user=0.00 sys=0.00, real=0.00 secs] 
8.833: [GC (Allocation Failure) 8.833: [DefNew: 959K->56K(960K), 0.0024735 secs] 62852K->61967K(524224K), 0.0026164 secs] [Times: user=0.00 sys=0.00, real=0.00 secs] 
8.849: [GC (Allocation Failure) 8.849: [DefNew: 952K->63K(960K), 0.0017882 secs] 62874K->62000K(524224K), 0.0018881 secs] [Times: user=0.00 sys=0.00, real=0.00 secs] 
8.870: [GC (Allocation Failure) 8.870: [DefNew: 959K->63K(960K), 0.0024676 secs] 62949K->62115K(524224K), 0.0025841 secs] [Times: user=0.00 sys=0.00, real=0.00 secs] 
8.885: [GC (Allocation Failure) 8.885: [DefNew: 959K->64K(960K), 0.0016548 secs] 63012K->62166K(524224K), 0.0017472 secs] [Times: user=0.00 sys=0.00, real=0.00 secs] 
8.899: [GC (Allocation Failure) 8.899: [DefNew: 960K->63K(960K), 0.0018104 secs] 63072K->62215K(524224K), 0.0019075 secs] [Times: user=0.00 sys=0.00, real=0.00 secs] 
8.911: [GC (Allocation Failure) 8.911: [DefNew: 959K->51K(960K), 0.0023212 secs] 63117K->62218K(524224K), 0.0024522 secs] [Times: user=0.00 sys=0.00, real=0.00 secs] 
8.925: [GC (Allocation Failure) 8.925: [DefNew: 947K->63K(960K), 0.0022643 secs] 63120K->62285K(524224K), 0.0023981 secs] [Times: user=0.00 sys=0.00, real=0.00 secs] 
8.938: [GC (Allocation Failure) 8.938: [DefNew: 959K->63K(960K), 0.0026918 secs] 63185K->62311K(524224K), 0.0028020 secs] [Times: user=0.01 sys=0.00, real=0.00 secs] 
8.950: [GC (Allocation Failure) 8.950: [DefNew: 959K->52K(960K), 0.0017211 secs] 63242K->62347K(524224K), 0.0018171 secs] [Times: user=0.00 sys=0.00, real=0.00 secs] 
8.963: [GC (Allocation Failure) 8.963: [DefNew: 948K->57K(960K), 0.0017993 secs] 63248K->62370K(524224K), 0.0019059 secs] [Times: user=0.00 sys=0.00, real=0.00 secs] 
8.975: [GC (Allocation Failure) 8.975: [DefNew: 953K->42K(960K), 0.0017381 secs] 63272K->62374K(524224K), 0.0018569 secs] [Times: user=0.00 sys=0.00, real=0.00 secs] 
8.988: [GC (Allocation Failure) 8.988: [DefNew: 938K->41K(960K), 0.0025185 secs] 63281K->62395K(524224K), 0.0026532 secs] [Times: user=0.00 sys=0.00, real=0.00 secs] 
9.001: [GC (Allocation Failure) 9.001: [DefNew: 937K->63K(960K), 0.0021459 secs] 63295K->62436K(524224K), 0.0022466 secs] [Times: user=0.02 sys=0.00, real=0.00 secs] 
9.014: [GC (Allocation Failure) 9.014: [DefNew: 959K->60K(960K), 0.0018443 secs] 63337K->62470K(524224K), 0.0019383 secs] [Times: user=0.00 sys=0.00, real=0.00 secs] 
9.027: [GC (Allocation Failure) 9.027: [DefNew: 956K->63K(960K), 0.0017886 secs] 63374K->62500K(524224K), 0.0018850 secs] [Times: user=0.00 sys=0.00, real=0.00 secs] 
9.041: [GC (Allocation Failure) 9.041: [DefNew: 959K->61K(960K), 0.0018076 secs] 63400K->62539K(524224K), 0.0019090 secs] [Times: user=0.00 sys=0.00, real=0.00 secs] 
9.054: [GC (Allocation Failure) 9.054: [DefNew: 957K->54K(960K), 0.0019840 secs] 63441K->62552K(524224K), 0.0020835 secs] [Times: user=0.00 sys=0.00, real=0.00 secs] 
9.068: [GC (Allocation Failure) 9.068: [DefNew: 950K->48K(960K), 0.0019923 secs] 63452K->62563K(524224K), 0.0021013 secs] [Times: user=0.00 sys=0.00, real=0.00 secs] 
9.079: [GC (Allocation Failure) 9.079: [DefNew: 944K->57K(960K), 0.0020713 secs] 63459K->62585K(524224K), 0.0021921 secs] [Times: user=0.00 sys=0.00, real=0.00 secs] 
9.094: [GC (Allocation Failure) 9.094: [DefNew: 953K->57K(960K), 0.0016951 secs] 63483K->62597K(524224K), 0.0017985 secs] [Times: user=0.02 sys=0.00, real=0.00 secs] 
9.107: [GC (Allocation Failure) 9.107: [DefNew: 953K->63K(960K), 0.0020934 secs] 63493K->62622K(524224K), 0.0021873 secs] [Times: user=0.00 sys=0.00, real=0.00 secs] 
9.119: [GC (Allocation Failure) 9.120: [DefNew: 959K->61K(960K), 0.0018139 secs] 63519K->62637K(524224K), 0.0019173 secs] [Times: user=0.00 sys=0.00, real=0.00 secs] 
9.133: [GC (Allocation Failure) 9.133: [DefNew: 957K->63K(960K), 0.0018944 secs] 63533K->62695K(524224K), 0.0019880 secs] [Times: user=0.00 sys=0.00, real=0.00 secs] 
9.147: [GC (Allocation Failure) 9.147: [DefNew: 959K->63K(960K), 0.0017847 secs] 63591K->62766K(524224K), 0.0018775 secs] [Times: user=0.00 sys=0.00, real=0.00 secs] 
9.162: [GC (Allocation Failure) 9.162: [DefNew: 959K->63K(960K), 0.0016710 secs] 63662K->62815K(524224K), 0.0017657 secs] [Times: user=0.00 sys=0.00, real=0.00 secs] 
9.178: [GC (Allocation Failure) 9.178: [DefNew: 959K->62K(960K), 0.0020417 secs] 63713K->62833K(524224K), 0.0021514 secs] [Times: user=0.00 sys=0.00, real=0.00 secs] 
9.190: [GC (Allocation Failure) 9.191: [DefNew: 958K->60K(960K), 0.0018790 secs] 63732K->62859K(524224K), 0.0019762 secs] [Times: user=0.00 sys=0.00, real=0.00 secs] 
9.207: [GC (Allocation Failure) 9.207: [DefNew: 956K->63K(960K), 0.0017393 secs] 63761K->62888K(524224K), 0.0018400 secs] [Times: user=0.00 sys=0.00, real=0.00 secs] 
9.220: [GC (Allocation Failure) 9.220: [DefNew: 959K->63K(960K), 0.0024191 secs] 63789K->62922K(524224K), 0.0025205 secs] [Times: user=0.00 sys=0.00, real=0.00 secs] 
9.234: [GC (Allocation Failure) 9.234: [DefNew: 959K->63K(960K), 0.0019560 secs] 63819K->62942K(524224K), 0.0020741 secs] [Times: user=0.02 sys=0.00, real=0.00 secs] 
9.251: [GC (Allocation Failure) 9.251: [DefNew: 959K->63K(960K), 0.0019035 secs] 63838K->62959K(524224K), 0.0020109 secs] [Times: user=0.02 sys=0.00, real=0.00 secs] 
9.264: [GC (Allocation Failure) 9.264: [DefNew: 959K->63K(960K), 0.0019560 secs] 63858K->62978K(524224K), 0.0020543 secs] [Times: user=0.00 sys=0.00, real=0.00 secs] 
9.277: [GC (Allocation Failure) 9.277: [DefNew: 959K->63K(960K), 0.0017957 secs] 63875K->63000K(524224K), 0.0018858 secs] [Times: user=0.00 sys=0.00, real=0.00 secs] 
9.293: [GC (Allocation Failure) 9.293: [DefNew: 959K->63K(960K), 0.0016911 secs] 63896K->63028K(524224K), 0.0017835 secs] [Times: user=0.00 sys=0.00, real=0.00 secs] 
9.312: [GC (Allocation Failure) 9.312: [DefNew: 959K->63K(960K), 0.0020492 secs] 63955K->63084K(524224K), 0.0021621 secs] [Times: user=0.00 sys=0.00, real=0.00 secs] 
9.337: [GC (Allocation Failure) 9.337: [DefNew: 959K->54K(960K), 0.0026401 secs] 63994K->63103K(524224K), 0.0027463 secs] [Times: user=0.00 sys=0.00, real=0.00 secs] 
9.358: [GC (Allocation Failure) 9.358: [DefNew: 950K->63K(960K), 0.0026508 secs] 64001K->63134K(524224K), 0.0027507 secs] [Times: user=0.02 sys=0.00, real=0.00 secs] 
9.376: [GC (Allocation Failure) 9.376: [DefNew: 959K->63K(960K), 0.0024980 secs] 64030K->63149K(524224K), 0.0026212 secs] [Times: user=0.00 sys=0.00, real=0.00 secs] 
9.391: [GC (Allocation Failure) 9.391: [DefNew: 959K->63K(960K), 0.0019679 secs] 64049K->63177K(524224K), 0.0020693 secs] [Times: user=0.03 sys=0.00, real=0.00 secs] 
9.417: [GC (Allocation Failure) 9.417: [DefNew: 959K->63K(960K), 0.0021498 secs] 64080K->63266K(524224K), 0.0022604 secs] [Times: user=0.00 sys=0.00, real=0.00 secs] 
9.444: [GC (Allocation Failure) 9.444: [DefNew: 959K->63K(960K), 0.0020618 secs] 64163K->63373K(524224K), 0.0021633 secs] [Times: user=0.00 sys=0.00, real=0.00 secs] 
9.466: [Full GC (Metadata GC Threshold) 9.466: [Tenured: 63491K->41948K(523264K), 0.0774935 secs] 64451K->41948K(524224K), [Metaspace: 34841K->34841K(1081344K)], 0.0776285 secs] [Times: user=0.16 sys=0.00, real=0.08 secs] 
9.565: [GC (Allocation Failure) 9.565: [DefNew: 896K->61K(960K), 0.0018182 secs] 42904K->42081K(524224K), 0.0019300 secs] [Times: user=0.00 sys=0.00, real=0.00 secs] 
9.771: [GC (Allocation Failure) 9.772: [DefNew: 957K->63K(960K), 0.0023508 secs] 42977K->42128K(524224K), 0.0024759 secs] [Times: user=0.00 sys=0.00, real=0.00 secs] 
9.791: [GC (Allocation Failure) 9.791: [DefNew: 959K->49K(960K), 0.0015431 secs] 43051K->42158K(524224K), 0.0016611 secs] [Times: user=0.00 sys=0.00, real=0.00 secs] 
9.803: [GC (Allocation Failure) 9.804: [DefNew: 945K->63K(960K), 0.0017827 secs] 43055K->42227K(524224K), 0.0018834 secs] [Times: user=0.00 sys=0.00, real=0.00 secs] 
9.814: [GC (Allocation Failure) 9.814: [DefNew: 959K->62K(960K), 0.0013891 secs] 43141K->42274K(524224K), 0.0014795 secs] [Times: user=0.00 sys=0.00, real=0.00 secs] 
9.833: [GC (Allocation Failure) 9.833: [DefNew: 958K->60K(960K), 0.0019623 secs] 43217K->42364K(524224K), 0.0021001 secs] [Times: user=0.00 sys=0.00, real=0.00 secs] 
9.850: [GC (Allocation Failure) 9.851: [DefNew: 956K->63K(960K), 0.0022063 secs] 43268K->42406K(524224K), 0.0023377 secs] [Times: user=0.00 sys=0.00, real=0.00 secs] 
9.867: [GC (Allocation Failure) 9.867: [DefNew: 959K->56K(960K), 0.0014247 secs] 43313K->42432K(524224K), 0.0015222 secs] [Times: user=0.00 sys=0.00, real=0.00 secs] 
9.885: [GC (Allocation Failure) 9.885: [DefNew: 952K->62K(960K), 0.0022008 secs] 43328K->42455K(524224K), 0.0024195 secs] [Times: user=0.00 sys=0.00, real=0.00 secs] 
9.902: [GC (Allocation Failure) 9.902: [DefNew: 958K->63K(960K), 0.0016217 secs] 43399K->42545K(524224K), 0.0017196 secs] [Times: user=0.00 sys=0.00, real=0.00 secs] 
9.922: [GC (Allocation Failure) 9.922: [DefNew: 959K->55K(960K), 0.0026168 secs] 43449K->42551K(524224K), 0.0028592 secs] [Times: user=0.02 sys=0.00, real=0.00 secs] 
9.937: [GC (Allocation Failure) 9.937: [DefNew: 951K->54K(960K), 0.0018668 secs] 43453K->42602K(524224K), 0.0019912 secs] [Times: user=0.00 sys=0.00, real=0.00 secs] 
9.955: [GC (Allocation Failure) 9.956: [DefNew: 950K->63K(960K), 0.0021510 secs] 43500K->42623K(524224K), 0.0023433 secs] [Times: user=0.00 sys=0.00, real=0.00 secs] 
9.972: [GC (Allocation Failure) 9.972: [DefNew: 959K->52K(960K), 0.0024301 secs] 43523K->42623K(524224K), 0.0026958 secs] [Times: user=0.00 sys=0.00, real=0.00 secs] 
9.998: [GC (Allocation Failure) 9.998: [DefNew: 948K->54K(960K), 0.0021301 secs] 43519K->42634K(524224K), 0.0022442 secs] [Times: user=0.00 sys=0.00, real=0.00 secs] 
10.024: [GC (Allocation Failure) 10.024: [DefNew: 950K->63K(960K), 0.0015439 secs] 43531K->42679K(524224K), 0.0016426 secs] [Times: user=0.00 sys=0.00, real=0.00 secs] 
10.053: [GC (Allocation Failure) 10.053: [DefNew: 959K->62K(960K), 0.0025316 secs] 43578K->42689K(524224K), 0.0026626 secs] [Times: user=0.00 sys=0.00, real=0.00 secs] 
10.077: [GC (Allocation Failure) 10.077: [DefNew: 958K->63K(960K), 0.0023366 secs] 43596K->42721K(524224K), 0.0024716 secs] [Times: user=0.03 sys=0.00, real=0.00 secs] 
10.097: [GC (Allocation Failure) 10.097: [DefNew: 959K->51K(960K), 0.0020488 secs] 43622K->42753K(524224K), 0.0021625 secs] [Times: user=0.00 sys=0.00, real=0.00 secs] 
10.130: [GC (Allocation Failure) 10.131: [DefNew: 947K->56K(960K), 0.0020405 secs] 43651K->42768K(524224K), 0.0024297 secs] [Times: user=0.00 sys=0.00, real=0.00 secs] 
10.154: [GC (Allocation Failure) 10.154: [DefNew: 952K->64K(960K), 0.0029954 secs] 43691K->42886K(524224K), 0.0031415 secs] [Times: user=0.00 sys=0.00, real=0.00 secs] 
10.175: [GC (Allocation Failure) 10.175: [DefNew: 960K->63K(960K), 0.0017389 secs] 43787K->42919K(524224K), 0.0018384 secs] [Times: user=0.00 sys=0.00, real=0.00 secs] 
10.189: [GC (Allocation Failure) 10.190: [DefNew: 959K->49K(960K), 0.0015763 secs] 43924K->43022K(524224K), 0.0016975 secs] [Times: user=0.00 sys=0.00, real=0.00 secs] 
10.204: [GC (Allocation Failure) 10.204: [DefNew: 945K->59K(960K), 0.0020673 secs] 43937K->43065K(524224K), 0.0021822 secs] [Times: user=0.00 sys=0.02, real=0.00 secs] 
10.217: [GC (Allocation Failure) 10.217: [DefNew: 955K->52K(960K), 0.0018155 secs] 43975K->43080K(524224K), 0.0019110 secs] [Times: user=0.00 sys=0.00, real=0.00 secs] 
10.228: [GC (Allocation Failure) 10.228: [DefNew: 948K->46K(960K), 0.0015143 secs] 43986K->43095K(524224K), 0.0016043 secs] [Times: user=0.00 sys=0.00, real=0.00 secs] 
10.242: [GC (Allocation Failure) 10.242: [DefNew: 942K->49K(960K), 0.0014823 secs] 44035K->43153K(524224K), 0.0015771 secs] [Times: user=0.00 sys=0.00, real=0.00 secs] 
10.254: [GC (Allocation Failure) 10.254: [DefNew: 945K->29K(960K), 0.0018502 secs] 44097K->43208K(524224K), 0.0019675 secs] [Times: user=0.00 sys=0.00, real=0.00 secs] 
10.267: [GC (Allocation Failure) 10.267: [DefNew: 925K->26K(960K), 0.0015407 secs] 44168K->43276K(524224K), 0.0016343 secs] [Times: user=0.00 sys=0.00, real=0.00 secs] 
10.279: [GC (Allocation Failure) 10.279: [DefNew: 922K->34K(960K), 0.0014673 secs] 44191K->43312K(524224K), 0.0015672 secs] [Times: user=0.00 sys=0.00, real=0.00 secs] 
10.293: [GC (Allocation Failure) 10.293: [DefNew: 930K->35K(960K), 0.0017764 secs] 44254K->43367K(524224K), 0.0018688 secs] [Times: user=0.00 sys=0.00, real=0.00 secs] 
10.307: [GC (Allocation Failure) 10.307: [DefNew: 931K->63K(960K), 0.0018076 secs] 44281K->43447K(524224K), 0.0018940 secs] [Times: user=0.00 sys=0.00, real=0.00 secs] 
10.332: [GC (Allocation Failure) 10.332: [DefNew: 959K->63K(960K), 0.0023950 secs] 44395K->43548K(524224K), 0.0025280 secs] [Times: user=0.00 sys=0.00, real=0.00 secs] 
10.351: [GC (Allocation Failure) 10.351: [DefNew: 959K->64K(960K), 0.0021246 secs] 44449K->43670K(524224K), 0.0022248 secs] [Times: user=0.00 sys=0.00, real=0.00 secs] 
10.373: [GC (Allocation Failure) 10.373: [DefNew: 960K->57K(960K), 0.0018672 secs] 44581K->43735K(524224K), 0.0019777 secs] [Times: user=0.00 sys=0.00, real=0.00 secs] 
10.395: [GC (Allocation Failure) 10.396: [DefNew: 953K->59K(960K), 0.0017223 secs] 44636K->43767K(524224K), 0.0018293 secs] [Times: user=0.00 sys=0.00, real=0.00 secs] 
10.425: [GC (Allocation Failure) 10.425: [DefNew: 955K->63K(960K), 0.0024412 secs] 44702K->43848K(524224K), 0.0025545 secs] [Times: user=0.00 sys=0.00, real=0.00 secs] 
10.444: [GC (Allocation Failure) 10.444: [DefNew: 959K->59K(960K), 0.0029516 secs] 44787K->44074K(524224K), 0.0030988 secs] [Times: user=0.00 sys=0.00, real=0.00 secs] 
10.477: [GC (Allocation Failure) 10.477: [DefNew: 955K->40K(960K), 0.0029773 secs] 44970K->44069K(524224K), 0.0031067 secs] [Times: user=0.00 sys=0.00, real=0.00 secs] 
10.498: [GC (Allocation Failure) 10.498: [DefNew: 936K->52K(960K), 0.0020263 secs] 44976K->44103K(524224K), 0.0021356 secs] [Times: user=0.00 sys=0.00, real=0.00 secs] 
10.514: [GC (Allocation Failure) 10.514: [DefNew: 948K->60K(960K), 0.0015510 secs] 45014K->44137K(524224K), 0.0016446 secs] [Times: user=0.00 sys=0.00, real=0.00 secs] 
10.528: [GC (Allocation Failure) 10.529: [DefNew: 956K->40K(960K), 0.0018372 secs] 45040K->44139K(524224K), 0.0019185 secs] [Times: user=0.00 sys=0.00, real=0.00 secs] 
10.547: [GC (Allocation Failure) 10.548: [DefNew: 936K->40K(960K), 0.0017255 secs] 45077K->44190K(524224K), 0.0018546 secs] [Times: user=0.02 sys=0.00, real=0.00 secs] 
10.571: [GC (Allocation Failure) 10.571: [DefNew: 936K->63K(960K), 0.0024862 secs] 45129K->44285K(524224K), 0.0026093 secs] [Times: user=0.00 sys=0.00, real=0.00 secs] 
10.586: [GC (Allocation Failure) 10.586: [DefNew: 959K->63K(960K), 0.0022592 secs] 45200K->44354K(524224K), 0.0023646 secs] [Times: user=0.00 sys=0.00, real=0.00 secs] 
10.605: [GC (Allocation Failure) 10.605: [DefNew: 959K->63K(960K), 0.0027005 secs] 45275K->44404K(524224K), 0.0028170 secs] [Times: user=0.00 sys=0.00, real=0.00 secs] 
10.618: [GC (Allocation Failure) 10.618: [DefNew: 959K->55K(960K), 0.0015593 secs] 45325K->44434K(524224K), 0.0016548 secs] [Times: user=0.00 sys=0.00, real=0.00 secs] 
10.633: [GC (Allocation Failure) 10.633: [DefNew: 951K->47K(960K), 0.0016635 secs] 45354K->44468K(524224K), 0.0018123 secs] [Times: user=0.00 sys=0.00, real=0.00 secs] 
10.647: [GC (Allocation Failure) 10.647: [DefNew: 943K->51K(960K), 0.0015328 secs] 45383K->44503K(524224K), 0.0016256 secs] [Times: user=0.00 sys=0.00, real=0.00 secs] 
10.660: [GC (Allocation Failure) 10.660: [DefNew: 947K->56K(960K), 0.0015336 secs] 45410K->44533K(524224K), 0.0016363 secs] [Times: user=0.00 sys=0.00, real=0.00 secs] 
10.676: [GC (Allocation Failure) 10.676: [DefNew: 952K->41K(960K), 0.0016307 secs] 45487K->44585K(524224K), 0.0017377 secs] [Times: user=0.00 sys=0.00, real=0.00 secs] 
10.690: [GC (Allocation Failure) 10.690: [DefNew: 937K->57K(960K), 0.0021329 secs] 45505K->44647K(524224K), 0.0022612 secs] [Times: user=0.00 sys=0.00, real=0.00 secs] 
10.710: [GC (Allocation Failure) 10.710: [DefNew: 953K->57K(960K), 0.0016209 secs] 45582K->44707K(524224K), 0.0017140 secs] [Times: user=0.00 sys=0.00, real=0.00 secs] 
10.727: [GC (Allocation Failure) 10.727: [DefNew: 953K->62K(960K), 0.0017429 secs] 45616K->44753K(524224K), 0.0018392 secs] [Times: user=0.00 sys=0.00, real=0.00 secs] 
10.743: [GC (Allocation Failure) 10.743: [DefNew: 958K->45K(960K), 0.0018581 secs] 45684K->44782K(524224K), 0.0019560 secs] [Times: user=0.00 sys=0.00, real=0.00 secs] 
10.763: [GC (Allocation Failure) 10.763: [DefNew: 941K->47K(960K), 0.0022201 secs] 45726K->44843K(524224K), 0.0023263 secs] [Times: user=0.00 sys=0.00, real=0.00 secs] 
10.817: [GC (Allocation Failure) 10.817: [DefNew: 943K->63K(960K), 0.0027495 secs] 45760K->44968K(524224K), 0.0029109 secs] [Times: user=0.00 sys=0.00, real=0.00 secs] 
10.841: [GC (Allocation Failure) 10.841: [DefNew: 959K->41K(960K), 0.0017985 secs] 45983K->45105K(524224K), 0.0019292 secs] [Times: user=0.00 sys=0.00, real=0.00 secs] 
10.854: [GC (Allocation Failure) 10.854: [DefNew: 937K->63K(960K), 0.0024021 secs] 46079K->45244K(524224K), 0.0025134 secs] [Times: user=0.00 sys=0.00, real=0.00 secs] 
10.871: [GC (Allocation Failure) 10.871: [DefNew: 959K->36K(960K), 0.0018242 secs] 46182K->45279K(524224K), 0.0019473 secs] [Times: user=0.00 sys=0.00, real=0.00 secs] 
10.890: [GC (Allocation Failure) 10.890: [DefNew: 932K->63K(960K), 0.0018025 secs] 46186K->45401K(524224K), 0.0018976 secs] [Times: user=0.00 sys=0.00, real=0.00 secs] 
10.905: [GC (Allocation Failure) 10.905: [DefNew: 959K->47K(960K), 0.0017113 secs] 46533K->45659K(524224K), 0.0018234 secs] [Times: user=0.01 sys=0.00, real=0.00 secs] 
10.920: [GC (Allocation Failure) 10.920: [DefNew: 943K->55K(960K), 0.0021084 secs] 46563K->45686K(524224K), 0.0023389 secs] [Times: user=0.00 sys=0.00, real=0.00 secs] 
10.940: [GC (Allocation Failure) 10.940: [DefNew: 951K->35K(960K), 0.0019154 secs] 46594K->45690K(524224K), 0.0020508 secs] [Times: user=0.00 sys=0.00, real=0.00 secs] 
10.960: [GC (Allocation Failure) 10.960: [DefNew: 931K->39K(960K), 0.0021948 secs] 46587K->45716K(524224K), 0.0023081 secs] [Times: user=0.00 sys=0.00, real=0.00 secs] 
10.976: [GC (Allocation Failure) 10.976: [DefNew: 935K->35K(960K), 0.0016923 secs] 46622K->45755K(524224K), 0.0017800 secs] [Times: user=0.00 sys=0.00, real=0.00 secs] 
10.990: [GC (Allocation Failure) 10.990: [DefNew: 931K->5K(960K), 0.0019612 secs] 46651K->45759K(524224K), 0.0021242 secs] [Times: user=0.00 sys=0.00, real=0.00 secs] 
11.017: [GC (Allocation Failure) 11.017: [DefNew: 901K->56K(960K), 0.0024274 secs] 46656K->45815K(524224K), 0.0025730 secs] [Times: user=0.00 sys=0.00, real=0.00 secs] 
11.042: [GC (Allocation Failure) 11.042: [DefNew: 952K->63K(960K), 0.0027001 secs] 46716K->45887K(524224K), 0.0028505 secs] [Times: user=0.00 sys=0.00, real=0.00 secs] 
11.062: [GC (Allocation Failure) 11.062: [DefNew: 959K->6K(960K), 0.0020958 secs] 46791K->45895K(524224K), 0.0022331 secs] [Times: user=0.03 sys=0.00, real=0.00 secs] 
11.086: [GC (Allocation Failure) 11.086: [DefNew: 902K->24K(960K), 0.0017993 secs] 46794K->45920K(524224K), 0.0019300 secs] [Times: user=0.00 sys=0.00, real=0.00 secs] 
11.109: [GC (Allocation Failure) 11.109: [DefNew: 920K->35K(960K), 0.0021739 secs] 46818K->45956K(524224K), 0.0023417 secs] [Times: user=0.05 sys=0.00, real=0.00 secs] 
11.136: [GC (Allocation Failure) 11.137: [DefNew: 931K->22K(960K), 0.0028616 secs] 46855K->45971K(524224K), 0.0029938 secs] [Times: user=0.00 sys=0.00, real=0.00 secs] 
11.164: [GC (Allocation Failure) 11.164: [DefNew: 918K->35K(960K), 0.0018917 secs] 46955K->46088K(524224K), 0.0020287 secs] [Times: user=0.00 sys=0.00, real=0.00 secs] 
11.195: [GC (Allocation Failure) 11.195: [DefNew: 931K->51K(960K), 0.0014792 secs] 46998K->46128K(524224K), 0.0015759 secs] [Times: user=0.00 sys=0.00, real=0.00 secs] 
11.212: [GC (Allocation Failure) 11.212: [DefNew: 947K->39K(960K), 0.0015672 secs] 47031K->46136K(524224K), 0.0016686 secs] [Times: user=0.00 sys=0.00, real=0.00 secs] 
11.225: [GC (Allocation Failure) 11.225: [DefNew: 935K->64K(960K), 0.0016592 secs] 47035K->46255K(524224K), 0.0017527 secs] [Times: user=0.00 sys=0.00, real=0.00 secs] 
11.234: [GC (Allocation Failure) 11.234: [DefNew: 960K->24K(960K), 0.0015889 secs] 47152K->46276K(524224K), 0.0016955 secs] [Times: user=0.02 sys=0.00, real=0.00 secs] 
11.248: [GC (Allocation Failure) 11.248: [DefNew: 920K->16K(960K), 0.0015431 secs] 47175K->46295K(524224K), 0.0016544 secs] [Times: user=0.00 sys=0.00, real=0.00 secs] 
11.251: [GC (Allocation Failure) 11.251: [DefNew: 912K->9K(960K), 0.0020879 secs] 47191K->46304K(524224K), 0.0022189 secs] [Times: user=0.03 sys=0.00, real=0.00 secs] 
11.275: [GC (Allocation Failure) 11.275: [DefNew: 905K->11K(960K), 0.0016840 secs] 47205K->46320K(524224K), 0.0017993 secs] [Times: user=0.00 sys=0.00, real=0.00 secs] 
11.298: [GC (Allocation Failure) 11.298: [DefNew: 907K->49K(960K), 0.0021921 secs] 47229K->46380K(524224K), 0.0023306 secs] [Times: user=0.00 sys=0.00, real=0.00 secs] 
11.327: [GC (Allocation Failure) 11.327: [DefNew: 945K->57K(960K), 0.0021917 secs] 47295K->46433K(524224K), 0.0023291 secs] [Times: user=0.00 sys=0.00, real=0.00 secs] 
11.350: [GC (Allocation Failure) 11.350: [DefNew: 953K->64K(960K), 0.0032410 secs] 47340K->46519K(524224K), 0.0033819 secs] [Times: user=0.00 sys=0.00, real=0.00 secs] 
11.381: [GC (Allocation Failure) 11.381: [DefNew: 960K->64K(960K), 0.0028359 secs] 47423K->46647K(524224K), 0.0031284 secs] [Times: user=0.00 sys=0.00, real=0.00 secs] 
11.399: [GC (Allocation Failure) 11.399: [DefNew: 960K->8K(960K), 0.0022292 secs] 47544K->46656K(524224K), 0.0023666 secs] [Times: user=0.00 sys=0.00, real=0.00 secs] 
11.426: [GC (Allocation Failure) 11.426: [DefNew: 904K->25K(960K), 0.0020314 secs] 47554K->46683K(524224K), 0.0021712 secs] [Times: user=0.00 sys=0.00, real=0.00 secs] 
11.444: [GC (Allocation Failure) 11.444: [DefNew: 921K->16K(960K), 0.0018040 secs] 47583K->46702K(524224K), 0.0019339 secs] [Times: user=0.00 sys=0.00, real=0.00 secs] 
11.468: [GC (Allocation Failure) 11.468: [DefNew: 912K->16K(960K), 0.0019221 secs] 47600K->46718K(524224K), 0.0020488 secs] [Times: user=0.03 sys=0.00, real=0.00 secs] 
11.497: [GC (Allocation Failure) 11.497: [DefNew: 912K->27K(960K), 0.0021550 secs] 47617K->46743K(524224K), 0.0022793 secs] [Times: user=0.00 sys=0.00, real=0.00 secs] 
11.542: [GC (Allocation Failure) 11.542: [DefNew: 923K->45K(960K), 0.0024234 secs] 47641K->46788K(524224K), 0.0025687 secs] [Times: user=0.00 sys=0.00, real=0.00 secs] 
11.578: [GC (Allocation Failure) 11.578: [DefNew: 941K->38K(960K), 0.0022627 secs] 47687K->46827K(524224K), 0.0023903 secs] [Times: user=0.01 sys=0.00, real=0.00 secs] 
11.599: [GC (Allocation Failure) 11.599: [DefNew: 934K->53K(960K), 0.0022647 secs] 47723K->46875K(524224K), 0.0024104 secs] [Times: user=0.00 sys=0.00, real=0.00 secs] 
11.622: [GC (Allocation Failure) 11.622: [DefNew: 949K->18K(960K), 0.0022173 secs] 47780K->46902K(524224K), 0.0023571 secs] [Times: user=0.00 sys=0.00, real=0.00 secs] 
11.655: [GC (Allocation Failure) 11.655: [DefNew: 914K->19K(960K), 0.0026421 secs] 47807K->46929K(524224K), 0.0028304 secs] [Times: user=0.03 sys=0.00, real=0.00 secs] 
11.679: [GC (Allocation Failure) 11.679: [DefNew: 915K->61K(960K), 0.0017839 secs] 47875K->47044K(524224K), 0.0018980 secs] [Times: user=0.00 sys=0.00, real=0.00 secs] 
11.710: [GC (Allocation Failure) 11.710: [DefNew: 957K->62K(960K), 0.0017263 secs] 48065K->47183K(524224K), 0.0018305 secs] [Times: user=0.00 sys=0.00, real=0.00 secs] 
11.736: [GC (Allocation Failure) 11.736: [DefNew: 958K->63K(960K), 0.0025454 secs] 48150K->47287K(524224K), 0.0026887 secs] [Times: user=0.00 sys=0.00, real=0.00 secs] 
11.864: [GC (Allocation Failure) 11.864: [DefNew: 959K->64K(960K), 0.0026314 secs] 48187K->47386K(524224K), 0.0027570 secs] [Times: user=0.00 sys=0.00, real=0.00 secs] 
11.901: [GC (Allocation Failure) 11.901: [DefNew: 960K->64K(960K), 0.0034032 secs] 48348K->47525K(524224K), 0.0035347 secs] [Times: user=0.00 sys=0.00, real=0.00 secs] 
11.948: [GC (Allocation Failure) 11.948: [DefNew: 960K->63K(960K), 0.0025446 secs] 48426K->47575K(524224K), 0.0026686 secs] [Times: user=0.00 sys=0.00, real=0.00 secs] 
12.001: [GC (Allocation Failure) 12.001: [DefNew: 959K->63K(960K), 0.0027329 secs] 48478K->47711K(524224K), 0.0028446 secs] [Times: user=0.05 sys=0.00, real=0.00 secs] 
12.029: [GC (Allocation Failure) 12.029: [DefNew: 959K->63K(960K), 0.0035682 secs] 48607K->47815K(524224K), 0.0037170 secs] [Times: user=0.05 sys=0.00, real=0.00 secs] 
12.102: [GC (Allocation Failure) 12.102: [DefNew: 959K->55K(960K), 0.0027293 secs] 48713K->47866K(524224K), 0.0028529 secs] [Times: user=0.00 sys=0.00, real=0.00 secs] 
12.115: [GC (Allocation Failure) 12.115: [DefNew: 951K->40K(960K), 0.0021984 secs] 48762K->47890K(524224K), 0.0023216 secs] [Times: user=0.00 sys=0.00, real=0.00 secs] 
12.148: [GC (Allocation Failure) 12.148: [DefNew: 936K->13K(960K), 0.0020429 secs] 48786K->47891K(524224K), 0.0021538 secs] [Times: user=0.00 sys=0.00, real=0.00 secs] 
12.185: [GC (Allocation Failure) 12.185: [DefNew: 909K->63K(960K), 0.0027475 secs] 48825K->48012K(524224K), 0.0028916 secs] [Times: user=0.03 sys=0.00, real=0.00 secs] 
12.227: [GC (Allocation Failure) 12.227: [DefNew: 959K->63K(960K), 0.0030933 secs] 48917K->48045K(524224K), 0.0032082 secs] [Times: user=0.00 sys=0.00, real=0.00 secs] 
12.261: [GC (Allocation Failure) 12.261: [DefNew: 959K->53K(960K), 0.0025000 secs] 48951K->48103K(524224K), 0.0026161 secs] [Times: user=0.00 sys=0.00, real=0.00 secs] 
12.302: [GC (Allocation Failure) 12.302: [DefNew: 949K->10K(960K), 0.0028608 secs] 48999K->48111K(524224K), 0.0029998 secs] [Times: user=0.00 sys=0.00, real=0.00 secs] 
12.348: [GC (Allocation Failure) 12.348: [DefNew: 906K->62K(960K), 0.0028363 secs] 49010K->48181K(524224K), 0.0029555 secs] [Times: user=0.00 sys=0.00, real=0.00 secs] 
12.381: [GC (Allocation Failure) 12.381: [DefNew: 958K->54K(960K), 0.0023910 secs] 49077K->48233K(524224K), 0.0025130 secs] [Times: user=0.00 sys=0.00, real=0.00 secs] 
12.430: [GC (Allocation Failure) 12.430: [DefNew: 950K->21K(960K), 0.0024874 secs] 49148K->48272K(524224K), 0.0026200 secs] [Times: user=0.00 sys=0.00, real=0.00 secs] 
12.475: [GC (Allocation Failure) 12.475: [DefNew: 917K->37K(960K), 0.0026401 secs] 49181K->48318K(524224K), 0.0027704 secs] [Times: user=0.00 sys=0.00, real=0.00 secs] 
12.520: [GC (Allocation Failure) 12.520: [DefNew: 933K->43K(960K), 0.0035327 secs] 49250K->48391K(524224K), 0.0036689 secs] [Times: user=0.00 sys=0.00, real=0.00 secs] 
12.560: [GC (Allocation Failure) 12.560: [DefNew: 939K->64K(960K), 0.0029603 secs] 49287K->48488K(524224K), 0.0031052 secs] [Times: user=0.00 sys=0.00, real=0.00 secs] 
12.594: [GC (Allocation Failure) 12.594: [DefNew: 960K->63K(960K), 0.0032315 secs] 49402K->48652K(524224K), 0.0033665 secs] [Times: user=0.05 sys=0.00, real=0.00 secs] 
12.620: [GC (Allocation Failure) 12.620: [DefNew: 959K->31K(960K), 0.0026942 secs] 49564K->48698K(524224K), 0.0028983 secs] [Times: user=0.00 sys=0.00, real=0.00 secs] 
12.652: [GC (Allocation Failure) 12.652: [DefNew: 927K->49K(960K), 0.0024096 secs] 49601K->48753K(524224K), 0.0025387 secs] [Times: user=0.00 sys=0.00, real=0.00 secs] 
12.682: [GC (Allocation Failure) 12.683: [DefNew: 945K->16K(960K), 0.0022935 secs] 49654K->48773K(524224K), 0.0024293 secs] [Times: user=0.00 sys=0.00, real=0.00 secs] 
12.717: [GC (Allocation Failure) 12.717: [DefNew: 912K->46K(960K), 0.0024112 secs] 49680K->48829K(524224K), 0.0025375 secs] [Times: user=0.05 sys=0.00, real=0.00 secs] 
12.744: [GC (Allocation Failure) 12.744: [DefNew: 942K->63K(960K), 0.0041390 secs] 49725K->48877K(524224K), 0.0043190 secs] [Times: user=0.00 sys=0.00, real=0.00 secs] 
12.774: [GC (Allocation Failure) 12.774: [DefNew: 959K->63K(960K), 0.0022509 secs] 49783K->48920K(524224K), 0.0023804 secs] [Times: user=0.00 sys=0.00, real=0.00 secs] 
12.792: [GC (Allocation Failure) 12.792: [DefNew: 959K->59K(960K), 0.0026224 secs] 49837K->48971K(524224K), 0.0027238 secs] [Times: user=0.00 sys=0.00, real=0.00 secs] 
12.816: [GC (Allocation Failure) 12.816: [DefNew: 955K->42K(960K), 0.0025079 secs] 49963K->49086K(524224K), 0.0026472 secs] [Times: user=0.00 sys=0.00, real=0.00 secs] 
12.835: [GC (Allocation Failure) 12.835: [DefNew: 938K->23K(960K), 0.0023070 secs] 50011K->49105K(524224K), 0.0024325 secs] [Times: user=0.00 sys=0.00, real=0.00 secs] 
12.858: [GC (Allocation Failure) 12.858: [DefNew: 919K->37K(960K), 0.0020054 secs] 50041K->49165K(524224K), 0.0021009 secs] [Times: user=0.01 sys=0.02, real=0.00 secs] 
12.882: [GC (Allocation Failure) 12.882: [DefNew: 933K->63K(960K), 0.0016513 secs] 50127K->49271K(524224K), 0.0017586 secs] [Times: user=0.00 sys=0.00, real=0.00 secs] 
12.901: [GC (Allocation Failure) 12.901: [DefNew: 959K->26K(960K), 0.0020863 secs] 50234K->49308K(524224K), 0.0022233 secs] [Times: user=0.00 sys=0.00, real=0.00 secs] 
12.920: [GC (Allocation Failure) 12.920: [DefNew: 922K->50K(960K), 0.0025375 secs] 50224K->49360K(524224K), 0.0026768 secs] [Times: user=0.00 sys=0.00, real=0.00 secs] 
12.942: [GC (Allocation Failure) 12.942: [DefNew: 946K->32K(960K), 0.0018996 secs] 50274K->49369K(524224K), 0.0020058 secs] [Times: user=0.00 sys=0.00, real=0.00 secs] 
12.962: [GC (Allocation Failure) 12.962: [DefNew: 928K->63K(960K), 0.0017926 secs] 50306K->49449K(524224K), 0.0019019 secs] [Times: user=0.00 sys=0.00, real=0.00 secs] 
12.981: [GC (Allocation Failure) 12.981: [DefNew: 959K->51K(960K), 0.0025718 secs] 50401K->49531K(524224K), 0.0027017 secs] [Times: user=0.00 sys=0.00, real=0.00 secs] 
13.004: [GC (Allocation Failure) 13.004: [DefNew: 947K->58K(960K), 0.0026666 secs] 50437K->49562K(524224K), 0.0027846 secs] [Times: user=0.00 sys=0.00, real=0.00 secs] 
13.024: [GC (Allocation Failure) 13.024: [DefNew: 954K->63K(960K), 0.0018202 secs] 50472K->49623K(524224K), 0.0019272 secs] [Times: user=0.00 sys=0.00, real=0.00 secs] 
13.039: [GC (Allocation Failure) 13.039: [DefNew: 959K->63K(960K), 0.0018005 secs] 50547K->49702K(524224K), 0.0019023 secs] [Times: user=0.00 sys=0.00, real=0.00 secs] 
13.053: [GC (Allocation Failure) 13.054: [DefNew: 959K->49K(960K), 0.0019872 secs] 50611K->49731K(524224K), 0.0021230 secs] [Times: user=0.00 sys=0.00, real=0.00 secs] 
13.068: [GC (Allocation Failure) 13.068: [DefNew: 945K->63K(960K), 0.0017203 secs] 50640K->49797K(524224K), 0.0018281 secs] [Times: user=0.00 sys=0.00, real=0.00 secs] 
13.084: [GC (Allocation Failure) 13.084: [DefNew: 959K->63K(960K), 0.0017468 secs] 50710K->49874K(524224K), 0.0018483 secs] [Times: user=0.00 sys=0.00, real=0.00 secs] 
13.104: [GC (Allocation Failure) 13.104: [DefNew: 959K->63K(960K), 0.0024657 secs] 50821K->50024K(524224K), 0.0025714 secs] [Times: user=0.00 sys=0.00, real=0.00 secs] 
13.119: [GC (Allocation Failure) 13.119: [DefNew: 959K->55K(960K), 0.0023022 secs] 50938K->50096K(524224K), 0.0024562 secs] [Times: user=0.00 sys=0.00, real=0.00 secs] 
13.135: [GC (Allocation Failure) 13.135: [DefNew: 951K->63K(960K), 0.0019161 secs] 51028K->50170K(524224K), 0.0020137 secs] [Times: user=0.00 sys=0.00, real=0.00 secs] 
13.150: [GC (Allocation Failure) 13.150: [DefNew: 959K->43K(960K), 0.0016793 secs] 51115K->50217K(524224K), 0.0017748 secs] [Times: user=0.00 sys=0.00, real=0.00 secs] 
13.163: [GC (Allocation Failure) 13.163: [DefNew: 939K->63K(960K), 0.0019161 secs] 51119K->50266K(524224K), 0.0020148 secs] [Times: user=0.00 sys=0.00, real=0.00 secs] 
13.178: [GC (Allocation Failure) 13.179: [DefNew: 959K->61K(960K), 0.0020105 secs] 51178K->50298K(524224K), 0.0021135 secs] [Times: user=0.00 sys=0.00, real=0.00 secs] 
13.191: [GC (Allocation Failure) 13.191: [DefNew: 957K->64K(960K), 0.0018123 secs] 51228K->50373K(524224K), 0.0019161 secs] [Times: user=0.00 sys=0.00, real=0.00 secs] 
13.195: [GC (Allocation Failure) 13.195: [DefNew: 960K->20K(960K), 0.0016935 secs] 51269K->50393K(524224K), 0.0017946 secs] [Times: user=0.00 sys=0.00, real=0.00 secs] 
13.212: [GC (Allocation Failure) 13.212: [DefNew: 916K->58K(960K), 0.0019201 secs] 51316K->50478K(524224K), 0.0020298 secs] [Times: user=0.00 sys=0.00, real=0.00 secs] 
13.243: [GC (Allocation Failure) 13.243: [DefNew: 954K->64K(960K), 0.0023002 secs] 51403K->50636K(524224K), 0.0024226 secs] [Times: user=0.00 sys=0.00, real=0.00 secs] 
13.282: [GC (Allocation Failure) 13.282: [DefNew: 960K->64K(960K), 0.0029457 secs] 51552K->50806K(524224K), 0.0030870 secs] [Times: user=0.00 sys=0.00, real=0.00 secs] 
13.311: [GC (Allocation Failure) 13.311: [DefNew: 960K->32K(960K), 0.0018483 secs] 51711K->50844K(524224K), 0.0019643 secs] [Times: user=0.00 sys=0.00, real=0.00 secs] 
13.339: [GC (Allocation Failure) 13.339: [DefNew: 928K->63K(960K), 0.0020176 secs] 51759K->50933K(524224K), 0.0021380 secs] [Times: user=0.00 sys=0.00, real=0.00 secs] 
13.361: [GC (Allocation Failure) 13.361: [DefNew: 959K->28K(960K), 0.0023626 secs] 51830K->50955K(524224K), 0.0025067 secs] [Times: user=0.00 sys=0.00, real=0.00 secs] 
13.384: [GC (Allocation Failure) 13.384: [DefNew: 924K->63K(960K), 0.0024660 secs] 51861K->51042K(524224K), 0.0026299 secs] [Times: user=0.00 sys=0.00, real=0.00 secs] 
13.405: [GC (Allocation Failure) 13.405: [DefNew: 959K->25K(960K), 0.0031391 secs] 51942K->51061K(524224K), 0.0033010 secs] [Times: user=0.03 sys=0.00, real=0.00 secs] 
13.439: [GC (Allocation Failure) 13.439: [DefNew: 921K->9K(960K), 0.0024029 secs] 51957K->51069K(524224K), 0.0025383 secs] [Times: user=0.00 sys=0.00, real=0.00 secs] 
13.462: [GC (Allocation Failure) 13.462: [DefNew: 905K->7K(960K), 0.0019805 secs] 51965K->51075K(524224K), 0.0021108 secs] [Times: user=0.00 sys=0.00, real=0.00 secs] 
13.491: [GC (Allocation Failure) 13.491: [DefNew: 903K->64K(960K), 0.0024874 secs] 51972K->51161K(524224K), 0.0026279 secs] [Times: user=0.00 sys=0.00, real=0.00 secs] 
13.514: [GC (Allocation Failure) 13.514: [DefNew: 960K->64K(960K), 0.0032350 secs] 52071K->51333K(524224K), 0.0035299 secs] [Times: user=0.05 sys=0.00, real=0.00 secs] 
13.542: [GC (Allocation Failure) 13.542: [DefNew: 960K->64K(960K), 0.0023674 secs] 52247K->51442K(524224K), 0.0024893 secs] [Times: user=0.00 sys=0.00, real=0.00 secs] 
13.568: [GC (Allocation Failure) 13.568: [DefNew: 960K->7K(960K), 0.0023350 secs] 52338K->51446K(524224K), 0.0025529 secs] [Times: user=0.00 sys=0.00, real=0.00 secs] 
13.586: [GC (Allocation Failure) 13.587: [DefNew: 903K->16K(960K), 0.0029950 secs] 52342K->51461K(524224K), 0.0031399 secs] [Times: user=0.00 sys=0.00, real=0.00 secs] 
13.625: [GC (Allocation Failure) 13.625: [DefNew: 912K->57K(960K), 0.0026926 secs] 52372K->51532K(524224K), 0.0028395 secs] [Times: user=0.05 sys=0.00, real=0.00 secs] 
13.642: [GC (Allocation Failure) 13.642: [DefNew: 953K->48K(960K), 0.0027218 secs] 52434K->51562K(524224K), 0.0028691 secs] [Times: user=0.00 sys=0.00, real=0.00 secs] 
13.668: [GC (Allocation Failure) 13.668: [DefNew: 944K->64K(960K), 0.0020109 secs] 52470K->51675K(524224K), 0.0021254 secs] [Times: user=0.00 sys=0.00, real=0.00 secs] 
13.688: [GC (Allocation Failure) 13.689: [DefNew: 960K->42K(960K), 0.0024589 secs] 52571K->51714K(524224K), 0.0026228 secs] [Times: user=0.00 sys=0.00, real=0.00 secs] 
13.725: [GC (Allocation Failure) 13.725: [DefNew: 938K->64K(960K), 0.0025691 secs] 52782K->51941K(524224K), 0.0027021 secs] [Times: user=0.00 sys=0.00, real=0.00 secs] 
13.757: [GC (Allocation Failure) 13.757: [DefNew: 960K->64K(960K), 0.0028391 secs] 52945K->52178K(524224K), 0.0031727 secs] [Times: user=0.00 sys=0.00, real=0.00 secs] 
13.797: [GC (Allocation Failure) 13.797: [DefNew: 960K->63K(960K), 0.0020831 secs] 53091K->52230K(524224K), 0.0023425 secs] [Times: user=0.05 sys=0.00, real=0.00 secs] 
13.831: [GC (Allocation Failure) 13.831: [DefNew: 959K->63K(960K), 0.0026168 secs] 53129K->52289K(524224K), 0.0027637 secs] [Times: user=0.00 sys=0.00, real=0.00 secs] 
13.857: [GC (Allocation Failure) 13.857: [DefNew: 959K->47K(960K), 0.0024724 secs] 53191K->52303K(524224K), 0.0026137 secs] [Times: user=0.00 sys=0.00, real=0.00 secs] 
13.885: [GC (Allocation Failure) 13.885: [DefNew: 943K->50K(960K), 0.0036929 secs] 53223K->52369K(524224K), 0.0038485 secs] [Times: user=0.00 sys=0.00, real=0.00 secs] 
13.912: [GC (Allocation Failure) 13.912: [DefNew: 946K->64K(960K), 0.0022418 secs] 53265K->52447K(524224K), 0.0023713 secs] [Times: user=0.00 sys=0.00, real=0.00 secs] 
13.935: [GC (Allocation Failure) 13.935: [DefNew: 960K->41K(960K), 0.0027143 secs] 53347K->52490K(524224K), 0.0028525 secs] [Times: user=0.00 sys=0.02, real=0.00 secs] 
13.951: [GC (Allocation Failure) 13.951: [DefNew: 937K->22K(960K), 0.0028888 secs] 53395K->52521K(524224K), 0.0030195 secs] [Times: user=0.02 sys=0.02, real=0.00 secs] 
13.967: [GC (Allocation Failure) 13.967: [DefNew: 918K->27K(960K), 0.0022284 secs] 53439K->52567K(524224K), 0.0023681 secs] [Times: user=0.03 sys=0.00, real=0.00 secs] 
14.010: [GC (Allocation Failure) 14.010: [DefNew: 923K->52K(960K), 0.0023326 secs] 53465K->52616K(524224K), 0.0024712 secs] [Times: user=0.00 sys=0.00, real=0.00 secs] 
14.029: [GC (Allocation Failure) 14.029: [DefNew: 948K->64K(960K), 0.0022150 secs] 53516K->52737K(524224K), 0.0023393 secs] [Times: user=0.00 sys=0.00, real=0.00 secs] 
14.056: [GC (Allocation Failure) 14.056: [DefNew: 960K->30K(960K), 0.0020962 secs] 53638K->52770K(524224K), 0.0022170 secs] [Times: user=0.00 sys=0.00, real=0.00 secs] 
14.076: [GC (Allocation Failure) 14.076: [DefNew: 926K->29K(960K), 0.0023662 secs] 53672K->52806K(524224K), 0.0024889 secs] [Times: user=0.00 sys=0.00, real=0.00 secs] 
14.096: [GC (Allocation Failure) 14.096: [DefNew: 925K->38K(960K), 0.0030945 secs] 53709K->52845K(524224K), 0.0032370 secs] [Times: user=0.00 sys=0.00, real=0.00 secs] 
14.118: [GC (Allocation Failure) 14.118: [DefNew: 934K->64K(960K), 0.0024285 secs] 53743K->52911K(524224K), 0.0025580 secs] [Times: user=0.00 sys=0.00, real=0.00 secs] 
14.149: [GC (Allocation Failure) 14.149: [DefNew: 960K->63K(960K), 0.0020658 secs] 53829K->52954K(524224K), 0.0021838 secs] [Times: user=0.00 sys=0.00, real=0.00 secs] 
14.167: [GC (Allocation Failure) 14.168: [DefNew: 959K->61K(960K), 0.0022620 secs] 53861K->52999K(524224K), 0.0023859 secs] [Times: user=0.00 sys=0.00, real=0.00 secs] 
14.189: [GC (Allocation Failure) 14.189: [DefNew: 957K->9K(960K), 0.0023764 secs] 53895K->53003K(524224K), 0.0025217 secs] [Times: user=0.00 sys=0.00, real=0.00 secs] 
14.214: [GC (Allocation Failure) 14.214: [DefNew: 905K->42K(960K), 0.0019809 secs] 53911K->53055K(524224K), 0.0020871 secs] [Times: user=0.00 sys=0.00, real=0.00 secs] 
14.245: [GC (Allocation Failure) 14.246: [DefNew: 938K->35K(960K), 0.0018325 secs] 53951K->53067K(524224K), 0.0019690 secs] [Times: user=0.00 sys=0.00, real=0.00 secs] 
14.266: [GC (Allocation Failure) 14.266: [DefNew: 931K->63K(960K), 0.0024866 secs] 53971K->53161K(524224K), 0.0026168 secs] [Times: user=0.02 sys=0.00, real=0.00 secs] 
14.290: [GC (Allocation Failure) 14.290: [DefNew: 959K->54K(960K), 0.0030452 secs] 54058K->53213K(524224K), 0.0031754 secs] [Times: user=0.00 sys=0.00, real=0.00 secs] 
14.328: [GC (Allocation Failure) 14.328: [DefNew: 950K->34K(960K), 0.0026259 secs] 54163K->53266K(524224K), 0.0027668 secs] [Times: user=0.03 sys=0.00, real=0.00 secs] 
14.358: [GC (Allocation Failure) 14.358: [DefNew: 930K->63K(960K), 0.0026058 secs] 54219K->53477K(524224K), 0.0027459 secs] [Times: user=0.05 sys=0.00, real=0.00 secs] 
14.376: [GC (Allocation Failure) 14.376: [DefNew: 959K->64K(960K), 0.0029354 secs] 54374K->53587K(524224K), 0.0030692 secs] [Times: user=0.00 sys=0.00, real=0.00 secs] 
14.400: [GC (Allocation Failure) 14.400: [DefNew: 960K->64K(960K), 0.0025012 secs] 54486K->53777K(524224K), 0.0026161 secs] [Times: user=0.00 sys=0.00, real=0.00 secs] 
14.416: [GC (Allocation Failure) 14.416: [DefNew: 960K->31K(960K), 0.0018585 secs] 54674K->53810K(524224K), 0.0019679 secs] [Times: user=0.00 sys=0.00, real=0.00 secs] 
14.433: [GC (Allocation Failure) 14.433: [DefNew: 927K->13K(960K), 0.0020338 secs] 54713K->53829K(524224K), 0.0021613 secs] [Times: user=0.00 sys=0.00, real=0.00 secs] 
14.436: [GC (Allocation Failure) 14.436: [DefNew: 909K->3K(960K), 0.0025229 secs] 54730K->53838K(524224K), 0.0026453 secs] [Times: user=0.03 sys=0.00, real=0.00 secs] 
14.443: [GC (Allocation Failure) 14.443: [DefNew: 899K->15K(960K), 0.0017432 secs] 54737K->53855K(524224K), 0.0018364 secs] [Times: user=0.00 sys=0.00, real=0.00 secs] 
14.459: [GC (Allocation Failure) 14.459: [DefNew: 911K->5K(960K), 0.0017638 secs] 54763K->53871K(524224K), 0.0018858 secs] [Times: user=0.00 sys=0.00, real=0.00 secs] 
14.484: [GC (Allocation Failure) 14.485: [DefNew: 901K->0K(960K), 0.0024238 secs] 54768K->53872K(524224K), 0.0025687 secs] [Times: user=0.03 sys=0.00, real=0.00 secs] 
14.513: [GC (Allocation Failure) 14.513: [DefNew: 896K->6K(960K), 0.0017207 secs] 54773K->53883K(524224K), 0.0018198 secs] [Times: user=0.00 sys=0.00, real=0.00 secs] 
14.531: [GC (Allocation Failure) 14.531: [DefNew: 902K->31K(960K), 0.0029626 secs] 54782K->53915K(524224K), 0.0031237 secs] [Times: user=0.05 sys=0.00, real=0.00 secs] 
14.557: [GC (Allocation Failure) 14.557: [DefNew: 927K->26K(960K), 0.0026607 secs] 54827K->53947K(524224K), 0.0028047 secs] [Times: user=0.00 sys=0.00, real=0.00 secs] 
14.590: [GC (Allocation Failure) 14.590: [DefNew: 922K->24K(960K), 0.0024435 secs] 54845K->53971K(524224K), 0.0025805 secs] [Times: user=0.00 sys=0.00, real=0.00 secs] 
14.607: [GC (Allocation Failure) 14.607: [DefNew: 920K->23K(960K), 0.0024581 secs] 54869K->53995K(524224K), 0.0026697 secs] [Times: user=0.00 sys=0.00, real=0.00 secs] 
14.635: [GC (Allocation Failure) 14.635: [DefNew: 919K->63K(960K), 0.0023516 secs] 54948K->54142K(524224K), 0.0024783 secs] [Times: user=0.00 sys=0.00, real=0.00 secs] 
14.667: [GC (Allocation Failure) 14.667: [DefNew: 959K->38K(960K), 0.0028217 secs] 55124K->54267K(524224K), 0.0029540 secs] [Times: user=0.00 sys=0.00, real=0.00 secs] 
14.707: [GC (Allocation Failure) 14.707: [DefNew: 934K->63K(960K), 0.0026078 secs] 55171K->54360K(524224K), 0.0027743 secs] [Times: user=0.00 sys=0.00, real=0.00 secs] 
14.726: [GC (Allocation Failure) 14.726: [DefNew: 959K->64K(960K), 0.0021439 secs] 55260K->54432K(524224K), 0.0022517 secs] [Times: user=0.00 sys=0.00, real=0.00 secs] 
14.763: [GC (Allocation Failure) 14.763: [DefNew: 960K->42K(960K), 0.0025635 secs] 55329K->54474K(524224K), 0.0026946 secs] [Times: user=0.00 sys=0.00, real=0.00 secs] 
14.782: [GC (Allocation Failure) 14.783: [DefNew: 938K->25K(960K), 0.0025596 secs] 55371K->54497K(524224K), 0.0027175 secs] [Times: user=0.00 sys=0.00, real=0.00 secs] 
14.811: [GC (Allocation Failure) 14.811: [DefNew: 921K->17K(960K), 0.0025347 secs] 55410K->54530K(524224K), 0.0026800 secs] [Times: user=0.03 sys=0.00, real=0.00 secs] 
14.834: [GC (Allocation Failure) 14.834: [DefNew: 913K->27K(960K), 0.0026496 secs] 55427K->54557K(524224K), 0.0028119 secs] [Times: user=0.00 sys=0.00, real=0.00 secs] 
14.858: [GC (Allocation Failure) 14.858: [DefNew: 923K->16K(960K), 0.0024246 secs] 55460K->54579K(524224K), 0.0026824 secs] [Times: user=0.05 sys=0.00, real=0.00 secs] 
14.885: [GC (Allocation Failure) 14.885: [DefNew: 912K->63K(960K), 0.0031292 secs] 55479K->54658K(524224K), 0.0032820 secs] [Times: user=0.00 sys=0.00, real=0.00 secs] 
14.907: [GC (Allocation Failure) 14.907: [DefNew: 959K->64K(960K), 0.0023970 secs] 55554K->54739K(524224K), 0.0025410 secs] [Times: user=0.00 sys=0.00, real=0.00 secs] 
14.918: [GC (Allocation Failure) 14.918: [DefNew: 960K->6K(960K), 0.0017969 secs] 55635K->54705K(524224K), 0.0019240 secs] [Times: user=0.00 sys=0.00, real=0.00 secs] 
14.941: [GC (Allocation Failure) 14.941: [DefNew: 902K->22K(960K), 0.0021455 secs] 55609K->54735K(524224K), 0.0022600 secs] [Times: user=0.00 sys=0.00, real=0.00 secs] 
14.966: [GC (Allocation Failure) 14.966: [DefNew: 918K->40K(960K), 0.0019631 secs] 55688K->54830K(524224K), 0.0020883 secs] [Times: user=0.00 sys=0.00, real=0.00 secs] 
14.984: [GC (Allocation Failure) 14.984: [DefNew: 936K->63K(960K), 0.0030294 secs] 55737K->54928K(524224K), 0.0031829 secs] [Times: user=0.03 sys=0.00, real=0.00 secs] 
15.001: [GC (Allocation Failure) 15.001: [DefNew: 959K->20K(960K), 0.0026370 secs] 55827K->54950K(524224K), 0.0028403 secs] [Times: user=0.00 sys=0.00, real=0.00 secs] 
15.026: [GC (Allocation Failure) 15.026: [DefNew: 916K->55K(960K), 0.0021952 secs] 56030K->55186K(524224K), 0.0023441 secs] [Times: user=0.00 sys=0.00, real=0.00 secs] 
15.052: [GC (Allocation Failure) 15.053: [DefNew: 951K->24K(960K), 0.0024593 secs] 56084K->55178K(524224K), 0.0026097 secs] [Times: user=0.00 sys=0.00, real=0.00 secs] 
15.070: [GC (Allocation Failure) 15.070: [DefNew: 920K->30K(960K), 0.0035343 secs] 56077K->55210K(524224K), 0.0036756 secs] [Times: user=0.00 sys=0.00, real=0.00 secs] 
15.090: [GC (Allocation Failure) 15.090: [DefNew: 926K->28K(960K), 0.0018198 secs] 56115K->55226K(524224K), 0.0019343 secs] [Times: user=0.00 sys=0.00, real=0.00 secs] 
15.109: [GC (Allocation Failure) 15.109: [DefNew: 924K->15K(960K), 0.0024917 secs] 56124K->55242K(524224K), 0.0026342 secs] [Times: user=0.05 sys=0.00, real=0.00 secs] 
15.134: [GC (Allocation Failure) 15.134: [DefNew: 911K->17K(960K), 0.0020547 secs] 56143K->55264K(524224K), 0.0021672 secs] [Times: user=0.00 sys=0.00, real=0.00 secs] 
15.152: [GC (Allocation Failure) 15.152: [DefNew: 913K->64K(960K), 0.0021684 secs] 56160K->55361K(524224K), 0.0023516 secs] [Times: user=0.00 sys=0.00, real=0.00 secs] 
15.162: [GC (Allocation Failure) 15.162: [DefNew: 960K->64K(960K), 0.0028833 secs] 56315K->55599K(524224K), 0.0030227 secs] [Times: user=0.00 sys=0.00, real=0.00 secs] 
15.179: [GC (Allocation Failure) 15.179: [DefNew: 960K->21K(960K), 0.0018822 secs] 56496K->55621K(524224K), 0.0019880 secs] [Times: user=0.00 sys=0.00, real=0.00 secs] 
15.201: [GC (Allocation Failure) 15.201: [DefNew: 917K->26K(960K), 0.0022951 secs] 56522K->55651K(524224K), 0.0024060 secs] [Times: user=0.00 sys=0.00, real=0.00 secs] 
15.227: [GC (Allocation Failure) 15.227: [DefNew: 922K->64K(960K), 0.0028841 secs] 56562K->55777K(524224K), 0.0030357 secs] [Times: user=0.00 sys=0.00, real=0.00 secs] 
15.255: [GC (Allocation Failure) 15.255: [DefNew: 960K->64K(960K), 0.0030949 secs] 56677K->55849K(524224K), 0.0032327 secs] [Times: user=0.00 sys=0.00, real=0.00 secs] 
15.280: [GC (Allocation Failure) 15.281: [DefNew: 960K->18K(960K), 0.0018581 secs] 56748K->55870K(524224K), 0.0019726 secs] [Times: user=0.03 sys=0.00, real=0.00 secs] 
15.296: [GC (Allocation Failure) 15.296: [DefNew: 914K->64K(960K), 0.0024692 secs] 56769K->55936K(524224K), 0.0026145 secs] [Times: user=0.05 sys=0.00, real=0.00 secs] 
15.326: [GC (Allocation Failure) 15.326: [DefNew: 960K->1K(960K), 0.0018392 secs] 56833K->55938K(524224K), 0.0019489 secs] [Times: user=0.00 sys=0.00, real=0.00 secs] 
15.352: [GC (Allocation Failure) 15.352: [DefNew: 897K->12K(960K), 0.0030278 secs] 56835K->55951K(524224K), 0.0032425 secs] [Times: user=0.00 sys=0.00, real=0.00 secs] 
15.371: [GC (Allocation Failure) 15.371: [DefNew: 908K->39K(960K), 0.0039523 secs] 56851K->55993K(524224K), 0.0041142 secs] [Times: user=0.00 sys=0.00, real=0.00 secs] 
15.395: [GC (Allocation Failure) 15.395: [DefNew: 935K->31K(960K), 0.0022592 secs] 56890K->56023K(524224K), 0.0023966 secs] [Times: user=0.00 sys=0.00, real=0.00 secs] 
15.413: [GC (Allocation Failure) 15.413: [DefNew: 927K->33K(960K), 0.0022592 secs] 56926K->56049K(524224K), 0.0023978 secs] [Times: user=0.00 sys=0.00, real=0.00 secs] 
15.431: [GC (Allocation Failure) 15.431: [DefNew: 929K->49K(960K), 0.0020101 secs] 56948K->56094K(524224K), 0.0021218 secs] [Times: user=0.00 sys=0.00, real=0.00 secs] 
15.449: [GC (Allocation Failure) 15.449: [DefNew: 945K->55K(960K), 0.0020788 secs] 57000K->56130K(524224K), 0.0021830 secs] [Times: user=0.00 sys=0.00, real=0.00 secs] 
15.464: [GC (Allocation Failure) 15.464: [DefNew: 951K->22K(960K), 0.0019860 secs] 57026K->56151K(524224K), 0.0020883 secs] [Times: user=0.00 sys=0.00, real=0.00 secs] 
15.478: [GC (Allocation Failure) 15.478: [DefNew: 918K->28K(960K), 0.0017531 secs] 57050K->56179K(524224K), 0.0018534 secs] [Times: user=0.00 sys=0.00, real=0.00 secs] 
15.492: [GC (Allocation Failure) 15.492: [DefNew: 924K->25K(960K), 0.0018739 secs] 57079K->56205K(524224K), 0.0019730 secs] [Times: user=0.00 sys=0.00, real=0.00 secs] 
15.504: [GC (Allocation Failure) 15.505: [DefNew: 921K->34K(960K), 0.0020535 secs] 57105K->56239K(524224K), 0.0021739 secs] [Times: user=0.00 sys=0.00, real=0.00 secs] 
15.518: [GC (Allocation Failure) 15.518: [DefNew: 930K->43K(960K), 0.0021581 secs] 57137K->56282K(524224K), 0.0022722 secs] [Times: user=0.00 sys=0.00, real=0.00 secs] 
15.534: [GC (Allocation Failure) 15.534: [DefNew: 939K->30K(960K), 0.0019659 secs] 57187K->56316K(524224K), 0.0020831 secs] [Times: user=0.00 sys=0.00, real=0.00 secs] 
15.550: [GC (Allocation Failure) 15.550: [DefNew: 926K->41K(960K), 0.0027479 secs] 57224K->56367K(524224K), 0.0028671 secs] [Times: user=0.00 sys=0.00, real=0.00 secs] 
15.584: [GC (Allocation Failure) 15.584: [DefNew: 937K->42K(960K), 0.0046269 secs] 57275K->56406K(524224K), 0.0050091 secs] [Times: user=0.00 sys=0.00, real=0.01 secs] 
15.610: [GC (Allocation Failure) 15.610: [DefNew: 938K->31K(960K), 0.0025711 secs] 57306K->56440K(524224K), 0.0026721 secs] [Times: user=0.03 sys=0.00, real=0.00 secs] 
15.635: [GC (Allocation Failure) 15.636: [DefNew: 927K->63K(960K), 0.0029658 secs] 57337K->56543K(524224K), 0.0031731 secs] [Times: user=0.00 sys=0.00, real=0.00 secs] 
15.667: [GC (Allocation Failure) 15.667: [DefNew: 959K->63K(960K), 0.0024060 secs] 57449K->56727K(524224K), 0.0025158 secs] [Times: user=0.00 sys=0.00, real=0.00 secs] 
15.681: [GC (Allocation Failure) 15.681: [DefNew: 959K->39K(960K), 0.0019501 secs] 57630K->56772K(524224K), 0.0021096 secs] [Times: user=0.00 sys=0.00, real=0.00 secs] 
15.692: [GC (Allocation Failure) 15.692: [DefNew: 935K->10K(960K), 0.0024471 secs] 57668K->56780K(524224K), 0.0025714 secs] [Times: user=0.00 sys=0.00, real=0.00 secs] 
15.700: [GC (Allocation Failure) 15.700: [DefNew: 906K->6K(960K), 0.0018423 secs] 57676K->56785K(524224K), 0.0019308 secs] [Times: user=0.00 sys=0.00, real=0.00 secs] 
15.714: [GC (Allocation Failure) 15.714: [DefNew: 902K->20K(960K), 0.0018352 secs] 57681K->56805K(524224K), 0.0019308 secs] [Times: user=0.00 sys=0.00, real=0.00 secs] 
15.728: [GC (Allocation Failure) 15.728: [DefNew: 916K->36K(960K), 0.0028430 secs] 57706K->56843K(524224K), 0.0029575 secs] [Times: user=0.00 sys=0.00, real=0.00 secs] 
15.747: [GC (Allocation Failure) 15.747: [DefNew: 932K->25K(960K), 0.0020504 secs] 57739K->56863K(524224K), 0.0021656 secs] [Times: user=0.00 sys=0.00, real=0.00 secs] 
15.761: [GC (Allocation Failure) 15.761: [DefNew: 921K->39K(960K), 0.0027266 secs] 57760K->56901K(524224K), 0.0028707 secs] [Times: user=0.00 sys=0.00, real=0.00 secs] 
15.778: [GC (Allocation Failure) 15.778: [DefNew: 935K->12K(960K), 0.0020756 secs] 57798K->56904K(524224K), 0.0022020 secs] [Times: user=0.00 sys=0.00, real=0.00 secs] 
15.796: [GC (Allocation Failure) 15.796: [DefNew: 908K->29K(960K), 0.0021072 secs] 57800K->56933K(524224K), 0.0022276 secs] [Times: user=0.03 sys=0.00, real=0.00 secs] 
15.825: [GC (Allocation Failure) 15.825: [DefNew: 925K->64K(960K), 0.0021688 secs] 57834K->57020K(524224K), 0.0022777 secs] [Times: user=0.00 sys=0.00, real=0.00 secs] 
15.850: [GC (Allocation Failure) 15.850: [DefNew: 960K->63K(960K), 0.0020630 secs] 57917K->57180K(524224K), 0.0021870 secs] [Times: user=0.00 sys=0.00, real=0.00 secs] 
15.886: [GC (Allocation Failure) 15.886: [DefNew: 959K->63K(960K), 0.0031940 secs] 58104K->57259K(524224K), 0.0033317 secs] [Times: user=0.00 sys=0.00, real=0.00 secs] 
15.909: [GC (Allocation Failure) 15.909: [DefNew: 959K->55K(960K), 0.0020452 secs] 58156K->57290K(524224K), 0.0021550 secs] [Times: user=0.00 sys=0.00, real=0.00 secs] 
15.931: [GC (Allocation Failure) 15.931: [DefNew: 951K->44K(960K), 0.0028292 secs] 58192K->57310K(524224K), 0.0029717 secs] [Times: user=0.00 sys=0.00, real=0.00 secs] 
15.947: [GC (Allocation Failure) 15.947: [DefNew: 940K->19K(960K), 0.0021269 secs] 58211K->57333K(524224K), 0.0022434 secs] [Times: user=0.00 sys=0.00, real=0.00 secs] 
15.966: [GC (Allocation Failure) 15.966: [DefNew: 915K->62K(960K), 0.0019079 secs] 58257K->57423K(524224K), 0.0020239 secs] [Times: user=0.00 sys=0.00, real=0.00 secs] 
15.984: [GC (Allocation Failure) 15.984: [DefNew: 958K->37K(960K), 0.0020334 secs] 58362K->57501K(524224K), 0.0021672 secs] [Times: user=0.03 sys=0.00, real=0.00 secs] 
16.013: [GC (Allocation Failure) 16.013: [DefNew: 933K->19K(960K), 0.0029630 secs] 58402K->57522K(524224K), 0.0031127 secs] [Times: user=0.00 sys=0.00, real=0.00 secs] 
16.032: [GC (Allocation Failure) 16.032: [DefNew: 915K->48K(960K), 0.0029978 secs] 58432K->57584K(524224K), 0.0031352 secs] [Times: user=0.00 sys=0.00, real=0.00 secs] 
16.052: [GC (Allocation Failure) 16.052: [DefNew: 944K->28K(960K), 0.0031920 secs] 58480K->57603K(524224K), 0.0033645 secs] [Times: user=0.00 sys=0.00, real=0.00 secs] 
16.078: [GC (Allocation Failure) 16.078: [DefNew: 924K->18K(960K), 0.0029757 secs] 58499K->57621K(524224K), 0.0031249 secs] [Times: user=0.03 sys=0.00, real=0.00 secs] 
16.100: [GC (Allocation Failure) 16.100: [DefNew: 914K->14K(960K), 0.0028501 secs] 58517K->57634K(524224K), 0.0030057 secs] [Times: user=0.00 sys=0.00, real=0.00 secs] 
16.121: [GC (Allocation Failure) 16.121: [DefNew: 910K->12K(960K), 0.0025801 secs] 58537K->57650K(524224K), 0.0027151 secs] [Times: user=0.00 sys=0.00, real=0.00 secs] 
16.141: [GC (Allocation Failure) 16.141: [DefNew: 908K->64K(960K), 0.0027767 secs] 58547K->57763K(524224K), 0.0028865 secs] [Times: user=0.05 sys=0.00, real=0.00 secs] 
16.158: [GC (Allocation Failure) 16.158: [DefNew: 960K->49K(960K), 0.0026508 secs] 58668K->57781K(524224K), 0.0027862 secs] [Times: user=0.00 sys=0.00, real=0.00 secs] 
16.189: [GC (Allocation Failure) 16.190: [DefNew: 945K->63K(960K), 0.0025221 secs] 58696K->57885K(524224K), 0.0026654 secs] [Times: user=0.00 sys=0.00, real=0.00 secs] 
16.217: [GC (Allocation Failure) 16.217: [DefNew: 959K->63K(960K), 0.0019675 secs] 58804K->57952K(524224K), 0.0020717 secs] [Times: user=0.00 sys=0.00, real=0.00 secs] 
16.256: [GC (Allocation Failure) 16.256: [DefNew: 959K->63K(960K), 0.0025979 secs] 58861K->58026K(524224K), 0.0027376 secs] [Times: user=0.00 sys=0.00, real=0.00 secs] 
16.276: [GC (Allocation Failure) 16.276: [DefNew: 959K->64K(960K), 0.0030211 secs] 58936K->58185K(524224K), 0.0031679 secs] [Times: user=0.00 sys=0.00, real=0.00 secs] 
16.312: [GC (Allocation Failure) 16.312: [DefNew: 960K->60K(960K), 0.0025324 secs] 59109K->58219K(524224K), 0.0026713 secs] [Times: user=0.03 sys=0.00, real=0.00 secs] 
16.336: [GC (Allocation Failure) 16.336: [DefNew: 956K->64K(960K), 0.0036361 secs] 59119K->58292K(524224K), 0.0037715 secs] [Times: user=0.00 sys=0.00, real=0.00 secs] 
16.355: [GC (Allocation Failure) 16.355: [DefNew: 960K->17K(960K), 0.0026721 secs] 59189K->58306K(524224K), 0.0028126 secs] [Times: user=0.00 sys=0.00, real=0.00 secs] 
16.382: [GC (Allocation Failure) 16.382: [DefNew: 913K->30K(960K), 0.0019698 secs] 59202K->58337K(524224K), 0.0020827 secs] [Times: user=0.00 sys=0.00, real=0.00 secs] 
16.399: [GC (Allocation Failure) 16.399: [DefNew: 926K->64K(960K), 0.0029524 secs] 59233K->58472K(524224K), 0.0030921 secs] [Times: user=0.00 sys=0.00, real=0.00 secs] 
16.433: [GC (Allocation Failure) 16.433: [DefNew: 960K->63K(960K), 0.0034403 secs] 59377K->58549K(524224K), 0.0036511 secs] [Times: user=0.00 sys=0.00, real=0.00 secs] 
16.462: [GC (Allocation Failure) 16.463: [DefNew: 959K->64K(960K), 0.0032113 secs] 59459K->58650K(524224K), 0.0033460 secs] [Times: user=0.00 sys=0.00, real=0.00 secs] 
16.482: [GC (Allocation Failure) 16.483: [DefNew: 960K->64K(960K), 0.0030392 secs] 59571K->58745K(524224K), 0.0031817 secs] [Times: user=0.03 sys=0.00, real=0.00 secs] 
16.513: [GC (Allocation Failure) 16.513: [DefNew: 960K->64K(960K), 0.0024968 secs] 59658K->58845K(524224K), 0.0026224 secs] [Times: user=0.00 sys=0.00, real=0.00 secs] 
16.544: [GC (Allocation Failure) 16.544: [DefNew: 960K->17K(960K), 0.0022912 secs] 59742K->58862K(524224K), 0.0024206 secs] [Times: user=0.00 sys=0.00, real=0.00 secs] 
16.571: [GC (Allocation Failure) 16.572: [DefNew: 913K->60K(960K), 0.0023346 secs] 59776K->58934K(524224K), 0.0024708 secs] [Times: user=0.00 sys=0.00, real=0.00 secs] 
16.594: [GC (Allocation Failure) 16.595: [DefNew: 956K->63K(960K), 0.0022884 secs] 59874K->59034K(524224K), 0.0024143 secs] [Times: user=0.02 sys=0.00, real=0.00 secs] 
16.617: [GC (Allocation Failure) 16.617: [DefNew: 959K->63K(960K), 0.0025039 secs] 59941K->59114K(524224K), 0.0026397 secs] [Times: user=0.00 sys=0.00, real=0.00 secs] 
16.638: [GC (Allocation Failure) 16.638: [DefNew: 959K->26K(960K), 0.0033641 secs] 60011K->59108K(524224K), 0.0038220 secs] [Times: user=0.00 sys=0.00, real=0.00 secs] 
16.668: [GC (Allocation Failure) 16.668: [DefNew: 922K->0K(960K), 0.0021416 secs] 60005K->59102K(524224K), 0.0023034 secs] [Times: user=0.00 sys=0.00, real=0.00 secs] 
16.698: [GC (Allocation Failure) 16.698: [DefNew: 896K->64K(960K), 0.0020594 secs] 60014K->59245K(524224K), 0.0021739 secs] [Times: user=0.00 sys=0.00, real=0.00 secs] 
16.716: [GC (Allocation Failure) 16.716: [DefNew: 960K->42K(960K), 0.0023808 secs] 60162K->59269K(524224K), 0.0024775 secs] [Times: user=0.00 sys=0.00, real=0.00 secs] 
16.743: [GC (Allocation Failure) 16.743: [DefNew: 938K->34K(960K), 0.0024787 secs] 60172K->59308K(524224K), 0.0026157 secs] [Times: user=0.00 sys=0.00, real=0.00 secs] 
16.769: [GC (Allocation Failure) 16.769: [DefNew: 930K->64K(960K), 0.0033239 secs] 60224K->59420K(524224K), 0.0034593 secs] [Times: user=0.00 sys=0.00, real=0.00 secs] 
16.790: [GC (Allocation Failure) 16.790: [DefNew: 960K->61K(960K), 0.0025576 secs] 60318K->59483K(524224K), 0.0026765 secs] [Times: user=0.00 sys=0.00, real=0.00 secs] 
16.813: [GC (Allocation Failure) 16.813: [DefNew: 957K->28K(960K), 0.0021775 secs] 60390K->59514K(524224K), 0.0022947 secs] [Times: user=0.03 sys=0.00, real=0.00 secs] 
16.850: [GC (Allocation Failure) 16.850: [DefNew: 924K->45K(960K), 0.0023768 secs] 60422K->59571K(524224K), 0.0024818 secs] [Times: user=0.00 sys=0.00, real=0.00 secs] 
16.888: [GC (Allocation Failure) 16.888: [DefNew: 941K->53K(960K), 0.0021783 secs] 60467K->59594K(524224K), 0.0023172 secs] [Times: user=0.00 sys=0.00, real=0.00 secs] 
16.910: [GC (Allocation Failure) 16.911: [DefNew: 949K->13K(960K), 0.0022158 secs] 60490K->59572K(524224K), 0.0023441 secs] [Times: user=0.00 sys=0.00, real=0.00 secs] 
16.942: [GC (Allocation Failure) 16.942: [DefNew: 909K->0K(960K), 0.0023370 secs] 60470K->59574K(524224K), 0.0024657 secs] [Times: user=0.00 sys=0.00, real=0.00 secs] 
16.967: [GC (Allocation Failure) 16.967: [DefNew: 896K->63K(960K), 0.0026161 secs] 60470K->59662K(524224K), 0.0028040 secs] [Times: user=0.05 sys=0.00, real=0.00 secs] 
16.996: [GC (Allocation Failure) 16.996: [DefNew: 959K->41K(960K), 0.0035568 secs] 60567K->59711K(524224K), 0.0037889 secs] [Times: user=0.00 sys=0.00, real=0.00 secs] 
17.019: [GC (Allocation Failure) 17.019: [DefNew: 937K->16K(960K), 0.0029721 secs] 60607K->59724K(524224K), 0.0031206 secs] [Times: user=0.00 sys=0.00, real=0.00 secs] 
17.042: [GC (Allocation Failure) 17.042: [DefNew: 912K->46K(960K), 0.0026239 secs] 60621K->59771K(524224K), 0.0027696 secs] [Times: user=0.00 sys=0.00, real=0.00 secs] 
17.067: [GC (Allocation Failure) 17.068: [DefNew: 942K->21K(960K), 0.0024660 secs] 60676K->59798K(524224K), 0.0026172 secs] [Times: user=0.00 sys=0.00, real=0.00 secs] 
17.096: [GC (Allocation Failure) 17.096: [DefNew: 917K->12K(960K), 0.0024033 secs] 60695K->59810K(524224K), 0.0025525 secs] [Times: user=0.00 sys=0.00, real=0.00 secs] 
17.130: [GC (Allocation Failure) 17.130: [DefNew: 908K->43K(960K), 0.0030815 secs] 60723K->59870K(524224K), 0.0032133 secs] [Times: user=0.00 sys=0.00, real=0.00 secs] 
17.155: [GC (Allocation Failure) 17.155: [DefNew: 939K->50K(960K), 0.0030199 secs] 60785K->59917K(524224K), 0.0033503 secs] [Times: user=0.05 sys=0.00, real=0.00 secs] 
17.186: [GC (Allocation Failure) 17.186: [DefNew: 946K->7K(960K), 0.0029125 secs] 60814K->59925K(524224K), 0.0030598 secs] [Times: user=0.05 sys=0.00, real=0.00 secs] 
17.212: [GC (Allocation Failure) 17.212: [DefNew: 903K->21K(960K), 0.0021913 secs] 60837K->59961K(524224K), 0.0023176 secs] [Times: user=0.00 sys=0.00, real=0.00 secs] 
17.231: [GC (Allocation Failure) 17.232: [DefNew: 917K->46K(960K), 0.0020969 secs] 60870K->60017K(524224K), 0.0021996 secs] [Times: user=0.00 sys=0.00, real=0.00 secs] 
17.258: [GC (Allocation Failure) 17.258: [DefNew: 942K->20K(960K), 0.0021321 secs] 60913K->60035K(524224K), 0.0022592 secs] [Times: user=0.00 sys=0.00, real=0.00 secs] 
17.280: [GC (Allocation Failure) 17.280: [DefNew: 916K->34K(960K), 0.0025379 secs] 60961K->60091K(524224K), 0.0026666 secs] [Times: user=0.03 sys=0.00, real=0.00 secs] 
17.320: [GC (Allocation Failure) 17.320: [DefNew: 930K->53K(960K), 0.0040798 secs] 60987K->60136K(524224K), 0.0042342 secs] [Times: user=0.00 sys=0.00, real=0.00 secs] 
17.344: [GC (Allocation Failure) 17.366: [DefNew: 949K->19K(960K), 0.0024984 secs] 61036K->60141K(524224K), 0.0252692 secs] [Times: user=0.00 sys=0.01, real=0.02 secs] 
17.391: [GC (Allocation Failure) 17.391: [DefNew: 915K->48K(960K), 0.0028450 secs] 61040K->60188K(524224K), 0.0030195 secs] [Times: user=0.05 sys=0.00, real=0.00 secs] 
17.416: [GC (Allocation Failure) 17.416: [DefNew: 944K->50K(960K), 0.0027092 secs] 61085K->60211K(524224K), 0.0028332 secs] [Times: user=0.00 sys=0.00, real=0.00 secs] 
17.443: [GC (Allocation Failure) 17.443: [DefNew: 946K->36K(960K), 0.0031944 secs] 61112K->60250K(524224K), 0.0033381 secs] [Times: user=0.00 sys=0.00, real=0.00 secs] 
17.468: [GC (Allocation Failure) 17.468: [DefNew: 932K->14K(960K), 0.0028991 secs] 61146K->60263K(524224K), 0.0030463 secs] [Times: user=0.05 sys=0.00, real=0.00 secs] 
17.500: [GC (Allocation Failure) 17.500: [DefNew: 910K->64K(960K), 0.0034636 secs] 61160K->60371K(524224K), 0.0036290 secs] [Times: user=0.05 sys=0.00, real=0.00 secs] 
17.516: [GC (Allocation Failure) 17.516: [DefNew: 960K->4K(960K), 0.0020831 secs] 61313K->60374K(524224K), 0.0021968 secs] [Times: user=0.05 sys=0.00, real=0.00 secs] 
17.543: [GC (Allocation Failure) 17.543: [DefNew: 900K->62K(960K), 0.0018376 secs] 61299K->60465K(524224K), 0.0019406 secs] [Times: user=0.00 sys=0.00, real=0.00 secs] 
17.561: [GC (Allocation Failure) 17.561: [DefNew: 958K->36K(960K), 0.0036531 secs] 61362K->60486K(524224K), 0.0038047 secs] [Times: user=0.03 sys=0.02, real=0.00 secs] 
17.592: [GC (Allocation Failure) 17.592: [DefNew: 932K->12K(960K), 0.0019540 secs] 61382K->60496K(524224K), 0.0020804 secs] [Times: user=0.00 sys=0.00, real=0.00 secs] 
17.622: [GC (Allocation Failure) 17.622: [DefNew: 908K->35K(960K), 0.0026721 secs] 61422K->60561K(524224K), 0.0027953 secs] [Times: user=0.00 sys=0.00, real=0.00 secs] 
17.644: [GC (Allocation Failure) 17.644: [DefNew: 931K->28K(960K), 0.0029082 secs] 61458K->60586K(524224K), 0.0031020 secs] [Times: user=0.00 sys=0.00, real=0.00 secs] 
17.670: [GC (Allocation Failure) 17.670: [DefNew: 924K->19K(960K), 0.0043593 secs] 61493K->60616K(524224K), 0.0045148 secs] [Times: user=0.05 sys=0.00, real=0.00 secs] 
17.697: [GC (Allocation Failure) 17.697: [DefNew: 915K->40K(960K), 0.0024234 secs] 61520K->60661K(524224K), 0.0025521 secs] [Times: user=0.00 sys=0.00, real=0.00 secs] 
17.718: [GC (Allocation Failure) 17.718: [DefNew: 936K->11K(960K), 0.0023488 secs] 61557K->60672K(524224K), 0.0024775 secs] [Times: user=0.05 sys=0.00, real=0.00 secs] 
17.757: [GC (Allocation Failure) 17.757: [DefNew: 907K->33K(960K), 0.0025541 secs] 61568K->60705K(524224K), 0.0026915 secs] [Times: user=0.00 sys=0.00, real=0.00 secs] 
17.776: [GC (Allocation Failure) 17.776: [DefNew: 929K->7K(960K), 0.0024384 secs] 61617K->60725K(524224K), 0.0025612 secs] [Times: user=0.00 sys=0.00, real=0.00 secs] 
17.825: [GC (Allocation Failure) 17.825: [DefNew: 903K->21K(960K), 0.0021171 secs] 61622K->60746K(524224K), 0.0022197 secs] [Times: user=0.00 sys=0.00, real=0.00 secs] 
17.858: [GC (Allocation Failure) 17.858: [DefNew: 917K->63K(960K), 0.0029773 secs] 61643K->60816K(524224K), 0.0031308 secs] [Times: user=0.03 sys=0.00, real=0.00 secs] 
17.878: [GC (Allocation Failure) 17.878: [DefNew: 959K->25K(960K), 0.0021194 secs] 61714K->60790K(524224K), 0.0022150 secs] [Times: user=0.00 sys=0.00, real=0.00 secs] 
17.897: [GC (Allocation Failure) 17.897: [DefNew: 921K->6K(960K), 0.0026512 secs] 61686K->60796K(524224K), 0.0027830 secs] [Times: user=0.00 sys=0.00, real=0.00 secs] 
17.918: [GC (Allocation Failure) 17.918: [DefNew: 902K->22K(960K), 0.0027384 secs] 61692K->60818K(524224K), 0.0028801 secs] [Times: user=0.00 sys=0.00, real=0.00 secs] 
17.948: [GC (Allocation Failure) 17.948: [DefNew: 918K->20K(960K), 0.0023583 secs] 61718K->60839K(524224K), 0.0024850 secs] [Times: user=0.00 sys=0.00, real=0.00 secs] 
17.968: [GC (Allocation Failure) 17.968: [DefNew: 916K->11K(960K), 0.0020831 secs] 61737K->60852K(524224K), 0.0022130 secs] [Times: user=0.05 sys=0.00, real=0.00 secs] 
18.011: [GC (Allocation Failure) 18.011: [DefNew: 907K->63K(960K), 0.0025817 secs] 61775K->60942K(524224K), 0.0026993 secs] [Times: user=0.00 sys=0.00, real=0.00 secs] 
18.030: [GC (Allocation Failure) 18.030: [DefNew: 959K->28K(960K), 0.0029923 secs] 61850K->60974K(524224K), 0.0031095 secs] [Times: user=0.05 sys=0.00, real=0.00 secs] 
18.057: [GC (Allocation Failure) 18.057: [DefNew: 924K->45K(960K), 0.0028853 secs] 61872K->61017K(524224K), 0.0030313 secs] [Times: user=0.00 sys=0.00, real=0.00 secs] 
18.084: [GC (Allocation Failure) 18.084: [DefNew: 941K->63K(960K), 0.0022667 secs] 61913K->61058K(524224K), 0.0023678 secs] [Times: user=0.00 sys=0.00, real=0.00 secs] 
18.118: [GC (Allocation Failure) 18.119: [DefNew: 959K->64K(960K), 0.0037154 secs] 61955K->61121K(524224K), 0.0039105 secs] [Times: user=0.00 sys=0.00, real=0.00 secs] 
18.145: [GC (Allocation Failure) 18.145: [DefNew: 960K->35K(960K), 0.0020575 secs] 62019K->61155K(524224K), 0.0021945 secs] [Times: user=0.00 sys=0.00, real=0.00 secs] 
18.159: [GC (Allocation Failure) 18.159: [DefNew: 931K->22K(960K), 0.0024005 secs] 62051K->61177K(524224K), 0.0025150 secs] [Times: user=0.00 sys=0.00, real=0.00 secs] 
18.183: [GC (Allocation Failure) 18.183: [DefNew: 918K->26K(960K), 0.0020397 secs] 62077K->61206K(524224K), 0.0021593 secs] [Times: user=0.00 sys=0.00, real=0.00 secs] 
18.198: [GC (Allocation Failure) 18.198: [DefNew: 922K->38K(960K), 0.0021901 secs] 62102K->61242K(524224K), 0.0022920 secs] [Times: user=0.00 sys=0.00, real=0.00 secs] 
18.226: [GC (Allocation Failure) 18.226: [DefNew: 934K->30K(960K), 0.0019564 secs] 62148K->61280K(524224K), 0.0020744 secs] [Times: user=0.00 sys=0.00, real=0.00 secs] 
18.247: [GC (Allocation Failure) 18.248: [DefNew: 926K->34K(960K), 0.0021676 secs] 62194K->61329K(524224K), 0.0023010 secs] [Times: user=0.00 sys=0.00, real=0.00 secs] 
18.279: [GC (Allocation Failure) 18.279: [DefNew: 930K->50K(960K), 0.0022967 secs] 62284K->61436K(524224K), 0.0023989 secs] [Times: user=0.00 sys=0.00, real=0.00 secs] 
18.310: [GC (Allocation Failure) 18.310: [DefNew: 946K->64K(960K), 0.0023366 secs] 62335K->61492K(524224K), 0.0024668 secs] [Times: user=0.00 sys=0.00, real=0.00 secs] 
18.333: [GC (Allocation Failure) 18.333: [DefNew: 960K->19K(960K), 0.0028395 secs] 62395K->61517K(524224K), 0.0030230 secs] [Times: user=0.00 sys=0.00, real=0.00 secs] 
18.353: [GC (Allocation Failure) 18.353: [DefNew: 915K->23K(960K), 0.0027582 secs] 62416K->61541K(524224K), 0.0028876 secs] [Times: user=0.00 sys=0.00, real=0.00 secs] 
18.378: [GC (Allocation Failure) 18.378: [DefNew: 919K->28K(960K), 0.0025912 secs] 62439K->61569K(524224K), 0.0027428 secs] [Times: user=0.00 sys=0.00, real=0.00 secs] 
18.414: [GC (Allocation Failure) 18.415: [DefNew: 924K->40K(960K), 0.0028016 secs] 62466K->61609K(524224K), 0.0029461 secs] [Times: user=0.00 sys=0.00, real=0.00 secs] 
18.453: [GC (Allocation Failure) 18.453: [DefNew: 936K->22K(960K), 0.0031545 secs] 62516K->61640K(524224K), 0.0032899 secs] [Times: user=0.03 sys=0.00, real=0.00 secs] 
18.484: [GC (Allocation Failure) 18.484: [DefNew: 918K->50K(960K), 0.0030116 secs] 62538K->61689K(524224K), 0.0031640 secs] [Times: user=0.05 sys=0.00, real=0.00 secs] 
18.517: [GC (Allocation Failure) 18.517: [DefNew: 946K->27K(960K), 0.0029184 secs] 62590K->61689K(524224K), 0.0030554 secs] [Times: user=0.00 sys=0.00, real=0.00 secs] 
18.536: [GC (Allocation Failure) 18.536: [DefNew: 923K->24K(960K), 0.0032374 secs] 62587K->61709K(524224K), 0.0033716 secs] [Times: user=0.00 sys=0.00, real=0.00 secs] 
18.557: [GC (Allocation Failure) 18.557: [DefNew: 920K->22K(960K), 0.0027365 secs] 62609K->61732K(524224K), 0.0028719 secs] [Times: user=0.00 sys=0.00, real=0.00 secs] 
18.598: [GC (Allocation Failure) 18.598: [DefNew: 918K->57K(960K), 0.0025304 secs] 62657K->61815K(524224K), 0.0026464 secs] [Times: user=0.00 sys=0.00, real=0.00 secs] 
18.621: [GC (Allocation Failure) 18.621: [DefNew: 953K->64K(960K), 0.0029583 secs] 62712K->61868K(524224K), 0.0030981 secs] [Times: user=0.00 sys=0.00, real=0.00 secs] 
18.648: [GC (Allocation Failure) 18.648: [DefNew: 960K->28K(960K), 0.0029437 secs] 62768K->61899K(524224K), 0.0030771 secs] [Times: user=0.00 sys=0.00, real=0.00 secs] 
18.667: [GC (Allocation Failure) 18.667: [DefNew: 924K->24K(960K), 0.0020598 secs] 62796K->61916K(524224K), 0.0021664 secs] [Times: user=0.00 sys=0.00, real=0.00 secs] 
18.688: [GC (Allocation Failure) 18.688: [DefNew: 920K->43K(960K), 0.0028951 secs] 62812K->61957K(524224K), 0.0031158 secs] [Times: user=0.05 sys=0.00, real=0.00 secs] 
18.713: [GC (Allocation Failure) 18.713: [DefNew: 939K->33K(960K), 0.0020318 secs] 62854K->61978K(524224K), 0.0021380 secs] [Times: user=0.00 sys=0.00, real=0.00 secs] 
18.763: [GC (Allocation Failure) 18.763: [DefNew: 929K->56K(960K), 0.0034853 secs] 62879K->62036K(524224K), 0.0036211 secs] [Times: user=0.05 sys=0.00, real=0.00 secs] 
18.796: [GC (Allocation Failure) 18.796: [DefNew: 952K->64K(960K), 0.0033665 secs] 62934K->62119K(524224K), 0.0035086 secs] [Times: user=0.05 sys=0.00, real=0.00 secs] 
18.850: [GC (Allocation Failure) 18.850: [DefNew: 960K->48K(960K), 0.0030021 secs] 63017K->62168K(524224K), 0.0031427 secs] [Times: user=0.00 sys=0.00, real=0.00 secs] 
18.870: [GC (Allocation Failure) 18.870: [DefNew: 944K->38K(960K), 0.0024680 secs] 63067K->62196K(524224K), 0.0026054 secs] [Times: user=0.00 sys=0.00, real=0.00 secs] 
18.893: [GC (Allocation Failure) 18.894: [DefNew: 934K->35K(960K), 0.0020358 secs] 63105K->62243K(524224K), 0.0021467 secs] [Times: user=0.00 sys=0.00, real=0.00 secs] 
18.916: [GC (Allocation Failure) 18.916: [DefNew: 931K->57K(960K), 0.0019935 secs] 63146K->62285K(524224K), 0.0021108 secs] [Times: user=0.00 sys=0.00, real=0.00 secs] 
18.941: [GC (Allocation Failure) 18.941: [DefNew: 953K->63K(960K), 0.0032386 secs] 63185K->62350K(524224K), 0.0033716 secs] [Times: user=0.00 sys=0.00, real=0.00 secs] 
18.962: [GC (Allocation Failure) 18.962: [DefNew: 959K->58K(960K), 0.0030234 secs] 63291K->62459K(524224K), 0.0031758 secs] [Times: user=0.00 sys=0.00, real=0.00 secs] 
18.990: [GC (Allocation Failure) 18.990: [DefNew: 954K->63K(960K), 0.0031020 secs] 63360K->62536K(524224K), 0.0032406 secs] [Times: user=0.00 sys=0.00, real=0.00 secs] 
19.011: [GC (Allocation Failure) 19.011: [DefNew: 959K->63K(960K), 0.0026942 secs] 63463K->62615K(524224K), 0.0028241 secs] [Times: user=0.00 sys=0.00, real=0.00 secs] 
19.031: [GC (Allocation Failure) 19.031: [DefNew: 959K->60K(960K), 0.0029362 secs] 63512K->62675K(524224K), 0.0030404 secs] [Times: user=0.03 sys=0.00, real=0.00 secs] 
19.047: [GC (Allocation Failure) 19.047: [DefNew: 956K->48K(960K), 0.0029559 secs] 63575K->62723K(524224K), 0.0030953 secs] [Times: user=0.03 sys=0.00, real=0.00 secs] 
19.069: [GC (Allocation Failure) 19.069: [DefNew: 944K->64K(960K), 0.0036408 secs] 63620K->62802K(524224K), 0.0037672 secs] [Times: user=0.00 sys=0.00, real=0.00 secs] 
19.088: [GC (Allocation Failure) 19.088: [DefNew: 960K->31K(960K), 0.0020851 secs] 63701K->62827K(524224K), 0.0022055 secs] [Times: user=0.00 sys=0.00, real=0.00 secs] 
19.106: [GC (Allocation Failure) 19.106: [DefNew: 927K->26K(960K), 0.0019505 secs] 63727K->62855K(524224K), 0.0020539 secs] [Times: user=0.00 sys=0.00, real=0.00 secs] 
19.125: [GC (Allocation Failure) 19.125: [DefNew: 922K->33K(960K), 0.0027171 secs] 63766K->62902K(524224K), 0.0028403 secs] [Times: user=0.03 sys=0.00, real=0.00 secs] 
19.148: [GC (Allocation Failure) 19.148: [DefNew: 929K->20K(960K), 0.0025055 secs] 63814K->62936K(524224K), 0.0026579 secs] [Times: user=0.00 sys=0.00, real=0.00 secs] 
19.177: [GC (Allocation Failure) 19.177: [DefNew: 916K->21K(960K), 0.0028738 secs] 63839K->62964K(524224K), 0.0031581 secs] [Times: user=0.00 sys=0.00, real=0.00 secs] 
19.203: [GC (Allocation Failure) 19.204: [DefNew: 917K->23K(960K), 0.0032978 secs] 63868K->62995K(524224K), 0.0034328 secs] [Times: user=0.05 sys=0.00, real=0.00 secs] 
19.223: [GC (Allocation Failure) 19.223: [DefNew: 919K->23K(960K), 0.0024957 secs] 63892K->63018K(524224K), 0.0026314 secs] [Times: user=0.00 sys=0.00, real=0.00 secs] 
19.257: [GC (Allocation Failure) 19.257: [DefNew: 919K->64K(960K), 0.0021743 secs] 63920K->63144K(524224K), 0.0022702 secs] [Times: user=0.00 sys=0.00, real=0.00 secs] 
19.276: [GC (Allocation Failure) 19.276: [DefNew: 960K->63K(960K), 0.0029911 secs] 64041K->63309K(524224K), 0.0031363 secs] [Times: user=0.00 sys=0.00, real=0.00 secs] 
19.311: [GC (Allocation Failure) 19.311: [DefNew: 959K->33K(960K), 0.0028134 secs] 64206K->63344K(524224K), 0.0029563 secs] [Times: user=0.05 sys=0.00, real=0.00 secs] 
19.315: [GC (Allocation Failure) 19.315: [DefNew: 929K->5K(960K), 0.0026650 secs] 64245K->63354K(524224K), 0.0028126 secs] [Times: user=0.00 sys=0.00, real=0.00 secs] 
19.319: [GC (Allocation Failure) 19.319: [DefNew: 901K->8K(960K), 0.0031904 secs] 64256K->63368K(524224K), 0.0033156 secs] [Times: user=0.00 sys=0.00, real=0.00 secs] 
19.336: [GC (Allocation Failure) 19.336: [DefNew: 904K->9K(960K), 0.0029674 secs] 64271K->63383K(524224K), 0.0031099 secs] [Times: user=0.00 sys=0.00, real=0.00 secs] 
19.367: [GC (Allocation Failure) 19.367: [DefNew: 905K->64K(960K), 0.0028671 secs] 64279K->63480K(524224K), 0.0030124 secs] [Times: user=0.00 sys=0.00, real=0.00 secs] 
19.385: [GC (Allocation Failure) 19.385: [DefNew: 960K->50K(960K), 0.0033811 secs] 64379K->63528K(524224K), 0.0035248 secs] [Times: user=0.00 sys=0.00, real=0.00 secs] 
19.402: [GC (Allocation Failure) 19.402: [DefNew: 946K->24K(960K), 0.0032240 secs] 64446K->63574K(524224K), 0.0033724 secs] [Times: user=0.00 sys=0.00, real=0.00 secs] 
19.417: [GC (Allocation Failure) 19.417: [DefNew: 920K->24K(960K), 0.0021352 secs] 64489K->63615K(524224K), 0.0022552 secs] [Times: user=0.00 sys=0.00, real=0.00 secs] 
19.432: [GC (Allocation Failure) 19.432: [DefNew: 920K->29K(960K), 0.0025237 secs] 64519K->63648K(524224K), 0.0026516 secs] [Times: user=0.00 sys=0.00, real=0.00 secs] 
19.453: [GC (Allocation Failure) 19.453: [DefNew: 925K->21K(960K), 0.0027751 secs] 64547K->63671K(524224K), 0.0028924 secs] [Times: user=0.05 sys=0.00, real=0.00 secs] 
19.474: [GC (Allocation Failure) 19.474: [DefNew: 917K->30K(960K), 0.0027665 secs] 64572K->63705K(524224K), 0.0029062 secs] [Times: user=0.00 sys=0.00, real=0.00 secs] 
19.510: [GC (Allocation Failure) 19.510: [DefNew: 926K->32K(960K), 0.0021112 secs] 64601K->63735K(524224K), 0.0022095 secs] [Times: user=0.00 sys=0.00, real=0.00 secs] 
19.527: [GC (Allocation Failure) 19.527: [DefNew: 928K->40K(960K), 0.0019406 secs] 64632K->63775K(524224K), 0.0020429 secs] [Times: user=0.00 sys=0.00, real=0.00 secs] 
19.546: [GC (Allocation Failure) 19.546: [DefNew: 936K->5K(960K), 0.0019758 secs] 64671K->63776K(524224K), 0.0020689 secs] [Times: user=0.00 sys=0.00, real=0.00 secs] 
19.586: [GC (Allocation Failure) 19.586: [DefNew: 901K->32K(960K), 0.0029749 secs] 64673K->63808K(524224K), 0.0031107 secs] [Times: user=0.00 sys=0.00, real=0.00 secs] 
19.610: [GC (Allocation Failure) 19.610: [DefNew: 928K->27K(960K), 0.0026429 secs] 64706K->63833K(524224K), 0.0027830 secs] [Times: user=0.00 sys=0.00, real=0.00 secs] 
19.634: [GC (Allocation Failure) 19.634: [DefNew: 923K->47K(960K), 0.0028071 secs] 64737K->63885K(524224K), 0.0029571 secs] [Times: user=0.00 sys=0.00, real=0.00 secs] 
19.676: [GC (Allocation Failure) 19.676: [DefNew: 943K->61K(960K), 0.0032252 secs] 64788K->63944K(524224K), 0.0033685 secs] [Times: user=0.00 sys=0.00, real=0.00 secs] 
19.718: [GC (Allocation Failure) 19.718: [DefNew: 957K->38K(960K), 0.0031332 secs] 64845K->63986K(524224K), 0.0032674 secs] [Times: user=0.02 sys=0.00, real=0.00 secs] 
19.739: [GC (Allocation Failure) 19.739: [DefNew: 934K->1K(960K), 0.0019694 secs] 64884K->63984K(524224K), 0.0020673 secs] [Times: user=0.00 sys=0.00, real=0.00 secs] 
19.759: [GC (Allocation Failure) 19.759: [DefNew: 897K->7K(960K), 0.0019240 secs] 64882K->63993K(524224K), 0.0020287 secs] [Times: user=0.00 sys=0.00, real=0.00 secs] 
19.776: [GC (Allocation Failure) 19.776: [DefNew: 903K->4K(960K), 0.0017448 secs] 64890K->63997K(524224K), 0.0018486 secs] [Times: user=0.00 sys=0.00, real=0.00 secs] 
19.797: [GC (Allocation Failure) 19.797: [DefNew: 900K->0K(960K), 0.0018419 secs] 64895K->63999K(524224K), 0.0019387 secs] [Times: user=0.01 sys=0.00, real=0.00 secs] 
19.813: [GC (Allocation Failure) 19.813: [DefNew: 896K->0K(960K), 0.0020231 secs] 64896K->64000K(524224K), 0.0021404 secs] [Times: user=0.02 sys=0.00, real=0.00 secs] 
19.833: [GC (Allocation Failure) 19.833: [DefNew: 896K->5K(960K), 0.0019311 secs] 64897K->64005K(524224K), 0.0020393 secs] [Times: user=0.00 sys=0.00, real=0.00 secs] 
19.851: [GC (Allocation Failure) 19.851: [DefNew: 901K->0K(960K), 0.0016430 secs] 64904K->64007K(524224K), 0.0017425 secs] [Times: user=0.00 sys=0.00, real=0.00 secs] 
19.868: [GC (Allocation Failure) 19.868: [DefNew: 896K->1K(960K), 0.0016169 secs] 64904K->64008K(524224K), 0.0017148 secs] [Times: user=0.00 sys=0.00, real=0.00 secs] 
19.885: [GC (Allocation Failure) 19.885: [DefNew: 897K->1K(960K), 0.0018988 secs] 64905K->64009K(524224K), 0.0020144 secs] [Times: user=0.00 sys=0.00, real=0.00 secs] 
19.903: [GC (Allocation Failure) 19.903: [DefNew: 897K->2K(960K), 0.0024301 secs] 64906K->64011K(524224K), 0.0025517 secs] [Times: user=0.00 sys=0.00, real=0.00 secs] 
19.923: [GC (Allocation Failure) 19.923: [DefNew: 898K->0K(960K), 0.0017121 secs] 64908K->64011K(524224K), 0.0018305 secs] [Times: user=0.00 sys=0.00, real=0.00 secs] 
19.941: [GC (Allocation Failure) 19.941: [DefNew: 896K->1K(960K), 0.0019473 secs] 64910K->64015K(524224K), 0.0020559 secs] [Times: user=0.00 sys=0.00, real=0.00 secs] 
19.957: [GC (Allocation Failure) 19.957: [DefNew: 897K->1K(960K), 0.0016959 secs] 64915K->64019K(524224K), 0.0017894 secs] [Times: user=0.00 sys=0.00, real=0.00 secs] 
19.974: [GC (Allocation Failure) 19.974: [DefNew: 897K->1K(960K), 0.0017042 secs] 64916K->64021K(524224K), 0.0018119 secs] [Times: user=0.00 sys=0.00, real=0.00 secs] 
19.994: [GC (Allocation Failure) 19.994: [DefNew: 897K->11K(960K), 0.0017507 secs] 64920K->64035K(524224K), 0.0018490 secs] [Times: user=0.00 sys=0.00, real=0.00 secs] 
20.013: [GC (Allocation Failure) 20.013: [DefNew: 907K->4K(960K), 0.0017413 secs] 64932K->64039K(524224K), 0.0018297 secs] [Times: user=0.00 sys=0.00, real=0.00 secs] 
20.030: [GC (Allocation Failure) 20.030: [DefNew: 900K->41K(960K), 0.0018514 secs] 64935K->64079K(524224K), 0.0019473 secs] [Times: user=0.00 sys=0.00, real=0.00 secs] 
20.051: [GC (Allocation Failure) 20.051: [DefNew: 937K->64K(960K), 0.0022683 secs] 64979K->64217K(524224K), 0.0023764 secs] [Times: user=0.00 sys=0.00, real=0.00 secs] 
20.065: [GC (Allocation Failure) 20.065: [DefNew: 960K->36K(960K), 0.0020200 secs] 65114K->64254K(524224K), 0.0021226 secs] [Times: user=0.00 sys=0.00, real=0.00 secs] 
20.085: [GC (Allocation Failure) 20.085: [DefNew: 932K->63K(960K), 0.0024850 secs] 65172K->64330K(524224K), 0.0026528 secs] [Times: user=0.00 sys=0.00, real=0.00 secs] 
20.100: [GC (Allocation Failure) 20.100: [DefNew: 959K->62K(960K), 0.0021522 secs] 65244K->64382K(524224K), 0.0022485 secs] [Times: user=0.00 sys=0.00, real=0.00 secs] 
20.125: [GC (Allocation Failure) 20.125: [DefNew: 958K->63K(960K), 0.0029319 secs] 65307K->64444K(524224K), 0.0030586 secs] [Times: user=0.02 sys=0.00, real=0.00 secs] 
20.144: [GC (Allocation Failure) 20.144: [DefNew: 959K->53K(960K), 0.0027013 secs] 65368K->64491K(524224K), 0.0028032 secs] [Times: user=0.00 sys=0.00, real=0.00 secs] 
20.166: [GC (Allocation Failure) 20.166: [DefNew: 949K->58K(960K), 0.0019967 secs] 65431K->64551K(524224K), 0.0021060 secs] [Times: user=0.00 sys=0.00, real=0.00 secs] 
20.185: [GC (Allocation Failure) 20.185: [DefNew: 954K->45K(960K), 0.0029903 secs] 65477K->64586K(524224K), 0.0030977 secs] [Times: user=0.00 sys=0.00, real=0.00 secs] 
20.201: [GC (Allocation Failure) 20.201: [DefNew: 941K->46K(960K), 0.0028774 secs] 65497K->64613K(524224K), 0.0030152 secs] [Times: user=0.02 sys=0.00, real=0.00 secs] 
20.215: [GC (Allocation Failure) 20.215: [DefNew: 942K->58K(960K), 0.0019742 secs] 65511K->64636K(524224K), 0.0020938 secs] [Times: user=0.00 sys=0.00, real=0.00 secs] 
20.232: [GC (Allocation Failure) 20.232: [DefNew: 954K->58K(960K), 0.0019588 secs] 65539K->64652K(524224K), 0.0020488 secs] [Times: user=0.00 sys=0.00, real=0.00 secs] 
20.248: [GC (Allocation Failure) 20.248: [DefNew: 954K->57K(960K), 0.0018644 secs] 65551K->64662K(524224K), 0.0019655 secs] [Times: user=0.00 sys=0.00, real=0.00 secs] 
20.266: [GC (Allocation Failure) 20.266: [DefNew: 953K->58K(960K), 0.0019311 secs] 65562K->64675K(524224K), 0.0020117 secs] [Times: user=0.02 sys=0.00, real=0.00 secs] 
20.285: [GC (Allocation Failure) 20.285: [DefNew: 954K->57K(960K), 0.0025087 secs] 65582K->64692K(524224K), 0.0026283 secs] [Times: user=0.00 sys=0.00, real=0.00 secs] 
20.309: [GC (Allocation Failure) 20.309: [DefNew: 953K->41K(960K), 0.0025087 secs] 65679K->64778K(524224K), 0.0025924 secs] [Times: user=0.00 sys=0.00, real=0.00 secs] 
20.327: [GC (Allocation Failure) 20.327: [DefNew: 937K->63K(960K), 0.0024921 secs] 65707K->64932K(524224K), 0.0026074 secs] [Times: user=0.02 sys=0.00, real=0.00 secs] 
20.357: [GC (Allocation Failure) 20.357: [DefNew: 959K->63K(960K), 0.0035011 secs] 65903K->65090K(524224K), 0.0036282 secs] [Times: user=0.02 sys=0.00, real=0.00 secs] 
20.385: [GC (Allocation Failure) 20.385: [DefNew: 959K->60K(960K), 0.0031131 secs] 66005K->65156K(524224K), 0.0032307 secs] [Times: user=0.00 sys=0.00, real=0.00 secs] 
20.411: [GC (Allocation Failure) 20.411: [DefNew: 956K->46K(960K), 0.0026243 secs] 66146K->65259K(524224K), 0.0027104 secs] [Times: user=0.00 sys=0.00, real=0.00 secs] 
20.451: [GC (Allocation Failure) 20.451: [DefNew: 942K->54K(960K), 0.0028916 secs] 66179K->65314K(524224K), 0.0030317 secs] [Times: user=0.00 sys=0.00, real=0.00 secs] 
20.594: [GC (Allocation Failure) 20.594: [DefNew: 950K->63K(960K), 0.0025446 secs] 66382K->65563K(524224K), 0.0026579 secs] [Times: user=0.03 sys=0.00, real=0.00 secs] 
20.624: [GC (Allocation Failure) 20.624: [DefNew: 959K->58K(960K), 0.0030353 secs] 66462K->65604K(524224K), 0.0031794 secs] [Times: user=0.02 sys=0.00, real=0.00 secs] 
20.683: [GC (Allocation Failure) 20.683: [DefNew: 954K->62K(960K), 0.0023030 secs] 66530K->65653K(524224K), 0.0024076 secs] [Times: user=0.00 sys=0.00, real=0.00 secs] 
21.358: [GC (Allocation Failure) 21.358: [DefNew: 958K->45K(960K), 0.0032461 secs] 66591K->65692K(524224K), 0.0033692 secs] [Times: user=0.02 sys=0.00, real=0.00 secs] 
Heap
 def new generation   total 960K, used 656K [0x00000000e0000000, 0x00000000e0100000, 0x00000000e0100000)
  eden space 896K,  68% used [0x00000000e0000000, 0x00000000e0098d60, 0x00000000e00e0000)
  from space 64K,  70% used [0x00000000e00e0000, 0x00000000e00eb470, 0x00000000e00f0000)
  to   space 64K,   0% used [0x00000000e00f0000, 0x00000000e00f0000, 0x00000000e0100000)
 tenured generation   total 523264K, used 65660K [0x00000000e0100000, 0x0000000100000000, 0x0000000100000000)
   the space 523264K,  12% used [0x00000000e0100000, 0x00000000e411f2d8, 0x00000000e411f400, 0x0000000100000000)
 Metaspace       used 49075K, capacity 49570K, committed 50088K, reserved 1093632K
  class space    used 6418K, capacity 6552K, committed 6576K, reserved 1048576K
                                                                                                                                                                                                                                                                                                                                                                                                                                                                                                                                                                                                                                                                                                                                                                                                                                                                                                                                                                                                                                                                                                                                                                                                                                                                                                                                                                                                                                                                                                                                                                                                                                                                                                                                                                                                                                                                                                                                                                                                                                                                                                                                                                                                                                                                                                                                                                                                                                                                                                                                                                                                                                                                                                                                                                                                                                                                                                                                                                                                                                                                                                                                                                                                                                                                                                                                                                                                                                                                                                                                                                                                                                                                                                                                                                                                                                                                                                                                                                                                                                                                                                                                                                                                                                                                                                                                                                                                                                                                                                                                                                                                                                                                                                                                                                                                                                                                                                                                                                                                                                                                                                                                                                                                                                                                                                                                                                                                                                                                                                                                                                                                                                                                                                                                                                                                                                                                                                                                                                                                                                                                                                                                                                                                                                                                                                                                                                                                                                                                                                                                                                                                                                                                                                                                                                                                                                                                                                                                                                                                                                                                                                                                                                                                                                                                                                                                                                                                                                                                                                                                                                                                                                                                                                                                                                                                                                                                                                                                                                                                                                                                                                                                                                                                                                                                                                                                                                                                                                                                                                                                                                                                                                                                                                                                                                                                                                                                                                                                                                                                                                                                                                                                                                                                                                                                                                                                                                                                                                                                                                                                                                                                                                                                                                                                                                                                                                                                                                                                                                                                                                                                                                                                                                                                                                                                                                                                                                                                                                                                                                                                                                                                                                                                                                                                                                                                                                                                                                                                                                                                                                                                                                                                                                                                                                                                                                                                                                                                                                                                                                                                                                                                                                                                                                                                                                                                                                                                                                                                                                                                                                                                                                                                                                                                                                                                                                                                                                                                                                                                                                                                                                                                                                                                                                                                                                                                                                                                                                                                                                                                                                                                                                                                                                                                                                                                                                                                                                                                                                                                                                                                                                                                                                                                                                                                                                                                                                                                                                                                                                                                                                                                                                                                                                                                                                                                                                                                                                                                                                                                                                                                                                                                                                                                                                                                                                                                                                                                                                                                                                                                                                                                                                                                                                                                                                                                                                                                                                                                                                                                                                                                                                                                                                                                                                                                                                                                                                                                                                                                                                                                                                                                                                                                                                                                                                                                                                                                                                                                                                                                                                                                                                                                                                                                                                                                                                                                                                                                                                                                                                                                                                                                                                                                                                                                                                                                                                                                                                                                                                                                                                                                                                                                                                                                                                                                                                                                                                                                                                                                                                                                                                                                                                                                                                                                                                                                                                                                                                                                                                                                                                                                                                                                                                                                                                                                                                                                                                                                                                                                                                                                                                                                                                                                                                                                                                                                                                                                                                                                                                                                                                                                                                                                                                                                                                                                                                                                                                                                                                                                                                                                                                                                                                                                                                                                                                                                                                                                                                                                                                                                                                                                                                                                                                                                                                                                                                                                                                                                                                                                                                                                                                                                                                                                                                                                                                                                                                                                                                                                                                                                                                                                                                                                                                                                                                                                                                                                                                                                                                                                                                                                                                                                                                                                                                                                                                                                                                                                                                                                                                                                                                                                                                                                                                                                                                                                                                                                                                                                                                                                                                                                                                                                                                                                                                                                                                                                                                                                                                                                                                                                                                                                                                                                                                                                                                                                                                                                                                                                                                                                                                                                                                                                                                                                                                                                                                                                                                                                                                                                                                                                                                                                                                                                                                                                                                                                                                                                                                                                                                                                                                                                                                                                                                                                                                                                                                                                                                                                                                                                                                                                                                                                                                                                                                                                                                                                                                                                                                                                                                                                                                                                                                                                                                                                                                                                                                                                                                                                                                                                                                                                                                                                                                                                                                                                                                                                                                                                                                                                                                                                                                                                                                                                                                                                                                                                                                                                                                                                                                                                                                                                                                                                                                                                                                                                                                                                                                                                                                                                                                                                                                                                                                                                                                                                                                                                                                                                                                                                                                                                                                                                                                                                                                                                                                                                                                                                                                                                                                                                                                                                                                                                                                                                                                                                                                                                                                                                                                                                                                                                                                                                                                                                                                                                                                                                                                                                                                                                                                                                                                                                                                                                                                                                                                                                                                                                                                                                                                                                                                                                                                                                                                                                                                                                                                                                                                                                                                                                                                                                                                                                                                                                                                                                                                                                                                                                                                                                                                                                                                                                                                                                                                                                                                                                                                                                                                                                                                                                                                                                                                                                                                                                                                                                                                                                                                                                                                                                                                                                                                                                                                                                                                                                                                                                                                                                                                                                                                                                                                                                                                                                                                                                                                                                                                                                                                                                                                                                                                                                                                                                                                                                                                                                                                                                                                                                                                                                                                                                                                                                                                                                                                                                                                                                                                                                                                                                                                                                                                                                                                                                                                                                                                                                                                                                                                                                                                                                                                                                                                                                                                                                                                                                                                                                                                                                                                                                                                                                                                                                                                                                                                                                                                                                                                                                                                                                                                                                                                                                                                                                                                                                                                                                                                                                                                                                                                                                                                                                                                                                                                                                                                                                                                                                                                                                                                                                                                                                                                                                                                                                                                                                                                                                                                                                                                                                                                                                                                                                                                                                                                                                                                                                                                                                                                                                                                                                                                                                                                                                                                                                                                                                                                                                                                                                                                                                                                                                                                                                                                                                                                                                                                                                                                                                                                                                                                                                                                                                                                                                                                                                                                                                                                                                                                                                                                                                                                                                                                                                                                                                                                                                                                                                                                                                                                                                                                                                                                                                                                                                                                                                                                                                                                                                                                                                                                                                                                                                                                                                                                                                                                                                                                                                                                                                                                                                                                                                                                                                                                                                                                                                                                                                                                                                                                                                                                                                                                                                                                                                                                                                                                                                                                                                                                                                                                                                                                                                                                                                                                                                                                                                                                                                                                                                                                                                                                                                                                                                                                                                                                                                                                                                                                                                                                                                                                                                                                                                                                                                                                                                                                                                                                                                                                                                                                                                                                                                                                                                                                                                                                                                                                                                                                                                                                                                                                                                                                                                                                                                                                                                                                                                                                                                                                                                                                                                                                                                                                                                                                                                                                                                                                                                                                                                                                                                                                                                                                                                                                                                                                                                                                                                                                                                                                                                                                                                                                                                                                                                                                                                                                                                                                                                                                                                                                                                                                                                                                                                                                                                                                                                                                                                                                                                                                                                                                                                                                                                                                                                                                                                                                                                                                                                                                                                                                                                                                                                                                                                                                                                                                                                                                                                                                                                                                                                                                                                                                                                                                                                                                                                                                                                                                                                                                                                                                                                                                                                                                                                                                                                                                                                                                                                                                                                                                                                                                                                                                                                                                                                                                                                                                                                                                                                                                                                                                                                                                                                                                                                                                                                                                                                                                                                                                                                                                                                                                                                                                                                                                                                                                                                                                                                                                                                                                                                                                                                                                                                                                                                                                                                                                                                                                                                                                                                                                                                                                                                                                                                                                                                                                                                                                                                                                                                                                                                                                                                                                                                                                                                                                                                                                                                                                                                                                                                                                                                                                                                                                                                                                                                                                                                                                                                                                                                                                                                                                                                                                                                                                                                                                                                                                                                                                                                                                                                                                                                                                                                                                                                                                                                                                                                                                                                                                                                                                                                                                                                                                                                                                                                                                                                                                                                                                                                                                                                                                                                                                                                                                                                                                                                                                                                                                                                                                                                                                                                                                                                                                                                                                                                                                                                                                                                                                                                                                                                                                                                                                                                                                                                                                                                                                                                                                                                                                                                                                                                                                                                                                                                                                                                                                                                                                                                                                                                                                                                                                                                                                                                                                                                                                                                                                                                                                                                                                                                                                                                                                                                                                                                                                                                                                                                                                                                                                                                                                                                                                                                                                                                                                                                                                                                                                                                                                                                                                                                                                                                                                                                                                                                                                                                                                                                                                                                                                                                                                                                                                                                                                                                                                                                                                                                                                                                                                                                                                                                                                                                                                                                                                                                                                                                                                                                                                                                                                                                                                                                                                                                                                                                                                                                                                                                                                                                                                                                                                                                                                                                                                                                                                                                                                                                                                                                                                                                                                                                                                                                                                                                                                                                                                                                                                                                                                                                                                                                                                                                                                                                                                                                                                                                                                                                                                                                                                                                                                                                                                                                                                                                                                                                                                                                                                                                                                                                                                                                                                                                                                                                                                                                                                                                                                                                                                                                                                                                                                                                                                                                                                                                                                                                                                                                                                                                                                                                                                                                                                                                                                                                                                                                                                                                                                                                                                                                                                                                                                                                                                                                                                                                                                                                                                                                                                                                                                                                                                                                                                                                                                                                                                                                                                                                                                                                                                                                                                                                                                                                                                                                                                                                                                                                                                                                                                                                                                                                                                                                                                                                                                                                                                                                                                                                                                                                                                                                                                                                                                                                                                                                                                                                                                                                                                                                                                                                                                                                                                                                                                                                                                                                                                                                                                                                                                                                                                                                                                                                                                                                                                                                                                                                                                                                                                                                                                                                                                                                                                                                                                                                                                                                                                                                                                                                                                                                                                                                                                                                                                                                                                                                                                                                                                                                                                                                                                                                                                                                                                                                                                                                                                                                                                                                                                                                                                                                                                                                                                                                                                                                                                                                                                                                                                                                                                                                                                                                                                                                                                                                                                                                                                                                                                                                                                                                                                                                                                                                                                                                                                                                                                                                                                                                                                                                                                                                                                                                                                                                                                                                                                                                                                                                                                                                                                                                                                                                                                                                                                                                                                                                                                                                                                                                                                                                                                                                                                                                                                                                                                                                                                                                                                                                                                                                                                                                                                                                                                                                                                                                                                                                                                                                                                                                                                                                                                                                                                                                                                                                                                                                                                                                                                                                                                                                                                                                                                                                                                                                                                                                                                                                                                                                                                                                                                                                                                                                                                                                                                                                                                                                                                                                                                                                                                                                                                                                                                                                                                                                                                                                                                                                                                                                                                                                                                                                                                                                                                                                                                                                                                                                                                                                                                                                                                                                                                                                                                                                                                                                                                                                                                                                                                                                                                                                                                                                                                                                                                                                                                                                                                                                                                                                                                                                                                                                                                                                                                                                                                                                                                                                                                                                                                                                                                                                                                                                                                                                                                                                                                                                                                                                                                                                                                                                                                                                                                                                                                                                                                                                                                                                                                                                                                                                                                                                                                                                                                                                                                                                                                                                                                                                                                                                                                                                                                                                                                                                                                                                                                                                                                                                                                                                                                                                                                                                                                                                                                                                                                                                                                                                                                                                                                                                                                                                                                                                                                                                                                                                                                                                                                                                                                                                                                                                                                                                                                                                                                                                                                                                                                                                                                                                                                                                                                                                                                                                                                                                                                                                                                                                                                                                                                                                                                                                                                                                                                                                                                                                                                                                                                                                                                                                                                                                                                                                                                                                                                                                                                                                                                                                                                                                                                                                                                                                                                                                                                                                                                                                                                                                                                                                                                                                                                                                                                                                                                                                                                                                                                                                                                                                                                                                                                                                                                                                                                                                                                                                                                                                                                                                                                                                                                                                                                                                                                                                                                                                                                                                                                                                                                                                                                                                                                                                                                                                                                                                                                                                                                                                                                                                                                                                                                                                                                                                                                                                                                                                                                                                                                                                                                                                                                                                                                                                                                                                                                                                                                                                                                                                                                                                                                                                                                                                                                                                                                                                                                                                                                                                                                                                                                                                                                                                                                                                                                                                                                                                                                                                                                                                                                                                                                                                                                                                                                                                                                                                                                                                                                                                                                                                                                                                                                                                                                                                                                                                                                                                                                                                                                                                                                                                                                                                                                                                                                                                                                                                                                                                                                                                                                                                                                                                                                                                                                                                                                                                                                                                                                                                                                                                                                                                                                                                                                                                                                                                                                                                                                                                                                                                                                                                                                                                                                                                                                                                                                                                                                                                                                                                                                                                                                                                                                                                                                                                                                                                                                                                                                                                                                                                                                                                                                                                                                                                                                                                                                                                                                                                                                                                                                                                                                                                                                                                                                                                                                                                                                                                                                                                                                                                                                                                                                                                                                                                                                                                                                                                                                                                                                                                                                                                                                                                                                                                                                                                                                                                                                                                                                                                                                                                                                                                                                                                                                                                                                                                                                                                                                                                                                                                                                                                                                                                                                                                                                                                                                                                                                                                                                                                                                                                                                                                                                                                                                                                                                                                                                                                                                                                                                                                                                                                                                                                                                                                                                                                                                                                                                                                                                                                                                                                                                                                                                                                                                                                                                                                                                                                                                                                                                                                                                                                                                                                                                                                                                                                                                                                                                                                                                                                                                                                                                                                                                                                                                                                                                                                                                                                                                                                                                                                                                                                                                                                                                                                                                                                                                                                                                                                                                                                                                                                                                                                                                                                                                                                                                                                                                                                                                                                                                                                                                                                                                                                                                                                                                                                                                                                                                                                                                                                                                                                                                                                                                                                                                                                                                                                                                                                                                                                                                                                                                                                                                                                                                                                                                                                                                                                                                                                                                                                                                                                                                                                                                                                                                                                                                                                                                                                                                                                                                                                                                                                                                                                                                                                                                                                                                                                                                                                                                                                                                                                                                                                                                                                                                                                                                                                                                                                                                                                                                                                                                                                                                                                                                                                                                                                                                                                                                                                                                                                                                                                                                                                                                                                                                                                                                                                                                                                                                                                                                                                                                                                                                                                                                                                                                                                                                                                                                                                                                                                                                                                                                                                                                                                                                                                                                                                                                                                                                                                                                                                                                                                                                                                                                                                                                                                                                                                                                                                                                                                                                                                                                                                                                                                                                                                                                                                                                                                                                                                                                                                                                                                                                                                                                                                                                                                                                                                                                                                                                                                                                                                                                                                                                                                                                                                                                                                                                                                                                                                                                        403.376: [GC (Allocation Failure) 403.414: [DefNew: 935K->7K(960K), 0.0025335 secs] 65348K->64453K(524224K), 0.0407910 secs] [Times: user=0.00 sys=0.00, real=0.04 secs] 
410.110: [GC (Allocation Failure) 410.110: [DefNew: 903K->36K(960K), 0.0042500 secs] 65413K->64549K(524224K), 0.0044604 secs] [Times: user=0.02 sys=0.00, real=0.01 secs] 
434.628: [GC (Allocation Failure) 434.629: [DefNew: 932K->6K(960K), 0.0023275 secs] 65445K->64531K(524224K), 0.0024479 secs] [Times: user=0.00 sys=0.00, real=0.00 secs] 
459.310: [GC (Allocation Failure) 459.310: [DefNew: 902K->6K(960K), 0.0025118 secs] 65427K->64533K(524224K), 0.0026358 secs] [Times: user=0.00 sys=0.00, real=0.00 secs] 
484.804: [GC (Allocation Failure) 484.805: [DefNew: 902K->5K(960K), 0.0037877 secs] 65429K->64532K(524224K), 0.0039898 secs] [Times: user=0.00 sys=0.00, real=0.00 secs] 
510.510: [GC (Allocation Failure) 510.510: [DefNew: 901K->4K(960K), 0.0021009 secs] 65428K->64531K(524224K), 0.0022004 secs] [Times: user=0.00 sys=0.00, real=0.00 secs] 
535.999: [GC (Allocation Failure) 535.999: [DefNew: 900K->5K(960K), 0.0022454 secs] 65427K->64533K(524224K), 0.0023559 secs] [Times: user=0.00 sys=0.00, real=0.00 secs] 
549.474: [GC (Allocation Failure) 549.474: [DefNew: 901K->12K(960K), 0.0048638 secs] 65430K->64541K(524224K), 0.0050872 secs] [Times: user=0.00 sys=0.00, real=0.00 secs] 
550.157: [Full GC (System.gc()) 550.157: [Tenured: 64545K->35425K(523264K), 0.1014817 secs] 65376K->35425K(524224K), [Metaspace: 53132K->53132K(1095680K)], 0.1016964 secs] [Times: user=0.11 sys=0.00, real=0.10 secs] 
550.279: [GC (Allocation Failure) 550.279: [DefNew: 896K->64K(960K), 0.0036420 secs] 36661K->35841K(524224K), 0.0037462 secs] [Times: user=0.00 sys=0.00, real=0.00 secs] 
550.299: [GC (Allocation Failure) 550.299: [DefNew: 960K->23K(960K), 0.0020737 secs] 36748K->35842K(524224K), 0.0021802 secs] [Times: user=0.00 sys=0.03, real=0.00 secs] 
550.315: [GC (Allocation Failure) 550.315: [DefNew: 919K->55K(960K), 0.0023389 secs] 36890K->36032K(524224K), 0.0024364 secs] [Times: user=0.00 sys=0.00, real=0.00 secs] 
550.335: [GC (Allocation Failure) 550.335: [DefNew: 951K->16K(960K), 0.0023930 secs] 36938K->36014K(524224K), 0.0025197 secs] [Times: user=0.00 sys=0.00, real=0.00 secs] 
550.355: [GC (Allocation Failure) 550.355: [DefNew: 912K->6K(960K), 0.0017661 secs] 36910K->36020K(524224K), 0.0018510 secs] [Times: user=0.00 sys=0.00, real=0.00 secs] 
550.376: [GC (Allocation Failure) 550.376: [DefNew: 902K->64K(960K), 0.0024270 secs] 36970K->36207K(524224K), 0.0025324 secs] [Times: user=0.01 sys=0.00, real=0.00 secs] 
550.395: [GC (Allocation Failure) 550.395: [DefNew: 960K->38K(960K), 0.0026938 secs] 37111K->36253K(524224K), 0.0028158 secs] [Times: user=0.00 sys=0.00, real=0.00 secs] 
550.410: [GC (Allocation Failure) 550.410: [DefNew: 934K->45K(960K), 0.0022612 secs] 37244K->36386K(524224K), 0.0023753 secs] [Times: user=0.00 sys=0.00, real=0.00 secs] 
550.431: [GC (Allocation Failure) 550.431: [DefNew: 941K->64K(960K), 0.0024514 secs] 37282K->36433K(524224K), 0.0025533 secs] [Times: user=0.00 sys=0.00, real=0.00 secs] 
550.452: [GC (Allocation Failure) 550.452: [DefNew: 960K->64K(960K), 0.0030191 secs] 37414K->36589K(524224K), 0.0031202 secs] [Times: user=0.00 sys=0.00, real=0.00 secs] 
550.479: [GC (Allocation Failure) 550.479: [DefNew: 960K->43K(960K), 0.0024530 secs] 37494K->36635K(524224K), 0.0025639 secs] [Times: user=0.00 sys=0.00, real=0.00 secs] 
550.506: [GC (Allocation Failure) 550.506: [DefNew: 939K->62K(960K), 0.0022793 secs] 37535K->36690K(524224K), 0.0023583 secs] [Times: user=0.00 sys=0.00, real=0.00 secs] 
550.530: [GC (Allocation Failure) 550.530: [DefNew: 958K->63K(960K), 0.0021455 secs] 37598K->36744K(524224K), 0.0022264 secs] [Times: user=0.00 sys=0.00, real=0.00 secs] 
550.564: [GC (Allocation Failure) 550.564: [DefNew: 959K->24K(960K), 0.0025560 secs] 37644K->36761K(524224K), 0.0026642 secs] [Times: user=0.02 sys=0.00, real=0.00 secs] 
550.591: [GC (Allocation Failure) 550.591: [DefNew: 920K->37K(960K), 0.0019008 secs] 37660K->36794K(524224K), 0.0020014 secs] [Times: user=0.00 sys=0.00, real=0.00 secs] 
550.611: [GC (Allocation Failure) 550.611: [DefNew: 933K->63K(960K), 0.0028545 secs] 37823K->37157K(524224K), 0.0030033 secs] [Times: user=0.03 sys=0.00, real=0.00 secs] 
550.617: [GC (Allocation Failure) 550.617: [DefNew: 959K->3K(960K), 0.0025628 secs] 38054K->37159K(524224K), 0.0026796 secs] [Times: user=0.00 sys=0.00, real=0.00 secs] 
550.624: [GC (Allocation Failure) 550.624: [DefNew: 899K->0K(960K), 0.0028363 secs] 38055K->37159K(524224K), 0.0029852 secs] [Times: user=0.00 sys=0.00, real=0.00 secs] 
550.640: [GC (Allocation Failure) 550.640: [DefNew: 896K->10K(960K), 0.0025403 secs] 38055K->37169K(524224K), 0.0026950 secs] [Times: user=0.03 sys=0.00, real=0.00 secs] 
550.719: [GC (Allocation Failure) 550.719: [DefNew: 906K->26K(960K), 0.0025213 secs] 38136K->37258K(524224K), 0.0026674 secs] [Times: user=0.05 sys=0.00, real=0.00 secs] 
550.742: [GC (Allocation Failure) 550.742: [DefNew: 922K->7K(960K), 0.0019975 secs] 38154K->37244K(524224K), 0.0021226 secs] [Times: user=0.00 sys=0.00, real=0.00 secs] 
550.758: [GC (Allocation Failure) 550.758: [DefNew: 903K->8K(960K), 0.0024814 secs] 38141K->37250K(524224K), 0.0026034 secs] [Times: user=0.00 sys=0.00, real=0.00 secs] 
550.778: [GC (Allocation Failure) 550.778: [DefNew: 904K->7K(960K), 0.0022683 secs] 38168K->37275K(524224K), 0.0023867 secs] [Times: user=0.00 sys=0.00, real=0.00 secs] 
550.820: [GC (Allocation Failure) 550.820: [DefNew: 903K->54K(960K), 0.0024471 secs] 38261K->37417K(524224K), 0.0025699 secs] [Times: user=0.00 sys=0.00, real=0.00 secs] 
550.841: [GC (Allocation Failure) 550.841: [DefNew: 950K->50K(960K), 0.0025635 secs] 38322K->37448K(524224K), 0.0026954 secs] [Times: user=0.00 sys=0.00, real=0.00 secs] 
550.863: [GC (Allocation Failure) 550.863: [DefNew: 946K->64K(960K), 0.0022497 secs] 38349K->37525K(524224K), 0.0023630 secs] [Times: user=0.00 sys=0.00, real=0.00 secs] 
550.898: [GC (Allocation Failure) 550.898: [DefNew: 960K->62K(960K), 0.0025936 secs] 38427K->37593K(524224K), 0.0027368 secs] [Times: user=0.00 sys=0.00, real=0.00 secs] 
550.916: [GC (Allocation Failure) 550.916: [DefNew: 958K->63K(960K), 0.0027688 secs] 38506K->37658K(524224K), 0.0029086 secs] [Times: user=0.00 sys=0.00, real=0.00 secs] 
550.944: [GC (Allocation Failure) 550.944: [DefNew: 959K->51K(960K), 0.0025446 secs] 38564K->37716K(524224K), 0.0026713 secs] [Times: user=0.00 sys=0.00, real=0.00 secs] 
550.968: [GC (Allocation Failure) 550.968: [DefNew: 947K->57K(960K), 0.0027834 secs] 38613K->37760K(524224K), 0.0029058 secs] [Times: user=0.00 sys=0.00, real=0.00 secs] 
550.984: [GC (Allocation Failure) 550.984: [DefNew: 953K->62K(960K), 0.0026196 secs] 38680K->37833K(524224K), 0.0027574 secs] [Times: user=0.03 sys=0.00, real=0.00 secs] 
551.002: [GC (Allocation Failure) 551.002: [DefNew: 958K->49K(960K), 0.0025679 secs] 38752K->37893K(524224K), 0.0026942 secs] [Times: user=0.03 sys=0.00, real=0.00 secs] 
551.017: [GC (Allocation Failure) 551.017: [DefNew: 945K->41K(960K), 0.0024408 secs] 38821K->37955K(524224K), 0.0025632 secs] [Times: user=0.03 sys=0.00, real=0.00 secs] 
551.034: [GC (Allocation Failure) 551.034: [DefNew: 937K->54K(960K), 0.0025849 secs] 38857K->38002K(524224K), 0.0027171 secs] [Times: user=0.00 sys=0.00, real=0.00 secs] 
551.055: [GC (Allocation Failure) 551.055: [DefNew: 950K->21K(960K), 0.0023362 secs] 38899K->38004K(524224K), 0.0024629 secs] [Times: user=0.00 sys=0.00, real=0.00 secs] 
551.074: [GC (Allocation Failure) 551.074: [DefNew: 917K->14K(960K), 0.0020910 secs] 38902K->38008K(524224K), 0.0021968 secs] [Times: user=0.00 sys=0.00, real=0.00 secs] 
551.093: [GC (Allocation Failure) 551.093: [DefNew: 910K->23K(960K), 0.0021408 secs] 38908K->38030K(524224K), 0.0022592 secs] [Times: user=0.00 sys=0.00, real=0.00 secs] 
551.111: [GC (Allocation Failure) 551.111: [DefNew: 919K->24K(960K), 0.0030677 secs] 38932K->38056K(524224K), 0.0032192 secs] [Times: user=0.05 sys=0.00, real=0.00 secs] 
551.132: [GC (Allocation Failure) 551.132: [DefNew: 920K->27K(960K), 0.0018633 secs] 38952K->38074K(524224K), 0.0019694 secs] [Times: user=0.00 sys=0.00, real=0.00 secs] 
551.157: [GC (Allocation Failure) 551.157: [DefNew: 923K->17K(960K), 0.0026922 secs] 38988K->38101K(524224K), 0.0028328 secs] [Times: user=0.05 sys=0.00, real=0.00 secs] 
551.178: [GC (Allocation Failure) 551.178: [DefNew: 913K->42K(960K), 0.0025509 secs] 39014K->38153K(524224K), 0.0026543 secs] [Times: user=0.00 sys=0.00, real=0.00 secs] 
551.196: [GC (Allocation Failure) 551.196: [DefNew: 938K->3K(960K), 0.0024368 secs] 39055K->38149K(524224K), 0.0025691 secs] [Times: user=0.00 sys=0.00, real=0.00 secs] 
551.218: [GC (Allocation Failure) 551.218: [DefNew: 899K->12K(960K), 0.0024356 secs] 39045K->38161K(524224K), 0.0025936 secs] [Times: user=0.02 sys=0.02, real=0.00 secs] 
551.237: [GC (Allocation Failure) 551.237: [DefNew: 908K->19K(960K), 0.0023449 secs] 39082K->38201K(524224K), 0.0024775 secs] [Times: user=0.00 sys=0.00, real=0.00 secs] 
551.251: [GC (Allocation Failure) 551.251: [DefNew: 915K->49K(960K), 0.0025047 secs] 39102K->38247K(524224K), 0.0026141 secs] [Times: user=0.05 sys=0.00, real=0.00 secs] 
551.266: [GC (Allocation Failure) 551.266: [DefNew: 945K->24K(960K), 0.0023899 secs] 39228K->38329K(524224K), 0.0025166 secs] [Times: user=0.05 sys=0.00, real=0.00 secs] 
551.290: [GC (Allocation Failure) 551.304: [DefNew: 920K->3K(960K), 0.0027984 secs] 39227K->38315K(524224K), 0.0166607 secs] [Times: user=0.03 sys=0.00, real=0.02 secs] 
551.331: [GC (Allocation Failure) 551.331: [DefNew: 899K->24K(960K), 0.0024763 secs] 39223K->38351K(524224K), 0.0026133 secs] [Times: user=0.00 sys=0.00, real=0.00 secs] 
551.351: [GC (Allocation Failure) 551.351: [DefNew: 920K->61K(960K), 0.0028221 secs] 39272K->38448K(524224K), 0.0029626 secs] [Times: user=0.00 sys=0.00, real=0.00 secs] 
551.373: [GC (Allocation Failure) 551.373: [DefNew: 957K->52K(960K), 0.0021277 secs] 39372K->38527K(524224K), 0.0022450 secs] [Times: user=0.00 sys=0.00, real=0.00 secs] 
551.388: [GC (Allocation Failure) 551.388: [DefNew: 948K->12K(960K), 0.0020543 secs] 39424K->38528K(524224K), 0.0021613 secs] [Times: user=0.00 sys=0.00, real=0.00 secs] 
551.400: [GC (Allocation Failure) 551.400: [DefNew: 908K->9K(960K), 0.0023200 secs] 39429K->38539K(524224K), 0.0024439 secs] [Times: user=0.00 sys=0.00, real=0.00 secs] 
551.423: [GC (Allocation Failure) 551.423: [DefNew: 905K->14K(960K), 0.0025999 secs] 39447K->38561K(524224K), 0.0027388 secs] [Times: user=0.05 sys=0.00, real=0.00 secs] 
551.442: [GC (Allocation Failure) 551.442: [DefNew: 910K->30K(960K), 0.0019884 secs] 39463K->38594K(524224K), 0.0020946 secs] [Times: user=0.00 sys=0.00, real=0.00 secs] 
551.457: [GC (Allocation Failure) 551.457: [DefNew: 926K->16K(960K), 0.0019655 secs] 39495K->38606K(524224K), 0.0020839 secs] [Times: user=0.00 sys=0.00, real=0.00 secs] 
551.470: [GC (Allocation Failure) 551.470: [DefNew: 912K->21K(960K), 0.0024151 secs] 39503K->38624K(524224K), 0.0025572 secs] [Times: user=0.05 sys=0.00, real=0.00 secs] 
551.489: [GC (Allocation Failure) 551.489: [DefNew: 917K->18K(960K), 0.0022260 secs] 39520K->38637K(524224K), 0.0023674 secs] [Times: user=0.00 sys=0.00, real=0.00 secs] 
551.504: [GC (Allocation Failure) 551.504: [DefNew: 914K->13K(960K), 0.0019927 secs] 39545K->38657K(524224K), 0.0021214 secs] [Times: user=0.00 sys=0.00, real=0.00 secs] 
551.520: [GC (Allocation Failure) 551.520: [DefNew: 909K->63K(960K), 0.0032508 secs] 39559K->38731K(524224K), 0.0033921 secs] [Times: user=0.00 sys=0.00, real=0.00 secs] 
551.543: [GC (Allocation Failure) 551.543: [DefNew: 959K->49K(960K), 0.0020721 secs] 39630K->38765K(524224K), 0.0021850 secs] [Times: user=0.00 sys=0.00, real=0.00 secs] 
551.560: [GC (Allocation Failure) 551.560: [DefNew: 945K->9K(960K), 0.0026018 secs] 39662K->38768K(524224K), 0.0027329 secs] [Times: user=0.00 sys=0.00, real=0.00 secs] 
551.575: [GC (Allocation Failure) 551.575: [DefNew: 905K->26K(960K), 0.0021021 secs] 39665K->38792K(524224K), 0.0022126 secs] [Times: user=0.00 sys=0.00, real=0.00 secs] 
551.595: [GC (Allocation Failure) 551.595: [DefNew: 922K->33K(960K), 0.0024739 secs] 39706K->38829K(524224K), 0.0026054 secs] [Times: user=0.05 sys=0.00, real=0.00 secs] 
551.623: [GC (Allocation Failure) 551.623: [DefNew: 929K->24K(960K), 0.0023156 secs] 39728K->38845K(524224K), 0.0024329 secs] [Times: user=0.00 sys=0.00, real=0.00 secs] 
551.646: [GC (Allocation Failure) 551.646: [DefNew: 920K->30K(960K), 0.0024408 secs] 39743K->38867K(524224K), 0.0026054 secs] [Times: user=0.00 sys=0.00, real=0.00 secs] 
551.667: [GC (Allocation Failure) 551.667: [DefNew: 926K->4K(960K), 0.0024949 secs] 39763K->38863K(524224K), 0.0026330 secs] [Times: user=0.00 sys=0.00, real=0.00 secs] 
551.684: [GC (Allocation Failure) 551.684: [DefNew: 900K->9K(960K), 0.0021309 secs] 39760K->38872K(524224K), 0.0022584 secs] [Times: user=0.00 sys=0.00, real=0.00 secs] 
551.699: [GC (Allocation Failure) 551.699: [DefNew: 905K->20K(960K), 0.0022809 secs] 39779K->38897K(524224K), 0.0024076 secs] [Times: user=0.00 sys=0.00, real=0.00 secs] 
551.713: [GC (Allocation Failure) 551.713: [DefNew: 916K->26K(960K), 0.0023405 secs] 39794K->38917K(524224K), 0.0024637 secs] [Times: user=0.00 sys=0.00, real=0.00 secs] 
551.725: [GC (Allocation Failure) 551.725: [DefNew: 922K->34K(960K), 0.0020026 secs] 39814K->38944K(524224K), 0.0021198 secs] [Times: user=0.00 sys=0.00, real=0.00 secs] 
551.741: [GC (Allocation Failure) 551.741: [DefNew: 930K->4K(960K), 0.0023847 secs] 39841K->38934K(524224K), 0.0025158 secs] [Times: user=0.00 sys=0.00, real=0.00 secs] 
551.757: [GC (Allocation Failure) 551.757: [DefNew: 900K->19K(960K), 0.0022079 secs] 39837K->38958K(524224K), 0.0023291 secs] [Times: user=0.00 sys=0.00, real=0.00 secs] 
551.772: [GC (Allocation Failure) 551.772: [DefNew: 915K->14K(960K), 0.0018629 secs] 39858K->38969K(524224K), 0.0019679 secs] [Times: user=0.00 sys=0.00, real=0.00 secs] 
551.785: [GC (Allocation Failure) 551.785: [DefNew: 910K->52K(960K), 0.0022624 secs] 39875K->39022K(524224K), 0.0024135 secs] [Times: user=0.00 sys=0.00, real=0.00 secs] 
551.797: [GC (Allocation Failure) 551.797: [DefNew: 948K->60K(960K), 0.0019138 secs] 39932K->39076K(524224K), 0.0020168 secs] [Times: user=0.00 sys=0.00, real=0.00 secs] 
551.815: [GC (Allocation Failure) 551.815: [DefNew: 956K->25K(960K), 0.0024230 secs] 39978K->39087K(524224K), 0.0025410 secs] [Times: user=0.02 sys=0.02, real=0.00 secs] 
551.829: [GC (Allocation Failure) 551.829: [DefNew: 921K->8K(960K), 0.0019967 secs] 39983K->39089K(524224K), 0.0021029 secs] [Times: user=0.02 sys=0.00, real=0.00 secs] 
551.841: [GC (Allocation Failure) 551.842: [DefNew: 904K->21K(960K), 0.0018565 secs] 40006K->39130K(524224K), 0.0019548 secs] [Times: user=0.00 sys=0.00, real=0.00 secs] 
551.854: [GC (Allocation Failure) 551.854: [DefNew: 917K->25K(960K), 0.0018029 secs] 40030K->39158K(524224K), 0.0019011 secs] [Times: user=0.00 sys=0.00, real=0.00 secs] 
551.864: [GC (Allocation Failure) 551.864: [DefNew: 921K->5K(960K), 0.0017567 secs] 40068K->39168K(524224K), 0.0018538 secs] [Times: user=0.00 sys=0.00, real=0.00 secs] 
551.876: [GC (Allocation Failure) 551.876: [DefNew: 901K->5K(960K), 0.0018901 secs] 40075K->39181K(524224K), 0.0020018 secs] [Times: user=0.01 sys=0.00, real=0.00 secs] 
551.890: [GC (Allocation Failure) 551.890: [DefNew: 901K->10K(960K), 0.0017626 secs] 40084K->39198K(524224K), 0.0018538 secs] [Times: user=0.00 sys=0.00, real=0.00 secs] 
551.900: [GC (Allocation Failure) 551.901: [DefNew: 906K->7K(960K), 0.0018948 secs] 40100K->39207K(524224K), 0.0020121 secs] [Times: user=0.00 sys=0.00, real=0.00 secs] 
551.912: [GC (Allocation Failure) 551.912: [DefNew: 903K->13K(960K), 0.0017926 secs] 40105K->39220K(524224K), 0.0018909 secs] [Times: user=0.00 sys=0.00, real=0.00 secs] 
551.923: [GC (Allocation Failure) 551.923: [DefNew: 909K->24K(960K), 0.0023618 secs] 40118K->39243K(524224K), 0.0024834 secs] [Times: user=0.02 sys=0.00, real=0.00 secs] 
551.942: [GC (Allocation Failure) 551.942: [DefNew: 920K->17K(960K), 0.0022292 secs] 40141K->39255K(524224K), 0.0023626 secs] [Times: user=0.00 sys=0.00, real=0.00 secs] 
551.961: [GC (Allocation Failure) 551.961: [DefNew: 913K->17K(960K), 0.0028521 secs] 40155K->39272K(524224K), 0.0029733 secs] [Times: user=0.00 sys=0.00, real=0.00 secs] 
551.977: [GC (Allocation Failure) 551.977: [DefNew: 913K->36K(960K), 0.0020156 secs] 40243K->39377K(524224K), 0.0021064 secs] [Times: user=0.00 sys=0.00, real=0.00 secs] 
551.988: [GC (Allocation Failure) 551.988: [DefNew: 932K->10K(960K), 0.0021692 secs] 40274K->39362K(524224K), 0.0022805 secs] [Times: user=0.00 sys=0.00, real=0.00 secs] 
552.000: [GC (Allocation Failure) 552.001: [DefNew: 906K->17K(960K), 0.0023717 secs] 40267K->39383K(524224K), 0.0025201 secs] [Times: user=0.01 sys=0.00, real=0.00 secs] 
552.022: [GC (Allocation Failure) 552.022: [DefNew: 913K->4K(960K), 0.0021163 secs] 40298K->39400K(524224K), 0.0022272 secs] [Times: user=0.00 sys=0.00, real=0.00 secs] 
552.035: [GC (Allocation Failure) 552.035: [DefNew: 900K->10K(960K), 0.0023855 secs] 40325K->39440K(524224K), 0.0025308 secs] [Times: user=0.00 sys=0.00, real=0.00 secs] 
552.048: [GC (Allocation Failure) 552.048: [DefNew: 906K->39K(960K), 0.0022624 secs] 40337K->39474K(524224K), 0.0023804 secs] [Times: user=0.03 sys=0.00, real=0.00 secs] 
552.062: [GC (Allocation Failure) 552.062: [DefNew: 935K->21K(960K), 0.0018996 secs] 40393K->39509K(524224K), 0.0020022 secs] [Times: user=0.00 sys=0.00, real=0.00 secs] 
552.074: [GC (Allocation Failure) 552.074: [DefNew: 917K->33K(960K), 0.0021123 secs] 40445K->39577K(524224K), 0.0022134 secs] [Times: user=0.00 sys=0.00, real=0.00 secs] 
552.089: [GC (Allocation Failure) 552.089: [DefNew: 929K->33K(960K), 0.0020401 secs] 40473K->39602K(524224K), 0.0021344 secs] [Times: user=0.00 sys=0.00, real=0.00 secs] 
552.101: [GC (Allocation Failure) 552.102: [DefNew: 929K->4K(960K), 0.0020030 secs] 40498K->39593K(524224K), 0.0021080 secs] [Times: user=0.00 sys=0.00, real=0.00 secs] 
552.113: [GC (Allocation Failure) 552.113: [DefNew: 900K->7K(960K), 0.0018226 secs] 40508K->39617K(524224K), 0.0019272 secs] [Times: user=0.00 sys=0.00, real=0.00 secs] 
552.125: [GC (Allocation Failure) 552.125: [DefNew: 903K->4K(960K), 0.0018573 secs] 40514K->39619K(524224K), 0.0019477 secs] [Times: user=0.00 sys=0.00, real=0.00 secs] 
552.136: [GC (Allocation Failure) 552.136: [DefNew: 900K->9K(960K), 0.0017590 secs] 40517K->39628K(524224K), 0.0018660 secs] [Times: user=0.00 sys=0.00, real=0.00 secs] 
552.150: [GC (Allocation Failure) 552.150: [DefNew: 905K->10K(960K), 0.0026804 secs] 40552K->39661K(524224K), 0.0028083 secs] [Times: user=0.00 sys=0.00, real=0.00 secs] 
552.161: [GC (Allocation Failure) 552.161: [DefNew: 906K->24K(960K), 0.0018881 secs] 40561K->39688K(524224K), 0.0019900 secs] [Times: user=0.00 sys=0.00, real=0.00 secs] 
552.173: [GC (Allocation Failure) 552.173: [DefNew: 920K->32K(960K), 0.0023800 secs] 40598K->39722K(524224K), 0.0024830 secs] [Times: user=0.01 sys=0.00, real=0.00 secs] 
552.187: [GC (Allocation Failure) 552.187: [DefNew: 928K->25K(960K), 0.0019225 secs] 40618K->39741K(524224K), 0.0020259 secs] [Times: user=0.00 sys=0.00, real=0.00 secs] 
552.204: [GC (Allocation Failure) 552.204: [DefNew: 921K->64K(960K), 0.0021917 secs] 40645K->39854K(524224K), 0.0023113 secs] [Times: user=0.02 sys=0.00, real=0.00 secs] 
552.221: [GC (Allocation Failure) 552.221: [DefNew: 960K->43K(960K), 0.0020709 secs] 40762K->39909K(524224K), 0.0021581 secs] [Times: user=0.02 sys=0.00, real=0.00 secs] 
552.235: [GC (Allocation Failure) 552.235: [DefNew: 939K->42K(960K), 0.0020954 secs] 40881K->40023K(524224K), 0.0022051 secs] [Times: user=0.02 sys=0.00, real=0.00 secs] 
552.250: [GC (Allocation Failure) 552.250: [DefNew: 938K->64K(960K), 0.0019967 secs] 40919K->40074K(524224K), 0.0021041 secs] [Times: user=0.00 sys=0.00, real=0.00 secs] 
552.268: [GC (Allocation Failure) 552.268: [DefNew: 960K->42K(960K), 0.0025513 secs] 40972K->40117K(524224K), 0.0026634 secs] [Times: user=0.00 sys=0.00, real=0.00 secs] 
552.285: [GC (Allocation Failure) 552.285: [DefNew: 938K->32K(960K), 0.0022868 secs] 41015K->40150K(524224K), 0.0024072 secs] [Times: user=0.00 sys=0.00, real=0.00 secs] 
552.300: [GC (Allocation Failure) 552.300: [DefNew: 928K->42K(960K), 0.0026721 secs] 41047K->40192K(524224K), 0.0028197 secs] [Times: user=0.00 sys=0.00, real=0.00 secs] 
552.314: [GC (Allocation Failure) 552.314: [DefNew: 938K->58K(960K), 0.0020741 secs] 41178K->40337K(524224K), 0.0021787 secs] [Times: user=0.03 sys=0.00, real=0.00 secs] 
552.329: [GC (Allocation Failure) 552.329: [DefNew: 954K->60K(960K), 0.0018814 secs] 41237K->40367K(524224K), 0.0019726 secs] [Times: user=0.02 sys=0.00, real=0.00 secs] 
552.349: [GC (Allocation Failure) 552.349: [DefNew: 956K->63K(960K), 0.0021155 secs] 41345K->40511K(524224K), 0.0022229 secs] [Times: user=0.00 sys=0.00, real=0.00 secs] 
552.368: [GC (Allocation Failure) 552.368: [DefNew: 959K->62K(960K), 0.0024534 secs] 41408K->40564K(524224K), 0.0025639 secs] [Times: user=0.00 sys=0.00, real=0.00 secs] 
552.387: [GC (Allocation Failure) 552.387: [DefNew: 958K->48K(960K), 0.0028032 secs] 41464K->40604K(524224K), 0.0029315 secs] [Times: user=0.00 sys=0.00, real=0.00 secs] 
552.411: [GC (Allocation Failure) 552.411: [DefNew: 944K->30K(960K), 0.0021123 secs] 41502K->40628K(524224K), 0.0022363 secs] [Times: user=0.00 sys=0.00, real=0.00 secs] 
552.438: [GC (Allocation Failure) 552.438: [DefNew: 926K->37K(960K), 0.0029429 secs] 41528K->40668K(524224K), 0.0030744 secs] [Times: user=0.05 sys=0.00, real=0.00 secs] 
552.460: [GC (Allocation Failure) 552.460: [DefNew: 933K->59K(960K), 0.0023212 secs] 41565K->40727K(524224K), 0.0024447 secs] [Times: user=0.00 sys=0.00, real=0.00 secs] 
552.478: [GC (Allocation Failure) 552.478: [DefNew: 955K->63K(960K), 0.0031632 secs] 41624K->40787K(524224K), 0.0032970 secs] [Times: user=0.00 sys=0.00, real=0.00 secs] 
552.525: [GC (Allocation Failure) 552.525: [DefNew: 959K->25K(960K), 0.0021858 secs] 41683K->40790K(524224K), 0.0022931 secs] [Times: user=0.00 sys=0.00, real=0.00 secs] 
552.542: [GC (Allocation Failure) 552.542: [DefNew: 921K->64K(960K), 0.0030116 secs] 41686K->40892K(524224K), 0.0031569 secs] [Times: user=0.00 sys=0.00, real=0.00 secs] 
552.853: [GC (Allocation Failure) 552.853: [DefNew: 960K->64K(960K), 0.0037458 secs] 41792K->41067K(524224K), 0.0038911 secs] [Times: user=0.00 sys=0.00, real=0.00 secs] 
552.955: [GC (Allocation Failure) 552.955: [DefNew: 960K->64K(960K), 0.0030720 secs] 41963K->41132K(524224K), 0.0031916 secs] [Times: user=0.03 sys=0.00, real=0.00 secs] 
552.979: [GC (Allocation Failure) 552.979: [DefNew: 960K->38K(960K), 0.0031446 secs] 42028K->41167K(524224K), 0.0032836 secs] [Times: user=0.00 sys=0.00, real=0.00 secs] 
553.001: [GC (Allocation Failure) 553.001: [DefNew: 934K->48K(960K), 0.0032990 secs] 42063K->41215K(524224K), 0.0034490 secs] [Times: user=0.03 sys=0.00, real=0.00 secs] 
553.027: [GC (Allocation Failure) 553.027: [DefNew: 944K->39K(960K), 0.0024957 secs] 42127K->41268K(524224K), 0.0026157 secs] [Times: user=0.00 sys=0.00, real=0.00 secs] 
553.053: [GC (Allocation Failure) 553.053: [DefNew: 935K->37K(960K), 0.0030696 secs] 42164K->41301K(524224K), 0.0032240 secs] [Times: user=0.00 sys=0.00, real=0.00 secs] 
553.075: [GC (Allocation Failure) 553.075: [DefNew: 933K->51K(960K), 0.0025249 secs] 42198K->41351K(524224K), 0.0026358 secs] [Times: user=0.00 sys=0.00, real=0.00 secs] 
553.098: [GC (Allocation Failure) 553.098: [DefNew: 947K->10K(960K), 0.0028651 secs] 42247K->41359K(524224K), 0.0030183 secs] [Times: user=0.00 sys=0.00, real=0.00 secs] 
553.126: [GC (Allocation Failure) 553.126: [DefNew: 906K->64K(960K), 0.0026922 secs] 42255K->41443K(524224K), 0.0028312 secs] [Times: user=0.03 sys=0.00, real=0.00 secs] 
553.150: [GC (Allocation Failure) 553.150: [DefNew: 960K->17K(960K), 0.0027743 secs] 42339K->41435K(524224K), 0.0029311 secs] [Times: user=0.00 sys=0.00, real=0.00 secs] 
553.166: [GC (Allocation Failure) 553.166: [DefNew: 913K->12K(960K), 0.0022596 secs] 42332K->41446K(524224K), 0.0023800 secs] [Times: user=0.00 sys=0.00, real=0.00 secs] 
553.183: [GC (Allocation Failure) 553.183: [DefNew: 908K->23K(960K), 0.0026354 secs] 42380K->41506K(524224K), 0.0027897 secs] [Times: user=0.00 sys=0.00, real=0.00 secs] 
553.269: [GC (Allocation Failure) 553.269: [DefNew: 919K->18K(960K), 0.0028604 secs] 42415K->41536K(524224K), 0.0030005 secs] [Times: user=0.00 sys=0.00, real=0.00 secs] 
553.292: [GC (Allocation Failure) 553.292: [DefNew: 914K->20K(960K), 0.0026413 secs] 42505K->41622K(524224K), 0.0027953 secs] [Times: user=0.00 sys=0.00, real=0.00 secs] 
553.312: [GC (Allocation Failure) 553.312: [DefNew: 916K->18K(960K), 0.0029054 secs] 42518K->41631K(524224K), 0.0030491 secs] [Times: user=0.00 sys=0.00, real=0.00 secs] 
553.339: [GC (Allocation Failure) 553.339: [DefNew: 914K->64K(960K), 0.0027791 secs] 42599K->41822K(524224K), 0.0029058 secs] [Times: user=0.00 sys=0.00, real=0.00 secs] 
553.395: [GC (Allocation Failure) 553.395: [DefNew: 960K->63K(960K), 0.0031056 secs] 43185K->42355K(524224K), 0.0032485 secs] [Times: user=0.00 sys=0.00, real=0.00 secs] 
553.403: [GC (Allocation Failure) 553.403: [DefNew: 959K->15K(960K), 0.0024013 secs] 43288K->42367K(524224K), 0.0025197 secs] [Times: user=0.00 sys=0.00, real=0.00 secs] 
553.434: [GC (Allocation Failure) 553.434: [DefNew: 911K->29K(960K), 0.0026918 secs] 62121K->61244K(524224K), 0.0028458 secs] [Times: user=0.00 sys=0.00, real=0.00 secs] 
553.468: [GC (Allocation Failure) 553.468: [DefNew: 925K->33K(960K), 0.0024431 secs] 62271K->61392K(524224K), 0.0025742 secs] [Times: user=0.00 sys=0.00, real=0.00 secs] 
553.472: [GC (Allocation Failure) 553.472: [DefNew: 929K->3K(960K), 0.0026575 secs] 62507K->61590K(524224K), 0.0028059 secs] [Times: user=0.00 sys=0.00, real=0.00 secs] 
553.486: [GC (Allocation Failure) 553.486: [DefNew: 899K->23K(960K), 0.0024791 secs] 64057K->63182K(524224K), 0.0025971 secs] [Times: user=0.05 sys=0.00, real=0.00 secs] 
553.586: [GC (Allocation Failure) 553.587: [DefNew: 919K->64K(960K), 0.0030503 secs] 64120K->63333K(524224K), 0.0031790 secs] [Times: user=0.00 sys=0.00, real=0.00 secs] 
553.626: [GC (Allocation Failure) 553.626: [DefNew: 960K->63K(960K), 0.0034964 secs] 64229K->63409K(524224K), 0.0036531 secs] [Times: user=0.03 sys=0.00, real=0.00 secs] 
553.648: [GC (Allocation Failure) 553.648: [DefNew: 959K->39K(960K), 0.0023796 secs] 64306K->63425K(524224K), 0.0024858 secs] [Times: user=0.00 sys=0.00, real=0.00 secs] 
553.666: [GC (Allocation Failure) 553.666: [DefNew: 935K->64K(960K), 0.0024317 secs] 64352K->63561K(524224K), 0.0025568 secs] [Times: user=0.00 sys=0.00, real=0.00 secs] 
553.684: [GC (Allocation Failure) 553.684: [DefNew: 960K->18K(960K), 0.0031675 secs] 64457K->63579K(524224K), 0.0032950 secs] [Times: user=0.00 sys=0.00, real=0.00 secs] 
553.715: [GC (Allocation Failure) 553.715: [DefNew: 914K->24K(960K), 0.0020409 secs] 64477K->63601K(524224K), 0.0021495 secs] [Times: user=0.00 sys=0.00, real=0.00 secs] 
553.726: [GC (Allocation Failure) 553.726: [DefNew: 920K->30K(960K), 0.0026571 secs] 64497K->63625K(524224K), 0.0027775 secs] [Times: user=0.00 sys=0.00, real=0.00 secs] 
553.744: [GC (Allocation Failure) 553.744: [DefNew: 926K->8K(960K), 0.0019694 secs] 64521K->63632K(524224K), 0.0020666 secs] [Times: user=0.00 sys=0.00, real=0.00 secs] 
553.761: [GC (Allocation Failure) 553.761: [DefNew: 904K->5K(960K), 0.0023026 secs] 64528K->63637K(524224K), 0.0023922 secs] [Times: user=0.00 sys=0.00, real=0.00 secs] 
553.781: [GC (Allocation Failure) 553.781: [DefNew: 901K->22K(960K), 0.0021281 secs] 64533K->63659K(524224K), 0.0022114 secs] [Times: user=0.00 sys=0.00, real=0.00 secs] 
553.785: [GC (Allocation Failure) 553.785: [DefNew: 918K->2K(960K), 0.0031474 secs] 64555K->63661K(524224K), 0.0032406 secs] [Times: user=0.00 sys=0.00, real=0.00 secs] 
553.798: [GC (Allocation Failure) 553.799: [DefNew: 898K->3K(960K), 0.0024976 secs] 64559K->63666K(524224K), 0.0026322 secs] [Times: user=0.02 sys=0.00, real=0.00 secs] 
553.821: [GC (Allocation Failure) 553.821: [DefNew: 899K->34K(960K), 0.0021041 secs] 64573K->63710K(524224K), 0.0022189 secs] [Times: user=0.00 sys=0.00, real=0.00 secs] 
553.844: [GC (Allocation Failure) 553.844: [DefNew: 930K->48K(960K), 0.0032417 secs] 64653K->63799K(524224K), 0.0033803 secs] [Times: user=0.03 sys=0.00, real=0.00 secs] 
553.860: [GC (Allocation Failure) 553.860: [DefNew: 944K->28K(960K), 0.0023243 secs] 64695K->63826K(524224K), 0.0024503 secs] [Times: user=0.03 sys=0.00, real=0.00 secs] 
553.882: [GC (Allocation Failure) 553.882: [DefNew: 924K->14K(960K), 0.0033819 secs] 64722K->63839K(524224K), 0.0035425 secs] [Times: user=0.00 sys=0.00, real=0.00 secs] 
553.902: [GC (Allocation Failure) 553.902: [DefNew: 910K->43K(960K), 0.0021929 secs] 64736K->63883K(524224K), 0.0023074 secs] [Times: user=0.00 sys=0.00, real=0.00 secs] 
553.914: [GC (Allocation Failure) 553.914: [DefNew: 939K->18K(960K), 0.0022363 secs] 64779K->63899K(524224K), 0.0023642 secs] [Times: user=0.00 sys=0.00, real=0.00 secs] 
553.929: [GC (Allocation Failure) 553.929: [DefNew: 914K->20K(960K), 0.0021052 secs] 64795K->63917K(524224K), 0.0022114 secs] [Times: user=0.00 sys=0.00, real=0.00 secs] 
553.950: [GC (Allocation Failure) 553.950: [DefNew: 916K->39K(960K), 0.0026484 secs] 64813K->63955K(524224K), 0.0027763 secs] [Times: user=0.00 sys=0.00, real=0.00 secs] 
553.967: [GC (Allocation Failure) 553.967: [DefNew: 935K->64K(960K), 0.0031245 secs] 64858K->64100K(524224K), 0.0032445 secs] [Times: user=0.00 sys=0.00, real=0.00 secs] 
553.984: [GC (Allocation Failure) 553.984: [DefNew: 960K->63K(960K), 0.0030321 secs] 65084K->64287K(524224K), 0.0031782 secs] [Times: user=0.02 sys=0.00, real=0.00 secs] 
553.995: [GC (Allocation Failure) 553.995: [DefNew: 959K->4K(960K), 0.0020796 secs] 65183K->64290K(524224K), 0.0021759 secs] [Times: user=0.00 sys=0.00, real=0.00 secs] 
554.010: [GC (Allocation Failure) 554.010: [DefNew: 900K->64K(960K), 0.0023326 secs] 65188K->64464K(524224K), 0.0024408 secs] [Times: user=0.00 sys=0.00, real=0.00 secs] 
554.026: [GC (Allocation Failure) 554.026: [DefNew: 960K->64K(960K), 0.0035828 secs] 65381K->64755K(524224K), 0.0037182 secs] [Times: user=0.00 sys=0.00, real=0.00 secs] 
554.032: [GC (Allocation Failure) 554.032: [DefNew: 960K->63K(960K), 0.0024116 secs] 65651K->64910K(524224K), 0.0025213 secs] [Times: user=0.02 sys=0.00, real=0.00 secs] 
554.040: [GC (Allocation Failure) 554.040: [DefNew: 959K->63K(960K), 0.0023077 secs] 65806K->64996K(524224K), 0.0024179 secs] [Times: user=0.00 sys=0.00, real=0.00 secs] 
554.054: [GC (Allocation Failure) 554.054: [DefNew: 959K->63K(960K), 0.0027361 secs] 65892K->65059K(524224K), 0.0028715 secs] [Times: user=0.00 sys=0.00, real=0.00 secs] 
554.062: [GC (Allocation Failure) 554.063: [DefNew: 959K->64K(960K), 0.0030767 secs] 65958K->65212K(524224K), 0.0032224 secs] [Times: user=0.03 sys=0.00, real=0.00 secs] 
554.070: [GC (Allocation Failure) 554.071: [DefNew: 960K->64K(960K), 0.0032848 secs] 66121K->65426K(524224K), 0.0034261 secs] [Times: user=0.00 sys=0.00, real=0.00 secs] 
554.075: [GC (Allocation Failure) 554.075: [DefNew: 960K->63K(960K), 0.0030795 secs] 66338K->65699K(524224K), 0.0031869 secs] [Times: user=0.00 sys=0.00, real=0.00 secs] 
554.080: [GC (Allocation Failure) 554.080: [DefNew: 959K->63K(960K), 0.0036977 secs] 66627K->66019K(524224K), 0.0038457 secs] [Times: user=0.00 sys=0.00, real=0.00 secs] 
554.087: [GC (Allocation Failure) 554.087: [DefNew: 959K->64K(960K), 0.0030673 secs] 66915K->66269K(524224K), 0.0031928 secs] [Times: user=0.00 sys=0.00, real=0.00 secs] 
554.125: [GC (Allocation Failure) 554.125: [DefNew: 960K->63K(960K), 0.0033310 secs] 68214K->67514K(524224K), 0.0034371 secs] [Times: user=0.02 sys=0.00, real=0.00 secs] 
554.130: [GC (Allocation Failure) 554.130: [DefNew: 959K->5K(960K), 0.0032923 secs] 68410K->67519K(524224K), 0.0034079 secs] [Times: user=0.00 sys=0.00, real=0.00 secs] 
554.134: [GC (Allocation Failure) 554.134: [DefNew: 901K->6K(960K), 0.0028841 secs] 68417K->67527K(524224K), 0.0030270 secs] [Times: user=0.00 sys=0.00, real=0.00 secs] 
554.140: [GC (Allocation Failure) 554.140: [DefNew: 902K->38K(960K), 0.0030937 secs] 68456K->67598K(524224K), 0.0032283 secs] [Times: user=0.03 sys=0.00, real=0.00 secs] 
554.161: [GC (Allocation Failure) 554.161: [DefNew: 934K->19K(960K), 0.0029836 secs] 68494K->67617K(524224K), 0.0031217 secs] [Times: user=0.00 sys=0.00, real=0.00 secs] 
554.181: [GC (Allocation Failure) 554.181: [DefNew: 915K->25K(960K), 0.0021743 secs] 68513K->67637K(524224K), 0.0022900 secs] [Times: user=0.00 sys=0.00, real=0.00 secs] 
554.197: [GC (Allocation Failure) 554.197: [DefNew: 921K->20K(960K), 0.0021368 secs] 68536K->67657K(524224K), 0.0022549 secs] [Times: user=0.00 sys=0.00, real=0.00 secs] 
554.231: [GC (Allocation Failure) 554.231: [DefNew: 916K->64K(960K), 0.0027274 secs] 68658K->67897K(524224K), 0.0028501 secs] [Times: user=0.00 sys=0.00, real=0.00 secs] 
554.295: [GC (Allocation Failure) 554.296: [DefNew: 960K->64K(960K), 0.0037020 secs] 69066K->68424K(524224K), 0.0038481 secs] [Times: user=0.05 sys=0.00, real=0.00 secs] 
554.318: [GC (Allocation Failure) 554.318: [DefNew: 960K->28K(960K), 0.0030080 secs] 69326K->68457K(524224K), 0.0031407 secs] [Times: user=0.00 sys=0.00, real=0.00 secs] 
554.333: [GC (Allocation Failure) 554.333: [DefNew: 924K->30K(960K), 0.0021917 secs] 69355K->68484K(524224K), 0.0023010 secs] [Times: user=0.00 sys=0.00, real=0.00 secs] 
554.360: [GC (Allocation Failure) 554.360: [DefNew: 926K->64K(960K), 0.0032607 secs] 69384K->68576K(524224K), 0.0033929 secs] [Times: user=0.05 sys=0.00, real=0.00 secs] 
554.382: [GC (Allocation Failure) 554.383: [DefNew: 960K->63K(960K), 0.0041169 secs] 69475K->68736K(524224K), 0.0042752 secs] [Times: user=0.00 sys=0.00, real=0.00 secs] 
554.440: [GC (Allocation Failure) 554.440: [DefNew: 959K->64K(960K), 0.0035019 secs] 69647K->68811K(524224K), 0.0036203 secs] [Times: user=0.00 sys=0.00, real=0.00 secs] 
554.465: [GC (Allocation Failure) 554.465: [DefNew: 960K->20K(960K), 0.0023741 secs] 69723K->68842K(524224K), 0.0024937 secs] [Times: user=0.00 sys=0.00, real=0.00 secs] 
554.487: [GC (Allocation Failure) 554.487: [DefNew: 916K->63K(960K), 0.0027617 secs] 69738K->68951K(524224K), 0.0029109 secs] [Times: user=0.03 sys=0.00, real=0.00 secs] 
554.500: [GC (Allocation Failure) 554.500: [DefNew: 959K->7K(960K), 0.0027743 secs] 69854K->68939K(524224K), 0.0029042 secs] [Times: user=0.03 sys=0.00, real=0.00 secs] 
554.522: [GC (Allocation Failure) 554.522: [DefNew: 903K->50K(960K), 0.0024585 secs] 69842K->68995K(524224K), 0.0025932 secs] [Times: user=0.00 sys=0.00, real=0.00 secs] 
554.526: [GC (Allocation Failure) 554.526: [DefNew: 946K->7K(960K), 0.0033037 secs] 69892K->68997K(524224K), 0.0034561 secs] [Times: user=0.00 sys=0.00, real=0.00 secs] 
554.548: [GC (Allocation Failure) 554.548: [DefNew: 903K->28K(960K), 0.0027049 secs] 69893K->69025K(524224K), 0.0028265 secs] [Times: user=0.03 sys=0.00, real=0.00 secs] 
554.561: [GC (Allocation Failure) 554.561: [DefNew: 924K->15K(960K), 0.0023409 secs] 69926K->69045K(524224K), 0.0024514 secs] [Times: user=0.00 sys=0.00, real=0.00 secs] 
554.579: [GC (Allocation Failure) 554.579: [DefNew: 911K->15K(960K), 0.0021451 secs] 69945K->69063K(524224K), 0.0022588 secs] [Times: user=0.03 sys=0.00, real=0.00 secs] 
554.599: [GC (Allocation Failure) 554.599: [DefNew: 911K->16K(960K), 0.0025789 secs] 69973K->69092K(524224K), 0.0027080 secs] [Times: user=0.00 sys=0.00, real=0.00 secs] 
554.623: [GC (Allocation Failure) 554.623: [DefNew: 912K->45K(960K), 0.0023835 secs] 69990K->69135K(524224K), 0.0025032 secs] [Times: user=0.00 sys=0.00, real=0.00 secs] 
554.645: [GC (Allocation Failure) 554.645: [DefNew: 941K->26K(960K), 0.0028040 secs] 70031K->69160K(524224K), 0.0029192 secs] [Times: user=0.00 sys=0.00, real=0.00 secs] 
554.648: [GC (Allocation Failure) 554.648: [DefNew: 922K->6K(960K), 0.0024187 secs] 70056K->69164K(524224K), 0.0025178 secs] [Times: user=0.00 sys=0.00, real=0.00 secs] 
554.671: [GC (Allocation Failure) 554.671: [DefNew: 902K->20K(960K), 0.0029094 secs] 70061K->69184K(524224K), 0.0030440 secs] [Times: user=0.03 sys=0.00, real=0.00 secs] 
554.695: [GC (Allocation Failure) 554.695: [DefNew: 916K->58K(960K), 0.0033566 secs] 70081K->69241K(524224K), 0.0034979 secs] [Times: user=0.00 sys=0.00, real=0.00 secs] 
554.719: [GC (Allocation Failure) 554.719: [DefNew: 954K->21K(960K), 0.0029713 secs] 70139K->69263K(524224K), 0.0031056 secs] [Times: user=0.03 sys=0.00, real=0.00 secs] 
554.735: [GC (Allocation Failure) 554.735: [DefNew: 917K->33K(960K), 0.0035808 secs] 70159K->69296K(524224K), 0.0037494 secs] [Times: user=0.03 sys=0.00, real=0.00 secs] 
554.764: [GC (Allocation Failure) 554.764: [DefNew: 929K->64K(960K), 0.0025185 secs] 70198K->69384K(524224K), 0.0026303 secs] [Times: user=0.00 sys=0.00, real=0.00 secs] 
554.782: [GC (Allocation Failure) 554.782: [DefNew: 960K->63K(960K), 0.0033357 secs] 70280K->69445K(524224K), 0.0034889 secs] [Times: user=0.05 sys=0.00, real=0.00 secs] 
554.806: [GC (Allocation Failure) 554.806: [DefNew: 959K->17K(960K), 0.0031912 secs] 70341K->69462K(524224K), 0.0033377 secs] [Times: user=0.00 sys=0.00, real=0.00 secs] 
554.829: [GC (Allocation Failure) 554.829: [DefNew: 913K->50K(960K), 0.0030002 secs] 70358K->69513K(524224K), 0.0031979 secs] [Times: user=0.05 sys=0.00, real=0.00 secs] 
554.862: [GC (Allocation Failure) 554.862: [DefNew: 946K->63K(960K), 0.0032228 secs] 70425K->69683K(524224K), 0.0033704 secs] [Times: user=0.00 sys=0.00, real=0.00 secs] 
554.887: [GC (Allocation Failure) 554.887: [DefNew: 959K->41K(960K), 0.0029587 secs] 70599K->69740K(524224K), 0.0031063 secs] [Times: user=0.00 sys=0.00, real=0.00 secs] 
554.904: [GC (Allocation Failure) 554.904: [DefNew: 937K->23K(960K), 0.0032915 secs] 70636K->69763K(524224K), 0.0034395 secs] [Times: user=0.00 sys=0.00, real=0.00 secs] 
554.932: [GC (Allocation Failure) 554.932: [DefNew: 919K->59K(960K), 0.0024803 secs] 70667K->69829K(524224K), 0.0025987 secs] [Times: user=0.00 sys=0.00, real=0.00 secs] 
554.956: [GC (Allocation Failure) 554.956: [DefNew: 955K->37K(960K), 0.0028794 secs] 70726K->69819K(524224K), 0.0030392 secs] [Times: user=0.00 sys=0.00, real=0.00 secs] 
554.976: [GC (Allocation Failure) 554.976: [DefNew: 933K->64K(960K), 0.0027392 secs] 70724K->69941K(524224K), 0.0028513 secs] [Times: user=0.00 sys=0.00, real=0.00 secs] 
554.992: [GC (Allocation Failure) 554.992: [DefNew: 960K->56K(960K), 0.0023626 secs] 70874K->70007K(524224K), 0.0024925 secs] [Times: user=0.00 sys=0.00, real=0.00 secs] 
555.009: [GC (Allocation Failure) 555.009: [DefNew: 952K->28K(960K), 0.0024874 secs] 70904K->70030K(524224K), 0.0025991 secs] [Times: user=0.00 sys=0.00, real=0.00 secs] 
555.024: [GC (Allocation Failure) 555.024: [DefNew: 924K->29K(960K), 0.0028873 secs] 70963K->70090K(524224K), 0.0030266 secs] [Times: user=0.00 sys=0.00, real=0.00 secs] 
555.039: [GC (Allocation Failure) 555.039: [DefNew: 925K->31K(960K), 0.0024479 secs] 70986K->70120K(524224K), 0.0025616 secs] [Times: user=0.00 sys=0.00, real=0.00 secs] 
555.054: [GC (Allocation Failure) 555.054: [DefNew: 927K->43K(960K), 0.0023287 secs] 71018K->70161K(524224K), 0.0024222 secs] [Times: user=0.00 sys=0.00, real=0.00 secs] 
555.057: [GC (Allocation Failure) 555.057: [DefNew: 939K->4K(960K), 0.0020934 secs] 71070K->70178K(524224K), 0.0022071 secs] [Times: user=0.00 sys=0.00, real=0.00 secs] 
555.061: [GC (Allocation Failure) 555.061: [DefNew: 900K->13K(960K), 0.0024566 secs] 71079K->70196K(524224K), 0.0025734 secs] [Times: user=0.00 sys=0.00, real=0.00 secs] 
555.078: [GC (Allocation Failure) 555.078: [DefNew: 909K->8K(960K), 0.0022071 secs] 71099K->70209K(524224K), 0.0023314 secs] [Times: user=0.02 sys=0.00, real=0.00 secs] 
555.098: [GC (Allocation Failure) 555.098: [DefNew: 904K->0K(960K), 0.0019130 secs] 71108K->70212K(524224K), 0.0020137 secs] [Times: user=0.00 sys=0.00, real=0.00 secs] 
555.114: [GC (Allocation Failure) 555.114: [DefNew: 896K->24K(960K), 0.0024175 secs] 71108K->70237K(524224K), 0.0025482 secs] [Times: user=0.00 sys=0.00, real=0.00 secs] 
555.126: [GC (Allocation Failure) 555.126: [DefNew: 920K->26K(960K), 0.0021246 secs] 71133K->70261K(524224K), 0.0022300 secs] [Times: user=0.01 sys=0.00, real=0.00 secs] 
555.148: [GC (Allocation Failure) 555.148: [DefNew: 922K->59K(960K), 0.0025778 secs] 71159K->70320K(524224K), 0.0026934 secs] [Times: user=0.00 sys=0.00, real=0.00 secs] 
555.166: [GC (Allocation Failure) 555.166: [DefNew: 955K->21K(960K), 0.0030448 secs] 71216K->70322K(524224K), 0.0031983 secs] [Times: user=0.00 sys=0.00, real=0.00 secs] 
555.171: [GC (Allocation Failure) 555.172: [DefNew: 917K->3K(960K), 0.0022023 secs] 71218K->70325K(524224K), 0.0023204 secs] [Times: user=0.02 sys=0.00, real=0.00 secs] 
555.187: [GC (Allocation Failure) 555.187: [DefNew: 899K->6K(960K), 0.0020121 secs] 71222K->70331K(524224K), 0.0021262 secs] [Times: user=0.00 sys=0.00, real=0.00 secs] 
555.200: [GC (Allocation Failure) 555.200: [DefNew: 902K->11K(960K), 0.0024435 secs] 71227K->70341K(524224K), 0.0025608 secs] [Times: user=0.00 sys=0.00, real=0.00 secs] 
555.212: [GC (Allocation Failure) 555.212: [DefNew: 907K->16K(960K), 0.0029836 secs] 71237K->70357K(524224K), 0.0031166 secs] [Times: user=0.00 sys=0.00, real=0.00 secs] 
555.225: [GC (Allocation Failure) 555.225: [DefNew: 912K->15K(960K), 0.0023243 secs] 71253K->70372K(524224K), 0.0024400 secs] [Times: user=0.00 sys=0.00, real=0.00 secs] 
555.248: [GC (Allocation Failure) 555.248: [DefNew: 911K->18K(960K), 0.0023910 secs] 71268K->70390K(524224K), 0.0025150 secs] [Times: user=0.00 sys=0.00, real=0.00 secs] 
555.270: [GC (Allocation Failure) 555.270: [DefNew: 914K->46K(960K), 0.0023930 secs] 71287K->70435K(524224K), 0.0025020 secs] [Times: user=0.00 sys=0.00, real=0.00 secs] 
555.283: [GC (Allocation Failure) 555.283: [DefNew: 942K->17K(960K), 0.0028336 secs] 71333K->70453K(524224K), 0.0029496 secs] [Times: user=0.01 sys=0.00, real=0.00 secs] 
555.297: [GC (Allocation Failure) 555.297: [DefNew: 913K->16K(960K), 0.0020768 secs] 71349K->70465K(524224K), 0.0021901 secs] [Times: user=0.02 sys=0.00, real=0.00 secs] 
555.309: [GC (Allocation Failure) 555.309: [DefNew: 912K->64K(960K), 0.0024056 secs] 71361K->70676K(524224K), 0.0025182 secs] [Times: user=0.00 sys=0.00, real=0.00 secs] 
555.327: [GC (Allocation Failure) 555.327: [DefNew: 960K->36K(960K), 0.0023247 secs] 71572K->70658K(524224K), 0.0024214 secs] [Times: user=0.00 sys=0.00, real=0.00 secs] 
555.340: [GC (Allocation Failure) 555.340: [DefNew: 932K->35K(960K), 0.0024329 secs] 71554K->70691K(524224K), 0.0025407 secs] [Times: user=0.00 sys=0.00, real=0.00 secs] 
555.355: [GC (Allocation Failure) 555.355: [DefNew: 931K->42K(960K), 0.0024274 secs] 71589K->70735K(524224K), 0.0025359 secs] [Times: user=0.00 sys=0.00, real=0.00 secs] 
555.370: [GC (Allocation Failure) 555.371: [DefNew: 938K->9K(960K), 0.0023212 secs] 71632K->70744K(524224K), 0.0024297 secs] [Times: user=0.00 sys=0.00, real=0.00 secs] 
555.387: [GC (Allocation Failure) 555.387: [DefNew: 905K->12K(960K), 0.0022106 secs] 71642K->70758K(524224K), 0.0023109 secs] [Times: user=0.00 sys=0.00, real=0.00 secs] 
555.406: [GC (Allocation Failure) 555.406: [DefNew: 908K->40K(960K), 0.0022655 secs] 71655K->70798K(524224K), 0.0023689 secs] [Times: user=0.02 sys=0.00, real=0.00 secs] 
555.420: [GC (Allocation Failure) 555.420: [DefNew: 936K->15K(960K), 0.0023212 secs] 71695K->70813K(524224K), 0.0024179 secs] [Times: user=0.00 sys=0.00, real=0.00 secs] 
555.438: [GC (Allocation Failure) 555.438: [DefNew: 911K->0K(960K), 0.0020444 secs] 71711K->70815K(524224K), 0.0021364 secs] [Times: user=0.02 sys=0.00, real=0.00 secs] 
555.451: [GC (Allocation Failure) 555.451: [DefNew: 896K->27K(960K), 0.0026658 secs] 71711K->70843K(524224K), 0.0027882 secs] [Times: user=0.00 sys=0.00, real=0.00 secs] 
555.467: [GC (Allocation Failure) 555.467: [DefNew: 923K->15K(960K), 0.0024664 secs] 71740K->70859K(524224K), 0.0025861 secs] [Times: user=0.00 sys=0.00, real=0.00 secs] 
555.483: [GC (Allocation Failure) 555.483: [DefNew: 911K->17K(960K), 0.0028726 secs] 71755K->70875K(524224K), 0.0030021 secs] [Times: user=0.00 sys=0.00, real=0.00 secs] 
555.501: [GC (Allocation Failure) 555.501: [DefNew: 913K->18K(960K), 0.0030337 secs] 71777K->70898K(524224K), 0.0031470 secs] [Times: user=0.02 sys=0.00, real=0.00 secs] 
555.515: [GC (Allocation Failure) 555.516: [DefNew: 914K->12K(960K), 0.0021159 secs] 71794K->70907K(524224K), 0.0022245 secs] [Times: user=0.00 sys=0.00, real=0.00 secs] 
555.528: [GC (Allocation Failure) 555.528: [DefNew: 908K->23K(960K), 0.0024293 secs] 71803K->70929K(524224K), 0.0025371 secs] [Times: user=0.00 sys=0.00, real=0.00 secs] 
555.548: [GC (Allocation Failure) 555.548: [DefNew: 919K->19K(960K), 0.0022675 secs] 71826K->70945K(524224K), 0.0023828 secs] [Times: user=0.02 sys=0.00, real=0.00 secs] 
555.565: [GC (Allocation Failure) 555.565: [DefNew: 915K->8K(960K), 0.0025580 secs] 71842K->70954K(524224K), 0.0026504 secs] [Times: user=0.00 sys=0.00, real=0.00 secs] 
555.582: [GC (Allocation Failure) 555.582: [DefNew: 904K->24K(960K), 0.0025533 secs] 71864K->70992K(524224K), 0.0026768 secs] [Times: user=0.00 sys=0.00, real=0.00 secs] 
555.597: [GC (Allocation Failure) 555.597: [DefNew: 920K->14K(960K), 0.0024889 secs] 71888K->71004K(524224K), 0.0025912 secs] [Times: user=0.00 sys=0.00, real=0.00 secs] 
555.616: [GC (Allocation Failure) 555.616: [DefNew: 910K->21K(960K), 0.0021455 secs] 71917K->71040K(524224K), 0.0022537 secs] [Times: user=0.00 sys=0.00, real=0.00 secs] 
555.624: [GC (Allocation Failure) 555.625: [DefNew: 917K->19K(960K), 0.0022016 secs] 71936K->71053K(524224K), 0.0023180 secs] [Times: user=0.00 sys=0.00, real=0.00 secs] 
555.638: [GC (Allocation Failure) 555.638: [DefNew: 915K->24K(960K), 0.0023125 secs] 71950K->71078K(524224K), 0.0024262 secs] [Times: user=0.00 sys=0.00, real=0.00 secs] 
555.650: [GC (Allocation Failure) 555.650: [DefNew: 920K->47K(960K), 0.0026389 secs] 71974K->71125K(524224K), 0.0027467 secs] [Times: user=0.00 sys=0.00, real=0.00 secs] 
555.660: [GC (Allocation Failure) 555.660: [DefNew: 943K->14K(960K), 0.0022687 secs] 72023K->71138K(524224K), 0.0023768 secs] [Times: user=0.00 sys=0.00, real=0.00 secs] 
555.674: [GC (Allocation Failure) 555.674: [DefNew: 910K->23K(960K), 0.0025470 secs] 72035K->71162K(524224K), 0.0027096 secs] [Times: user=0.02 sys=0.00, real=0.00 secs] 
555.690: [GC (Allocation Failure) 555.690: [DefNew: 919K->40K(960K), 0.0022525 secs] 72058K->71201K(524224K), 0.0023449 secs] [Times: user=0.02 sys=0.00, real=0.00 secs] 
555.708: [GC (Allocation Failure) 555.708: [DefNew: 936K->31K(960K), 0.0024329 secs] 72097K->71227K(524224K), 0.0025225 secs] [Times: user=0.00 sys=0.00, real=0.00 secs] 
555.721: [GC (Allocation Failure) 555.721: [DefNew: 927K->40K(960K), 0.0023535 secs] 72123K->71266K(524224K), 0.0024475 secs] [Times: user=0.00 sys=0.00, real=0.00 secs] 
555.736: [GC (Allocation Failure) 555.736: [DefNew: 936K->63K(960K), 0.0028517 secs] 72172K->71352K(524224K), 0.0029563 secs] [Times: user=0.00 sys=0.00, real=0.00 secs] 
555.749: [GC (Allocation Failure) 555.749: [DefNew: 959K->32K(960K), 0.0030045 secs] 72250K->71385K(524224K), 0.0031209 secs] [Times: user=0.00 sys=0.02, real=0.00 secs] 
555.772: [GC (Allocation Failure) 555.772: [DefNew: 928K->64K(960K), 0.0024191 secs] 72346K->71590K(524224K), 0.0025249 secs] [Times: user=0.00 sys=0.00, real=0.00 secs] 
555.782: [GC (Allocation Failure) 555.782: [DefNew: 960K->27K(960K), 0.0023105 secs] 72488K->71618K(524224K), 0.0024183 secs] [Times: user=0.02 sys=0.00, real=0.00 secs] 
555.796: [GC (Allocation Failure) 555.796: [DefNew: 923K->28K(960K), 0.0022410 secs] 72515K->71641K(524224K), 0.0023575 secs] [Times: user=0.00 sys=0.00, real=0.00 secs] 
555.812: [GC (Allocation Failure) 555.812: [DefNew: 924K->28K(960K), 0.0023176 secs] 72539K->71669K(524224K), 0.0024206 secs] [Times: user=0.00 sys=0.00, real=0.00 secs] 
555.824: [GC (Allocation Failure) 555.824: [DefNew: 924K->24K(960K), 0.0021439 secs] 72570K->71696K(524224K), 0.0022493 secs] [Times: user=0.00 sys=0.00, real=0.00 secs] 
555.826: [GC (Allocation Failure) 555.826: [DefNew: 920K->6K(960K), 0.0020460 secs] 72594K->71705K(524224K), 0.0021143 secs] [Times: user=0.00 sys=0.00, real=0.00 secs] 
555.829: [GC (Allocation Failure) 555.829: [DefNew: 902K->10K(960K), 0.0021901 secs] 72607K->71721K(524224K), 0.0022817 secs] [Times: user=0.01 sys=0.00, real=0.00 secs] 
555.845: [GC (Allocation Failure) 555.845: [DefNew: 906K->16K(960K), 0.0022663 secs] 72619K->71738K(524224K), 0.0023662 secs] [Times: user=0.02 sys=0.00, real=0.00 secs] 
555.848: [GC (Allocation Failure) 555.848: [DefNew: 912K->17K(960K), 0.0027807 secs] 72702K->71823K(524224K), 0.0028722 secs] [Times: user=0.00 sys=0.00, real=0.00 secs] 
555.859: [GC (Allocation Failure) 555.859: [DefNew: 913K->27K(960K), 0.0021873 secs] 72725K->71857K(524224K), 0.0022892 secs] [Times: user=0.00 sys=0.00, real=0.00 secs] 
555.873: [GC (Allocation Failure) 555.873: [DefNew: 923K->30K(960K), 0.0022718 secs] 72823K->71955K(524224K), 0.0023816 secs] [Times: user=0.00 sys=0.00, real=0.00 secs] 
555.885: [GC (Allocation Failure) 555.885: [DefNew: 926K->33K(960K), 0.0029875 secs] 72859K->71995K(524224K), 0.0031170 secs] [Times: user=0.00 sys=0.00, real=0.00 secs] 
555.900: [GC (Allocation Failure) 555.900: [DefNew: 929K->33K(960K), 0.0029058 secs] 72891K->72027K(524224K), 0.0030270 secs] [Times: user=0.00 sys=0.00, real=0.00 secs] 
555.919: [GC (Allocation Failure) 555.919: [DefNew: 929K->41K(960K), 0.0023926 secs] 72923K->72067K(524224K), 0.0025185 secs] [Times: user=0.00 sys=0.00, real=0.00 secs] 
555.939: [GC (Allocation Failure) 555.939: [DefNew: 937K->16K(960K), 0.0022987 secs] 72963K->72083K(524224K), 0.0024017 secs] [Times: user=0.02 sys=0.00, real=0.00 secs] 
555.959: [GC (Allocation Failure) 555.959: [DefNew: 912K->1K(960K), 0.0018151 secs] 72981K->72086K(524224K), 0.0019781 secs] [Times: user=0.00 sys=0.00, real=0.00 secs] 
555.980: [GC (Allocation Failure) 555.980: [DefNew: 897K->6K(960K), 0.0018786 secs] 72983K->72092K(524224K), 0.0019998 secs] [Times: user=0.00 sys=0.00, real=0.00 secs] 
556.000: [GC (Allocation Failure) 556.000: [DefNew: 902K->0K(960K), 0.0024597 secs] 72991K->72095K(524224K), 0.0026050 secs] [Times: user=0.00 sys=0.02, real=0.00 secs] 
556.020: [GC (Allocation Failure) 556.020: [DefNew: 896K->0K(960K), 0.0018483 secs] 72993K->72097K(524224K), 0.0019489 secs] [Times: user=0.00 sys=0.00, real=0.00 secs] 
556.048: [GC (Allocation Failure) 556.048: [DefNew: 896K->2K(960K), 0.0018550 secs] 72995K->72101K(524224K), 0.0019600 secs] [Times: user=0.03 sys=0.00, real=0.00 secs] 
556.071: [GC (Allocation Failure) 556.071: [DefNew: 898K->1K(960K), 0.0019011 secs] 72997K->72102K(524224K), 0.0019935 secs] [Times: user=0.00 sys=0.00, real=0.00 secs] 
556.092: [GC (Allocation Failure) 556.092: [DefNew: 897K->1K(960K), 0.0018660 secs] 72999K->72103K(524224K), 0.0019675 secs] [Times: user=0.00 sys=0.00, real=0.00 secs] 
556.111: [GC (Allocation Failure) 556.111: [DefNew: 897K->2K(960K), 0.0019481 secs] 73000K->72106K(524224K), 0.0020614 secs] [Times: user=0.01 sys=0.00, real=0.00 secs] 
556.132: [GC (Allocation Failure) 556.132: [DefNew: 898K->1K(960K), 0.0018814 secs] 73003K->72107K(524224K), 0.0019813 secs] [Times: user=0.00 sys=0.00, real=0.00 secs] 
556.153: [GC (Allocation Failure) 556.153: [DefNew: 897K->0K(960K), 0.0018052 secs] 73005K->72109K(524224K), 0.0019177 secs] [Times: user=0.00 sys=0.00, real=0.00 secs] 
556.170: [GC (Allocation Failure) 556.170: [DefNew: 896K->1K(960K), 0.0020729 secs] 73006K->72111K(524224K), 0.0021787 secs] [Times: user=0.00 sys=0.00, real=0.00 secs] 
556.188: [GC (Allocation Failure) 556.188: [DefNew: 897K->6K(960K), 0.0020180 secs] 73008K->72118K(524224K), 0.0021238 secs] [Times: user=0.02 sys=0.00, real=0.00 secs] 
556.208: [GC (Allocation Failure) 556.208: [DefNew: 902K->4K(960K), 0.0020196 secs] 73014K->72121K(524224K), 0.0021123 secs] [Times: user=0.00 sys=0.00, real=0.00 secs] 
556.226: [GC (Allocation Failure) 556.226: [DefNew: 900K->22K(960K), 0.0018925 secs] 73018K->72144K(524224K), 0.0020022 secs] [Times: user=0.00 sys=0.00, real=0.00 secs] 
556.241: [GC (Allocation Failure) 556.241: [DefNew: 918K->42K(960K), 0.0020219 secs] 73043K->72189K(524224K), 0.0021009 secs] [Times: user=0.00 sys=0.00, real=0.00 secs] 
556.263: [GC (Allocation Failure) 556.263: [DefNew: 938K->21K(960K), 0.0020658 secs] 73090K->72215K(524224K), 0.0021688 secs] [Times: user=0.00 sys=0.00, real=0.00 secs] 
556.322: [GC (Allocation Failure) 556.322: [DefNew: 917K->63K(960K), 0.0030732 secs] 73131K->72365K(524224K), 0.0032074 secs] [Times: user=0.00 sys=0.00, real=0.00 secs] 
562.371: [GC (Allocation Failure) 562.371: [DefNew: 959K->23K(960K), 0.0025083 secs] 73263K->72391K(524224K), 0.0026184 secs] [Times: user=0.00 sys=0.00, real=0.00 secs] 
563.500: [GC (Allocation Failure) 563.500: [DefNew: 919K->19K(960K), 0.0032891 secs] 73297K->72412K(524224K), 0.0034356 secs] [Times: user=0.02 sys=0.00, real=0.00 secs] 
563.512: [Full GC (System.gc()) 563.512: [Tenured: 72393K->43703K(523264K), 0.1085462 secs] 72464K->43703K(524224K), [Metaspace: 53588K->53588K(1097728K)], 0.1086903 secs] [Times: user=0.11 sys=0.00, real=0.11 secs] 
563.639: [GC (Allocation Failure) 563.639: [DefNew: 896K->64K(960K), 0.0019347 secs] 44841K->44015K(524224K), 0.0020283 secs] [Times: user=0.00 sys=0.00, real=0.00 secs] 
563.658: [GC (Allocation Failure) 563.658: [DefNew: 960K->27K(960K), 0.0018933 secs] 45001K->44096K(524224K), 0.0019754 secs] [Times: user=0.00 sys=0.00, real=0.00 secs] 
563.676: [GC (Allocation Failure) 563.676: [DefNew: 923K->57K(960K), 0.0018980 secs] 45137K->44276K(524224K), 0.0020144 secs] [Times: user=0.00 sys=0.00, real=0.00 secs] 
563.689: [GC (Allocation Failure) 563.689: [DefNew: 953K->15K(960K), 0.0017811 secs] 45179K->44253K(524224K), 0.0018885 secs] [Times: user=0.03 sys=0.00, real=0.00 secs] 
563.700: [GC (Allocation Failure) 563.700: [DefNew: 911K->7K(960K), 0.0024356 secs] 45149K->44259K(524224K), 0.0025497 secs] [Times: user=0.00 sys=0.00, real=0.00 secs] 
563.716: [GC (Allocation Failure) 563.716: [DefNew: 903K->64K(960K), 0.0023433 secs] 45206K->44495K(524224K), 0.0024495 secs] [Times: user=0.00 sys=0.00, real=0.00 secs] 
563.740: [GC (Allocation Failure) 563.740: [DefNew: 960K->41K(960K), 0.0027787 secs] 45393K->44538K(524224K), 0.0029074 secs] [Times: user=0.00 sys=0.00, real=0.00 secs] 
563.763: [GC (Allocation Failure) 563.763: [DefNew: 937K->35K(960K), 0.0023046 secs] 45530K->44666K(524224K), 0.0024250 secs] [Times: user=0.00 sys=0.00, real=0.00 secs] 
563.790: [GC (Allocation Failure) 563.790: [DefNew: 931K->64K(960K), 0.0019833 secs] 45571K->44721K(524224K), 0.0020756 secs] [Times: user=0.00 sys=0.00, real=0.00 secs] 
563.811: [GC (Allocation Failure) 563.811: [DefNew: 960K->64K(960K), 0.0019679 secs] 45678K->44853K(524224K), 0.0020579 secs] [Times: user=0.00 sys=0.00, real=0.00 secs] 
563.826: [GC (Allocation Failure) 563.826: [DefNew: 960K->37K(960K), 0.0018763 secs] 45751K->44886K(524224K), 0.0019679 secs] [Times: user=0.00 sys=0.00, real=0.00 secs] 
563.840: [GC (Allocation Failure) 563.840: [DefNew: 933K->55K(960K), 0.0019683 secs] 45784K->44935K(524224K), 0.0020666 secs] [Times: user=0.00 sys=0.00, real=0.00 secs] 
563.857: [GC (Allocation Failure) 563.857: [DefNew: 951K->59K(960K), 0.0020812 secs] 45833K->44970K(524224K), 0.0021960 secs] [Times: user=0.00 sys=0.00, real=0.00 secs] 
563.872: [GC (Allocation Failure) 563.872: [DefNew: 955K->27K(960K), 0.0021526 secs] 45867K->44977K(524224K), 0.0022588 secs] [Times: user=0.00 sys=0.00, real=0.00 secs] 
563.890: [GC (Allocation Failure) 563.890: [DefNew: 923K->38K(960K), 0.0021139 secs] 45873K->45004K(524224K), 0.0022098 secs] [Times: user=0.00 sys=0.00, real=0.00 secs] 
563.903: [GC (Allocation Failure) 563.903: [DefNew: 934K->64K(960K), 0.0022331 secs] 46033K->45360K(524224K), 0.0023180 secs] [Times: user=0.00 sys=0.00, real=0.00 secs] 
563.908: [GC (Allocation Failure) 563.908: [DefNew: 960K->2K(960K), 0.0025438 secs] 46258K->45363K(524224K), 0.0026658 secs] [Times: user=0.01 sys=0.00, real=0.00 secs] 
563.912: [GC (Allocation Failure) 563.912: [DefNew: 898K->2K(960K), 0.0018917 secs] 46259K->45364K(524224K), 0.0019943 secs] [Times: user=0.00 sys=0.00, real=0.00 secs] 
563.927: [GC (Allocation Failure) 563.927: [DefNew: 898K->21K(960K), 0.0018032 secs] 46336K->45460K(524224K), 0.0019047 secs] [Times: user=0.00 sys=0.00, real=0.00 secs] 
563.942: [GC (Allocation Failure) 563.942: [DefNew: 917K->7K(960K), 0.0019643 secs] 46362K->45453K(524224K), 0.0020823 secs] [Times: user=0.00 sys=0.00, real=0.00 secs] 
563.965: [GC (Allocation Failure) 563.965: [DefNew: 903K->8K(960K), 0.0022118 secs] 46361K->45470K(524224K), 0.0023472 secs] [Times: user=0.00 sys=0.00, real=0.00 secs] 
563.980: [GC (Allocation Failure) 563.980: [DefNew: 904K->7K(960K), 0.0021538 secs] 46380K->45487K(524224K), 0.0022955 secs] [Times: user=0.00 sys=0.00, real=0.00 secs] 
564.004: [GC (Allocation Failure) 564.004: [DefNew: 903K->5K(960K), 0.0023054 secs] 46386K->45492K(524224K), 0.0024230 secs] [Times: user=0.00 sys=0.00, real=0.00 secs] 
564.020: [GC (Allocation Failure) 564.020: [DefNew: 901K->56K(960K), 0.0020748 secs] 46469K->45629K(524224K), 0.0021929 secs] [Times: user=0.00 sys=0.00, real=0.00 secs] 
564.031: [GC (Allocation Failure) 564.031: [DefNew: 952K->63K(960K), 0.0024349 secs] 46528K->45678K(524224K), 0.0025789 secs] [Times: user=0.03 sys=0.00, real=0.00 secs] 
564.049: [GC (Allocation Failure) 564.049: [DefNew: 959K->63K(960K), 0.0026761 secs] 46592K->45752K(524224K), 0.0027984 secs] [Times: user=0.03 sys=0.00, real=0.00 secs] 
564.064: [GC (Allocation Failure) 564.064: [DefNew: 959K->63K(960K), 0.0022193 secs] 46676K->45844K(524224K), 0.0023326 secs] [Times: user=0.00 sys=0.00, real=0.00 secs] 
564.078: [GC (Allocation Failure) 564.078: [DefNew: 959K->51K(960K), 0.0023176 secs] 46757K->45903K(524224K), 0.0024408 secs] [Times: user=0.02 sys=0.00, real=0.00 secs] 
564.095: [GC (Allocation Failure) 564.096: [DefNew: 947K->59K(960K), 0.0020476 secs] 46801K->45952K(524224K), 0.0021491 secs] [Times: user=0.02 sys=0.00, real=0.00 secs] 
564.112: [GC (Allocation Failure) 564.112: [DefNew: 955K->53K(960K), 0.0025229 secs] 46874K->46017K(524224K), 0.0026464 secs] [Times: user=0.00 sys=0.00, real=0.00 secs] 
564.125: [GC (Allocation Failure) 564.125: [DefNew: 949K->56K(960K), 0.0019955 secs] 46916K->46066K(524224K), 0.0021072 secs] [Times: user=0.03 sys=0.00, real=0.00 secs] 
564.145: [GC (Allocation Failure) 564.145: [DefNew: 952K->41K(960K), 0.0021566 secs] 46993K->46124K(524224K), 0.0022746 secs] [Times: user=0.00 sys=0.00, real=0.00 secs] 
564.159: [GC (Allocation Failure) 564.159: [DefNew: 937K->42K(960K), 0.0024072 secs] 47029K->46165K(524224K), 0.0025166 secs] [Times: user=0.00 sys=0.00, real=0.00 secs] 
564.172: [GC (Allocation Failure) 564.172: [DefNew: 938K->46K(960K), 0.0021076 secs] 47072K->46209K(524224K), 0.0022134 secs] [Times: user=0.00 sys=0.00, real=0.00 secs] 
564.188: [GC (Allocation Failure) 564.188: [DefNew: 942K->12K(960K), 0.0018056 secs] 47110K->46210K(524224K), 0.0019067 secs] [Times: user=0.02 sys=0.00, real=0.00 secs] 
564.201: [GC (Allocation Failure) 564.201: [DefNew: 908K->19K(960K), 0.0019371 secs] 47115K->46235K(524224K), 0.0020772 secs] [Times: user=0.00 sys=0.00, real=0.00 secs] 
564.216: [GC (Allocation Failure) 564.216: [DefNew: 915K->22K(960K), 0.0025292 secs] 47131K->46253K(524224K), 0.0026322 secs] [Times: user=0.00 sys=0.00, real=0.00 secs] 
564.231: [GC (Allocation Failure) 564.231: [DefNew: 918K->35K(960K), 0.0021250 secs] 47158K->46290K(524224K), 0.0022359 secs] [Times: user=0.00 sys=0.00, real=0.00 secs] 
564.246: [GC (Allocation Failure) 564.246: [DefNew: 931K->8K(960K), 0.0022584 secs] 47186K->46286K(524224K), 0.0023650 secs] [Times: user=0.00 sys=0.00, real=0.00 secs] 
564.262: [GC (Allocation Failure) 564.262: [DefNew: 904K->35K(960K), 0.0019446 secs] 47184K->46321K(524224K), 0.0020488 secs] [Times: user=0.00 sys=0.00, real=0.00 secs] 
564.278: [GC (Allocation Failure) 564.278: [DefNew: 931K->30K(960K), 0.0027653 secs] 47217K->46333K(524224K), 0.0028924 secs] [Times: user=0.00 sys=0.00, real=0.00 secs] 
564.293: [GC (Allocation Failure) 564.293: [DefNew: 926K->2K(960K), 0.0021471 secs] 47232K->46330K(524224K), 0.0022659 secs] [Times: user=0.00 sys=0.00, real=0.00 secs] 
564.309: [GC (Allocation Failure) 564.309: [DefNew: 898K->17K(960K), 0.0018854 secs] 47227K->46348K(524224K), 0.0019793 secs] [Times: user=0.00 sys=0.00, real=0.00 secs] 
564.322: [GC (Allocation Failure) 564.322: [DefNew: 913K->25K(960K), 0.0022908 secs] 47265K->46387K(524224K), 0.0024183 secs] [Times: user=0.00 sys=0.00, real=0.00 secs] 
564.337: [GC (Allocation Failure) 564.337: [DefNew: 921K->50K(960K), 0.0020772 secs] 47369K->46510K(524224K), 0.0021925 secs] [Times: user=0.00 sys=0.00, real=0.00 secs] 
564.356: [GC (Allocation Failure) 564.356: [DefNew: 946K->7K(960K), 0.0019722 secs] 47408K->46487K(524224K), 0.0020883 secs] [Times: user=0.00 sys=0.00, real=0.00 secs] 
564.372: [GC (Allocation Failure) 564.372: [DefNew: 903K->20K(960K), 0.0021897 secs] 47392K->46513K(524224K), 0.0023168 secs] [Times: user=0.00 sys=0.00, real=0.00 secs] 
564.386: [GC (Allocation Failure) 564.386: [DefNew: 916K->62K(960K), 0.0020693 secs] 47430K->46582K(524224K), 0.0021834 secs] [Times: user=0.00 sys=0.00, real=0.00 secs] 
564.400: [GC (Allocation Failure) 564.400: [DefNew: 958K->53K(960K), 0.0020535 secs] 47488K->46611K(524224K), 0.0021601 secs] [Times: user=0.00 sys=0.00, real=0.00 secs] 
564.414: [GC (Allocation Failure) 564.414: [DefNew: 949K->50K(960K), 0.0025517 secs] 47536K->46689K(524224K), 0.0026871 secs] [Times: user=0.00 sys=0.00, real=0.00 secs] 
564.436: [GC (Allocation Failure) 564.436: [DefNew: 946K->2K(960K), 0.0021431 secs] 47585K->46684K(524224K), 0.0022446 secs] [Times: user=0.00 sys=0.00, real=0.00 secs] 
564.451: [GC (Allocation Failure) 564.451: [DefNew: 898K->15K(960K), 0.0025351 secs] 47597K->46716K(524224K), 0.0026626 secs] [Times: user=0.00 sys=0.00, real=0.00 secs] 
564.465: [GC (Allocation Failure) 564.465: [DefNew: 911K->51K(960K), 0.0027068 secs] 47627K->46772K(524224K), 0.0028442 secs] [Times: user=0.00 sys=0.00, real=0.00 secs] 
564.479: [GC (Allocation Failure) 564.479: [DefNew: 947K->9K(960K), 0.0028533 secs] 47669K->46764K(524224K), 0.0029832 secs] [Times: user=0.00 sys=0.00, real=0.00 secs] 
564.496: [GC (Allocation Failure) 564.496: [DefNew: 905K->16K(960K), 0.0022746 secs] 47666K->46785K(524224K), 0.0024045 secs] [Times: user=0.00 sys=0.00, real=0.00 secs] 
564.510: [GC (Allocation Failure) 564.510: [DefNew: 912K->23K(960K), 0.0019493 secs] 47682K->46804K(524224K), 0.0020365 secs] [Times: user=0.00 sys=0.00, real=0.00 secs] 
564.522: [GC (Allocation Failure) 564.522: [DefNew: 919K->24K(960K), 0.0024467 secs] 47703K->46825K(524224K), 0.0025438 secs] [Times: user=0.00 sys=0.00, real=0.00 secs] 
564.536: [GC (Allocation Failure) 564.537: [DefNew: 920K->5K(960K), 0.0019075 secs] 47728K->46829K(524224K), 0.0019931 secs] [Times: user=0.00 sys=0.00, real=0.00 secs] 
564.552: [GC (Allocation Failure) 564.552: [DefNew: 901K->63K(960K), 0.0023259 secs] 47737K->46925K(524224K), 0.0024459 secs] [Times: user=0.00 sys=0.00, real=0.00 secs] 
564.565: [GC (Allocation Failure) 564.565: [DefNew: 959K->25K(960K), 0.0022095 secs] 47826K->46938K(524224K), 0.0023141 secs] [Times: user=0.00 sys=0.00, real=0.00 secs] 
564.578: [GC (Allocation Failure) 564.578: [DefNew: 921K->7K(960K), 0.0020330 secs] 47856K->46966K(524224K), 0.0021258 secs] [Times: user=0.00 sys=0.00, real=0.00 secs] 
564.589: [GC (Allocation Failure) 564.589: [DefNew: 903K->46K(960K), 0.0021396 secs] 47862K->47011K(524224K), 0.0022300 secs] [Times: user=0.00 sys=0.00, real=0.00 secs] 
564.601: [GC (Allocation Failure) 564.601: [DefNew: 942K->20K(960K), 0.0020460 secs] 47920K->47018K(524224K), 0.0021791 secs] [Times: user=0.00 sys=0.00, real=0.00 secs] 
564.612: [GC (Allocation Failure) 564.612: [DefNew: 916K->33K(960K), 0.0020622 secs] 47938K->47067K(524224K), 0.0021542 secs] [Times: user=0.00 sys=0.00, real=0.00 secs] 
564.623: [GC (Allocation Failure) 564.623: [DefNew: 929K->13K(960K), 0.0019998 secs] 47967K->47075K(524224K), 0.0020831 secs] [Times: user=0.00 sys=0.00, real=0.00 secs] 
564.635: [GC (Allocation Failure) 564.635: [DefNew: 909K->7K(960K), 0.0019387 secs] 47974K->47083K(524224K), 0.0020196 secs] [Times: user=0.00 sys=0.00, real=0.00 secs] 
564.645: [GC (Allocation Failure) 564.645: [DefNew: 903K->15K(960K), 0.0022110 secs] 47987K->47100K(524224K), 0.0023227 secs] [Times: user=0.00 sys=0.00, real=0.00 secs] 
564.657: [GC (Allocation Failure) 564.657: [DefNew: 911K->24K(960K), 0.0018625 secs] 48006K->47128K(524224K), 0.0019454 secs] [Times: user=0.00 sys=0.00, real=0.00 secs] 
564.669: [GC (Allocation Failure) 564.669: [DefNew: 920K->20K(960K), 0.0018988 secs] 48026K->47143K(524224K), 0.0019801 secs] [Times: user=0.00 sys=0.00, real=0.00 secs] 
564.682: [GC (Allocation Failure) 564.682: [DefNew: 916K->28K(960K), 0.0022793 secs] 48065K->47188K(524224K), 0.0024108 secs] [Times: user=0.00 sys=0.00, real=0.00 secs] 
564.692: [GC (Allocation Failure) 564.692: [DefNew: 924K->15K(960K), 0.0018921 secs] 48100K->47207K(524224K), 0.0019765 secs] [Times: user=0.00 sys=0.00, real=0.00 secs] 
564.704: [GC (Allocation Failure) 564.704: [DefNew: 911K->21K(960K), 0.0020267 secs] 48107K->47225K(524224K), 0.0021451 secs] [Times: user=0.01 sys=0.00, real=0.00 secs] 
564.716: [GC (Allocation Failure) 564.716: [DefNew: 917K->8K(960K), 0.0029034 secs] 48131K->47234K(524224K), 0.0030349 secs] [Times: user=0.00 sys=0.00, real=0.00 secs] 
564.729: [GC (Allocation Failure) 564.729: [DefNew: 904K->63K(960K), 0.0020302 secs] 48146K->47321K(524224K), 0.0021151 secs] [Times: user=0.00 sys=0.00, real=0.00 secs] 
564.741: [GC (Allocation Failure) 564.741: [DefNew: 959K->42K(960K), 0.0020065 secs] 48235K->47376K(524224K), 0.0021131 secs] [Times: user=0.00 sys=0.00, real=0.00 secs] 
564.756: [GC (Allocation Failure) 564.756: [DefNew: 938K->7K(960K), 0.0019726 secs] 48272K->47375K(524224K), 0.0020808 secs] [Times: user=0.00 sys=0.00, real=0.00 secs] 
564.772: [GC (Allocation Failure) 564.772: [DefNew: 903K->36K(960K), 0.0019197 secs] 48274K->47412K(524224K), 0.0020018 secs] [Times: user=0.00 sys=0.00, real=0.00 secs] 
564.789: [GC (Allocation Failure) 564.789: [DefNew: 932K->37K(960K), 0.0020741 secs] 48308K->47429K(524224K), 0.0021692 secs] [Times: user=0.00 sys=0.00, real=0.00 secs] 
564.803: [GC (Allocation Failure) 564.803: [DefNew: 933K->16K(960K), 0.0022181 secs] 48325K->47435K(524224K), 0.0023468 secs] [Times: user=0.00 sys=0.00, real=0.00 secs] 
564.815: [GC (Allocation Failure) 564.815: [DefNew: 912K->6K(960K), 0.0019714 secs] 48357K->47463K(524224K), 0.0020551 secs] [Times: user=0.01 sys=0.00, real=0.00 secs] 
564.826: [GC (Allocation Failure) 564.826: [DefNew: 902K->5K(960K), 0.0018202 secs] 48360K->47466K(524224K), 0.0019118 secs] [Times: user=0.00 sys=0.00, real=0.00 secs] 
564.838: [GC (Allocation Failure) 564.839: [DefNew: 901K->17K(960K), 0.0018463 secs] 48364K->47483K(524224K), 0.0019390 secs] [Times: user=0.00 sys=0.00, real=0.00 secs] 
564.850: [GC (Allocation Failure) 564.850: [DefNew: 913K->17K(960K), 0.0024325 secs] 48384K->47497K(524224K), 0.0025403 secs] [Times: user=0.00 sys=0.00, real=0.00 secs] 
564.861: [GC (Allocation Failure) 564.861: [DefNew: 913K->7K(960K), 0.0020073 secs] 48397K->47503K(524224K), 0.0020883 secs] [Times: user=0.02 sys=0.00, real=0.00 secs] 
564.873: [GC (Allocation Failure) 564.873: [DefNew: 903K->34K(960K), 0.0019852 secs] 48402K->47537K(524224K), 0.0021123 secs] [Times: user=0.00 sys=0.00, real=0.00 secs] 
564.889: [GC (Allocation Failure) 564.889: [DefNew: 930K->11K(960K), 0.0020306 secs] 48442K->47548K(524224K), 0.0021297 secs] [Times: user=0.00 sys=0.00, real=0.00 secs] 
564.903: [GC (Allocation Failure) 564.903: [DefNew: 907K->39K(960K), 0.0020646 secs] 48538K->47677K(524224K), 0.0021475 secs] [Times: user=0.00 sys=0.00, real=0.00 secs] 
564.914: [GC (Allocation Failure) 564.914: [DefNew: 935K->16K(960K), 0.0020693 secs] 48586K->47678K(524224K), 0.0021514 secs] [Times: user=0.00 sys=0.00, real=0.00 secs] 
564.927: [GC (Allocation Failure) 564.927: [DefNew: 912K->17K(960K), 0.0021712 secs] 48576K->47690K(524224K), 0.0022734 secs] [Times: user=0.00 sys=0.00, real=0.00 secs] 
564.940: [GC (Allocation Failure) 564.940: [DefNew: 913K->3K(960K), 0.0018111 secs] 48588K->47689K(524224K), 0.0019094 secs] [Times: user=0.00 sys=0.00, real=0.00 secs] 
564.953: [GC (Allocation Failure) 564.953: [DefNew: 899K->13K(960K), 0.0019039 secs] 48586K->47702K(524224K), 0.0020010 secs] [Times: user=0.00 sys=0.00, real=0.00 secs] 
564.964: [GC (Allocation Failure) 564.964: [DefNew: 909K->20K(960K), 0.0018613 secs] 48600K->47717K(524224K), 0.0019450 secs] [Times: user=0.00 sys=0.00, real=0.00 secs] 
564.976: [GC (Allocation Failure) 564.976: [DefNew: 916K->39K(960K), 0.0020618 secs] 48615K->47752K(524224K), 0.0021463 secs] [Times: user=0.00 sys=0.00, real=0.00 secs] 
564.986: [GC (Allocation Failure) 564.986: [DefNew: 935K->24K(960K), 0.0020267 secs] 48651K->47770K(524224K), 0.0021112 secs] [Times: user=0.00 sys=0.00, real=0.00 secs] 
565.000: [GC (Allocation Failure) 565.000: [DefNew: 920K->23K(960K), 0.0021222 secs] 48668K->47789K(524224K), 0.0022304 secs] [Times: user=0.00 sys=0.00, real=0.00 secs] 
565.014: [GC (Allocation Failure) 565.014: [DefNew: 919K->23K(960K), 0.0019035 secs] 48711K->47831K(524224K), 0.0019971 secs] [Times: user=0.00 sys=0.00, real=0.00 secs] 
565.028: [GC (Allocation Failure) 565.028: [DefNew: 919K->3K(960K), 0.0020034 secs] 48728K->47827K(524224K), 0.0020875 secs] [Times: user=0.00 sys=0.00, real=0.00 secs] 
565.041: [GC (Allocation Failure) 565.041: [DefNew: 899K->6K(960K), 0.0021096 secs] 48723K->47833K(524224K), 0.0022383 secs] [Times: user=0.00 sys=0.00, real=0.00 secs] 
565.052: [GC (Allocation Failure) 565.052: [DefNew: 902K->3K(960K), 0.0019758 secs] 48738K->47841K(524224K), 0.0020744 secs] [Times: user=0.00 sys=0.00, real=0.00 secs] 
565.064: [GC (Allocation Failure) 565.064: [DefNew: 899K->19K(960K), 0.0019023 secs] 48738K->47861K(524224K), 0.0019896 secs] [Times: user=0.01 sys=0.00, real=0.00 secs] 
565.077: [GC (Allocation Failure) 565.077: [DefNew: 915K->33K(960K), 0.0019584 secs] 48761K->47889K(524224K), 0.0020448 secs] [Times: user=0.00 sys=0.00, real=0.00 secs] 
565.090: [GC (Allocation Failure) 565.090: [DefNew: 929K->36K(960K), 0.0019331 secs] 48786K->47915K(524224K), 0.0020137 secs] [Times: user=0.00 sys=0.00, real=0.00 secs] 
565.102: [GC (Allocation Failure) 565.102: [DefNew: 932K->8K(960K), 0.0019351 secs] 48811K->47912K(524224K), 0.0020109 secs] [Times: user=0.00 sys=0.00, real=0.00 secs] 
565.118: [GC (Allocation Failure) 565.118: [DefNew: 904K->63K(960K), 0.0022730 secs] 48808K->48003K(524224K), 0.0023599 secs] [Times: user=0.00 sys=0.00, real=0.00 secs] 
565.135: [GC (Allocation Failure) 565.135: [DefNew: 959K->42K(960K), 0.0020776 secs] 48900K->48045K(524224K), 0.0021755 secs] [Times: user=0.00 sys=0.00, real=0.00 secs] 
565.150: [GC (Allocation Failure) 565.150: [DefNew: 938K->37K(960K), 0.0021810 secs] 48988K->48129K(524224K), 0.0022801 secs] [Times: user=0.00 sys=0.00, real=0.00 secs] 
565.166: [GC (Allocation Failure) 565.166: [DefNew: 933K->63K(960K), 0.0021806 secs] 49026K->48182K(524224K), 0.0022963 secs] [Times: user=0.00 sys=0.00, real=0.00 secs] 
565.184: [GC (Allocation Failure) 565.184: [DefNew: 959K->37K(960K), 0.0027976 secs] 49078K->48218K(524224K), 0.0029820 secs] [Times: user=0.00 sys=0.00, real=0.00 secs] 
565.202: [GC (Allocation Failure) 565.202: [DefNew: 933K->33K(960K), 0.0023022 secs] 49114K->48248K(524224K), 0.0023993 secs] [Times: user=0.00 sys=0.00, real=0.00 secs] 
565.216: [GC (Allocation Failure) 565.216: [DefNew: 929K->45K(960K), 0.0024510 secs] 49146K->48294K(524224K), 0.0025580 secs] [Times: user=0.00 sys=0.00, real=0.00 secs] 
565.231: [GC (Allocation Failure) 565.231: [DefNew: 941K->57K(960K), 0.0019959 secs] 49266K->48426K(524224K), 0.0020827 secs] [Times: user=0.00 sys=0.00, real=0.00 secs] 
565.245: [GC (Allocation Failure) 565.245: [DefNew: 953K->63K(960K), 0.0023334 secs] 49324K->48476K(524224K), 0.0024581 secs] [Times: user=0.00 sys=0.00, real=0.00 secs] 
565.264: [GC (Allocation Failure) 565.264: [DefNew: 959K->56K(960K), 0.0021455 secs] 49372K->48529K(524224K), 0.0022272 secs] [Times: user=0.00 sys=0.00, real=0.00 secs] 
565.281: [GC (Allocation Failure) 565.281: [DefNew: 952K->64K(960K), 0.0020109 secs] 49493K->48657K(524224K), 0.0021198 secs] [Times: user=0.01 sys=0.00, real=0.00 secs] 
565.295: [GC (Allocation Failure) 565.295: [DefNew: 960K->16K(960K), 0.0020326 secs] 49556K->48622K(524224K), 0.0021281 secs] [Times: user=0.00 sys=0.00, real=0.00 secs] 
565.311: [GC (Allocation Failure) 565.311: [DefNew: 912K->32K(960K), 0.0021467 secs] 49519K->48641K(524224K), 0.0022434 secs] [Times: user=0.00 sys=0.00, real=0.00 secs] 
565.327: [GC (Allocation Failure) 565.328: [DefNew: 928K->40K(960K), 0.0021570 secs] 49539K->48682K(524224K), 0.0022722 secs] [Times: user=0.00 sys=0.00, real=0.00 secs] 
565.350: [GC (Allocation Failure) 565.350: [DefNew: 936K->47K(960K), 0.0023922 secs] 49582K->48732K(524224K), 0.0025000 secs] [Times: user=0.00 sys=0.00, real=0.00 secs] 
565.369: [GC (Allocation Failure) 565.369: [DefNew: 943K->62K(960K), 0.0023500 secs] 49628K->48789K(524224K), 0.0024708 secs] [Times: user=0.00 sys=0.00, real=0.00 secs] 
565.387: [GC (Allocation Failure) 565.387: [DefNew: 958K->29K(960K), 0.0023038 secs] 49686K->48803K(524224K), 0.0024108 secs] [Times: user=0.00 sys=0.00, real=0.00 secs] 
565.408: [GC (Allocation Failure) 565.408: [DefNew: 925K->45K(960K), 0.0028884 secs] 49699K->48847K(524224K), 0.0030136 secs] [Times: user=0.03 sys=0.00, real=0.00 secs] 
565.431: [GC (Allocation Failure) 565.431: [DefNew: 941K->64K(960K), 0.0037474 secs] 49743K->49057K(524224K), 0.0038864 secs] [Times: user=0.00 sys=0.00, real=0.00 secs] 
565.457: [GC (Allocation Failure) 565.457: [DefNew: 960K->63K(960K), 0.0031281 secs] 49953K->49124K(524224K), 0.0032678 secs] [Times: user=0.00 sys=0.00, real=0.00 secs] 
565.486: [GC (Allocation Failure) 565.486: [DefNew: 959K->46K(960K), 0.0021301 secs] 50020K->49169K(524224K), 0.0022375 secs] [Times: user=0.02 sys=0.00, real=0.00 secs] 
565.504: [GC (Allocation Failure) 565.504: [DefNew: 942K->45K(960K), 0.0023291 secs] 50067K->49215K(524224K), 0.0024400 secs] [Times: user=0.00 sys=0.00, real=0.00 secs] 
565.525: [GC (Allocation Failure) 565.525: [DefNew: 941K->21K(960K), 0.0029319 secs] 50120K->49243K(524224K), 0.0030684 secs] [Times: user=0.00 sys=0.00, real=0.00 secs] 
565.556: [GC (Allocation Failure) 565.556: [DefNew: 917K->30K(960K), 0.0023567 secs] 50139K->49271K(524224K), 0.0024901 secs] [Times: user=0.00 sys=0.00, real=0.00 secs] 
565.574: [GC (Allocation Failure) 565.574: [DefNew: 926K->63K(960K), 0.0022331 secs] 50167K->49333K(524224K), 0.0023389 secs] [Times: user=0.00 sys=0.00, real=0.00 secs] 
565.587: [GC (Allocation Failure) 565.587: [DefNew: 959K->5K(960K), 0.0021893 secs] 50229K->49338K(524224K), 0.0023058 secs] [Times: user=0.00 sys=0.00, real=0.00 secs] 
565.606: [GC (Allocation Failure) 565.606: [DefNew: 901K->63K(960K), 0.0022975 secs] 50234K->49402K(524224K), 0.0023930 secs] [Times: user=0.00 sys=0.00, real=0.00 secs] 
565.621: [GC (Allocation Failure) 565.621: [DefNew: 959K->11K(960K), 0.0021404 secs] 50298K->49410K(524224K), 0.0022395 secs] [Times: user=0.00 sys=0.00, real=0.00 secs] 
565.633: [GC (Allocation Failure) 565.633: [DefNew: 907K->64K(960K), 0.0021329 secs] 50307K->49501K(524224K), 0.0022655 secs] [Times: user=0.00 sys=0.00, real=0.00 secs] 
565.644: [GC (Allocation Failure) 565.644: [DefNew: 960K->12K(960K), 0.0024317 secs] 50397K->49501K(524224K), 0.0025407 secs] [Times: user=0.00 sys=0.00, real=0.00 secs] 
565.658: [GC (Allocation Failure) 565.658: [DefNew: 908K->25K(960K), 0.0022880 secs] 50397K->49526K(524224K), 0.0023974 secs] [Times: user=0.02 sys=0.00, real=0.00 secs] 
565.671: [GC (Allocation Failure) 565.671: [DefNew: 921K->36K(960K), 0.0019884 secs] 50500K->49637K(524224K), 0.0020883 secs] [Times: user=0.00 sys=0.00, real=0.00 secs] 
565.681: [GC (Allocation Failure) 565.681: [DefNew: 932K->14K(960K), 0.0019592 secs] 50533K->49623K(524224K), 0.0020496 secs] [Times: user=0.00 sys=0.00, real=0.00 secs] 
565.699: [GC (Allocation Failure) 565.699: [DefNew: 910K->63K(960K), 0.0023022 secs] 50526K->49705K(524224K), 0.0024045 secs] [Times: user=0.00 sys=0.00, real=0.00 secs] 
565.719: [GC (Allocation Failure) 565.719: [DefNew: 959K->64K(960K), 0.0020997 secs] 50917K->50127K(524224K), 0.0021810 secs] [Times: user=0.02 sys=0.00, real=0.00 secs] 
565.734: [GC (Allocation Failure) 565.734: [DefNew: 960K->63K(960K), 0.0021688 secs] 71481K->70635K(524224K), 0.0022537 secs] [Times: user=0.00 sys=0.00, real=0.00 secs] 
565.752: [GC (Allocation Failure) 565.752: [DefNew: 959K->44K(960K), 0.0022276 secs] 75336K->74447K(524224K), 0.0023496 secs] [Times: user=0.01 sys=0.00, real=0.00 secs] 
565.784: [GC (Allocation Failure) 565.784: [DefNew: 940K->64K(960K), 0.0025683 secs] 75406K->74614K(524224K), 0.0026863 secs] [Times: user=0.00 sys=0.00, real=0.00 secs] 
565.799: [GC (Allocation Failure) 565.799: [DefNew: 960K->28K(960K), 0.0027155 secs] 75510K->74637K(524224K), 0.0028344 secs] [Times: user=0.00 sys=0.00, real=0.00 secs] 
565.812: [GC (Allocation Failure) 565.812: [DefNew: 924K->64K(960K), 0.0024992 secs] 75534K->74762K(524224K), 0.0026074 secs] [Times: user=0.00 sys=0.00, real=0.00 secs] 
565.827: [GC (Allocation Failure) 565.827: [DefNew: 960K->63K(960K), 0.0021755 secs] 75676K->74836K(524224K), 0.0022746 secs] [Times: user=0.00 sys=0.00, real=0.00 secs] 
565.838: [GC (Allocation Failure) 565.838: [DefNew: 959K->64K(960K), 0.0021360 secs] 75736K->74918K(524224K), 0.0022462 secs] [Times: user=0.00 sys=0.00, real=0.00 secs] 
565.853: [GC (Allocation Failure) 565.853: [DefNew: 960K->40K(960K), 0.0021570 secs] 75814K->74958K(524224K), 0.0022509 secs] [Times: user=0.00 sys=0.00, real=0.00 secs] 
565.865: [GC (Allocation Failure) 565.865: [DefNew: 936K->18K(960K), 0.0027905 secs] 75854K->74972K(524224K), 0.0029445 secs] [Times: user=0.00 sys=0.00, real=0.00 secs] 
565.885: [GC (Allocation Failure) 565.885: [DefNew: 914K->0K(960K), 0.0026492 secs] 75870K->74973K(524224K), 0.0028146 secs] [Times: user=0.00 sys=0.00, real=0.00 secs] 
565.904: [GC (Allocation Failure) 565.904: [DefNew: 896K->10K(960K), 0.0021005 secs] 75869K->74983K(524224K), 0.0022012 secs] [Times: user=0.00 sys=0.00, real=0.00 secs] 
565.923: [GC (Allocation Failure) 565.923: [DefNew: 906K->18K(960K), 0.0028719 secs] 75879K->75001K(524224K), 0.0030025 secs] [Times: user=0.02 sys=0.00, real=0.00 secs] 
565.934: [GC (Allocation Failure) 565.934: [DefNew: 914K->2K(960K), 0.0023310 secs] 75897K->75002K(524224K), 0.0024692 secs] [Times: user=0.00 sys=0.00, real=0.00 secs] 
565.950: [GC (Allocation Failure) 565.950: [DefNew: 898K->25K(960K), 0.0032106 secs] 75912K->75041K(524224K), 0.0033610 secs] [Times: user=0.00 sys=0.00, real=0.00 secs] 
565.974: [GC (Allocation Failure) 565.974: [DefNew: 921K->10K(960K), 0.0021088 secs] 75937K->75051K(524224K), 0.0022308 secs] [Times: user=0.00 sys=0.00, real=0.00 secs] 
565.992: [GC (Allocation Failure) 565.992: [DefNew: 906K->63K(960K), 0.0023887 secs] 75994K->75163K(524224K), 0.0024960 secs] [Times: user=0.00 sys=0.00, real=0.00 secs] 
565.995: [GC (Allocation Failure) 565.995: [DefNew: 959K->9K(960K), 0.0023216 secs] 76059K->75172K(524224K), 0.0023926 secs] [Times: user=0.00 sys=0.00, real=0.00 secs] 
566.011: [GC (Allocation Failure) 566.011: [DefNew: 905K->20K(960K), 0.0022592 secs] 76068K->75192K(524224K), 0.0023816 secs] [Times: user=0.00 sys=0.00, real=0.00 secs] 
566.028: [GC (Allocation Failure) 566.028: [DefNew: 916K->41K(960K), 0.0022517 secs] 76088K->75233K(524224K), 0.0023610 secs] [Times: user=0.00 sys=0.00, real=0.00 secs] 
566.048: [GC (Allocation Failure) 566.048: [DefNew: 937K->19K(960K), 0.0034024 secs] 76131K->75251K(524224K), 0.0035343 secs] [Times: user=0.03 sys=0.00, real=0.00 secs] 
566.065: [GC (Allocation Failure) 566.065: [DefNew: 915K->16K(960K), 0.0031332 secs] 76147K->75265K(524224K), 0.0032804 secs] [Times: user=0.00 sys=0.00, real=0.00 secs] 
566.091: [GC (Allocation Failure) 566.091: [DefNew: 912K->48K(960K), 0.0021818 secs] 76161K->75312K(524224K), 0.0022892 secs] [Times: user=0.00 sys=0.00, real=0.00 secs] 
566.108: [GC (Allocation Failure) 566.108: [DefNew: 944K->64K(960K), 0.0027199 secs] 76221K->75532K(524224K), 0.0028292 secs] [Times: user=0.00 sys=0.00, real=0.00 secs] 
566.126: [GC (Allocation Failure) 566.127: [DefNew: 960K->8K(960K), 0.0025679 secs] 76539K->75650K(524224K), 0.0026757 secs] [Times: user=0.01 sys=0.00, real=0.00 secs] 
566.139: [GC (Allocation Failure) 566.139: [DefNew: 904K->22K(960K), 0.0021001 secs] 76550K->75675K(524224K), 0.0021984 secs] [Times: user=0.00 sys=0.00, real=0.00 secs] 
566.157: [GC (Allocation Failure) 566.157: [DefNew: 918K->63K(960K), 0.0027072 secs] 76593K->75922K(524224K), 0.0028158 secs] [Times: user=0.02 sys=0.00, real=0.00 secs] 
566.172: [GC (Allocation Failure) 566.172: [DefNew: 959K->63K(960K), 0.0030353 secs] 76818K->76180K(524224K), 0.0031478 secs] [Times: user=0.02 sys=0.00, real=0.00 secs] 
566.177: [GC (Allocation Failure) 566.177: [DefNew: 959K->64K(960K), 0.0023816 secs] 77076K->76307K(524224K), 0.0024704 secs] [Times: user=0.00 sys=0.00, real=0.00 secs] 
566.181: [GC (Allocation Failure) 566.181: [DefNew: 960K->64K(960K), 0.0021893 secs] 77203K->76372K(524224K), 0.0022979 secs] [Times: user=0.00 sys=0.00, real=0.00 secs] 
566.186: [GC (Allocation Failure) 566.186: [DefNew: 960K->64K(960K), 0.0022876 secs] 77269K->76462K(524224K), 0.0023910 secs] [Times: user=0.00 sys=0.00, real=0.00 secs] 
566.190: [GC (Allocation Failure) 566.190: [DefNew: 960K->63K(960K), 0.0025454 secs] 77360K->76628K(524224K), 0.0026563 secs] [Times: user=0.00 sys=0.00, real=0.00 secs] 
566.196: [GC (Allocation Failure) 566.196: [DefNew: 959K->64K(960K), 0.0026370 secs] 77532K->76874K(524224K), 0.0027451 secs] [Times: user=0.00 sys=0.00, real=0.00 secs] 
566.199: [GC (Allocation Failure) 566.200: [DefNew: 960K->63K(960K), 0.0029836 secs] 77818K->77192K(524224K), 0.0030890 secs] [Times: user=0.00 sys=0.00, real=0.00 secs] 
566.204: [GC (Allocation Failure) 566.204: [DefNew: 959K->64K(960K), 0.0032117 secs] 78088K->77469K(524224K), 0.0033010 secs] [Times: user=0.02 sys=0.00, real=0.00 secs] 
566.209: [GC (Allocation Failure) 566.209: [DefNew: 960K->64K(960K), 0.0026263 secs] 78429K->77792K(524224K), 0.0027286 secs] [Times: user=0.00 sys=0.00, real=0.00 secs] 
566.223: [GC (Allocation Failure) 566.223: [DefNew: 960K->64K(960K), 0.0025075 secs] 79666K->78863K(524224K), 0.0027424 secs] [Times: user=0.00 sys=0.00, real=0.00 secs] 
566.226: [GC (Allocation Failure) 566.226: [DefNew: 960K->6K(960K), 0.0020863 secs] 79759K->78869K(524224K), 0.0021542 secs] [Times: user=0.00 sys=0.00, real=0.00 secs] 
566.229: [GC (Allocation Failure) 566.229: [DefNew: 902K->5K(960K), 0.0019221 secs] 79765K->78874K(524224K), 0.0019825 secs] [Times: user=0.00 sys=0.00, real=0.00 secs] 
566.239: [GC (Allocation Failure) 566.239: [DefNew: 901K->45K(960K), 0.0022434 secs] 79806K->78954K(524224K), 0.0023587 secs] [Times: user=0.00 sys=0.00, real=0.00 secs] 
566.256: [GC (Allocation Failure) 566.256: [DefNew: 941K->47K(960K), 0.0022509 secs] 79850K->78999K(524224K), 0.0023587 secs] [Times: user=0.00 sys=0.00, real=0.00 secs] 
566.271: [GC (Allocation Failure) 566.271: [DefNew: 943K->20K(960K), 0.0022485 secs] 79896K->78995K(524224K), 0.0023563 secs] [Times: user=0.00 sys=0.00, real=0.00 secs] 
566.284: [GC (Allocation Failure) 566.284: [DefNew: 916K->15K(960K), 0.0029350 secs] 79891K->79005K(524224K), 0.0030803 secs] [Times: user=0.00 sys=0.00, real=0.00 secs] 
566.344: [GC (Allocation Failure) 566.344: [DefNew: 911K->63K(960K), 0.0037861 secs] 80162K->79533K(524224K), 0.0039341 secs] [Times: user=0.05 sys=0.00, real=0.00 secs] 
566.373: [GC (Allocation Failure) 566.373: [DefNew: 959K->64K(960K), 0.0023705 secs] 80536K->79767K(524224K), 0.0024581 secs] [Times: user=0.00 sys=0.00, real=0.00 secs] 
566.389: [GC (Allocation Failure) 566.389: [DefNew: 960K->12K(960K), 0.0021356 secs] 80676K->79788K(524224K), 0.0022485 secs] [Times: user=0.00 sys=0.00, real=0.00 secs] 
566.407: [GC (Allocation Failure) 566.407: [DefNew: 908K->63K(960K), 0.0022473 secs] 80684K->79866K(524224K), 0.0023670 secs] [Times: user=0.02 sys=0.00, real=0.00 secs] 
566.433: [GC (Allocation Failure) 566.433: [DefNew: 959K->63K(960K), 0.0031162 secs] 80773K->79972K(524224K), 0.0032477 secs] [Times: user=0.00 sys=0.00, real=0.00 secs] 
566.454: [GC (Allocation Failure) 566.454: [DefNew: 959K->64K(960K), 0.0026149 secs] 80883K->80101K(524224K), 0.0027270 secs] [Times: user=0.02 sys=0.00, real=0.00 secs] 
566.490: [GC (Allocation Failure) 566.490: [DefNew: 960K->29K(960K), 0.0025118 secs] 81013K->80145K(524224K), 0.0026161 secs] [Times: user=0.00 sys=0.00, real=0.00 secs] 
566.502: [GC (Allocation Failure) 566.502: [DefNew: 925K->34K(960K), 0.0027443 secs] 81041K->80178K(524224K), 0.0028470 secs] [Times: user=0.00 sys=0.00, real=0.00 secs] 
566.518: [GC (Allocation Failure) 566.518: [DefNew: 930K->63K(960K), 0.0027700 secs] 81088K->80326K(524224K), 0.0028928 secs] [Times: user=0.00 sys=0.00, real=0.00 secs] 
566.530: [GC (Allocation Failure) 566.530: [DefNew: 959K->17K(960K), 0.0022320 secs] 81222K->80341K(524224K), 0.0023358 secs] [Times: user=0.00 sys=0.00, real=0.00 secs] 
566.544: [GC (Allocation Failure) 566.544: [DefNew: 913K->44K(960K), 0.0021826 secs] 81244K->80386K(524224K), 0.0022766 secs] [Times: user=0.00 sys=0.00, real=0.00 secs] 
566.547: [GC (Allocation Failure) 566.547: [DefNew: 940K->10K(960K), 0.0023634 secs] 81282K->80394K(524224K), 0.0024613 secs] [Times: user=0.01 sys=0.00, real=0.00 secs] 
566.563: [GC (Allocation Failure) 566.563: [DefNew: 906K->27K(960K), 0.0020989 secs] 81291K->80421K(524224K), 0.0021945 secs] [Times: user=0.02 sys=0.00, real=0.00 secs] 
566.566: [GC (Allocation Failure) 566.566: [DefNew: 923K->17K(960K), 0.0025474 secs] 81320K->80441K(524224K), 0.0026287 secs] [Times: user=0.00 sys=0.00, real=0.00 secs] 
566.582: [GC (Allocation Failure) 566.582: [DefNew: 913K->6K(960K), 0.0020669 secs] 81341K->80450K(524224K), 0.0022039 secs] [Times: user=0.00 sys=0.00, real=0.00 secs] 
566.596: [GC (Allocation Failure) 566.596: [DefNew: 902K->34K(960K), 0.0031008 secs] 81347K->80485K(524224K), 0.0032311 secs] [Times: user=0.00 sys=0.02, real=0.00 secs] 
566.613: [GC (Allocation Failure) 566.613: [DefNew: 930K->40K(960K), 0.0025553 secs] 81381K->80522K(524224K), 0.0026654 secs] [Times: user=0.00 sys=0.00, real=0.00 secs] 
566.625: [GC (Allocation Failure) 566.625: [DefNew: 936K->11K(960K), 0.0020666 secs] 81418K->80532K(524224K), 0.0021877 secs] [Times: user=0.02 sys=0.00, real=0.00 secs] 
566.637: [GC (Allocation Failure) 566.637: [DefNew: 907K->13K(960K), 0.0021112 secs] 81430K->80544K(524224K), 0.0022008 secs] [Times: user=0.00 sys=0.00, real=0.00 secs] 
566.658: [GC (Allocation Failure) 566.658: [DefNew: 909K->39K(960K), 0.0024637 secs] 81440K->80583K(524224K), 0.0025612 secs] [Times: user=0.02 sys=0.00, real=0.00 secs] 
566.670: [GC (Allocation Failure) 566.670: [DefNew: 935K->43K(960K), 0.0024076 secs] 81479K->80624K(524224K), 0.0025122 secs] [Times: user=0.00 sys=0.00, real=0.00 secs] 
566.687: [GC (Allocation Failure) 566.687: [DefNew: 939K->23K(960K), 0.0023938 secs] 81520K->80644K(524224K), 0.0025039 secs] [Times: user=0.03 sys=0.00, real=0.00 secs] 
566.702: [GC (Allocation Failure) 566.702: [DefNew: 919K->41K(960K), 0.0022347 secs] 81540K->80682K(524224K), 0.0023200 secs] [Times: user=0.00 sys=0.00, real=0.00 secs] 
566.720: [GC (Allocation Failure) 566.720: [DefNew: 937K->64K(960K), 0.0025778 secs] 81600K->80776K(524224K), 0.0026879 secs] [Times: user=0.02 sys=0.00, real=0.00 secs] 
566.734: [GC (Allocation Failure) 566.734: [DefNew: 960K->15K(960K), 0.0025257 secs] 81672K->80790K(524224K), 0.0026579 secs] [Times: user=0.02 sys=0.00, real=0.00 secs] 
566.755: [GC (Allocation Failure) 566.755: [DefNew: 911K->42K(960K), 0.0030977 secs] 81686K->80832K(524224K), 0.0032275 secs] [Times: user=0.00 sys=0.00, real=0.00 secs] 
566.774: [GC (Allocation Failure) 566.774: [DefNew: 938K->58K(960K), 0.0024471 secs] 81734K->80895K(524224K), 0.0025584 secs] [Times: user=0.00 sys=0.00, real=0.00 secs] 
566.793: [GC (Allocation Failure) 566.793: [DefNew: 954K->63K(960K), 0.0024412 secs] 81824K->81045K(524224K), 0.0025683 secs] [Times: user=0.00 sys=0.00, real=0.00 secs] 
566.807: [GC (Allocation Failure) 566.807: [DefNew: 959K->33K(960K), 0.0022533 secs] 81941K->81077K(524224K), 0.0023658 secs] [Times: user=0.00 sys=0.00, real=0.00 secs] 
566.814: [GC (Allocation Failure) 566.814: [DefNew: 929K->63K(960K), 0.0023650 secs] 81973K->81207K(524224K), 0.0024807 secs] [Times: user=0.03 sys=0.00, real=0.00 secs] 
566.838: [GC (Allocation Failure) 566.838: [DefNew: 959K->63K(960K), 0.0025225 secs] 82107K->81272K(524224K), 0.0026409 secs] [Times: user=0.00 sys=0.00, real=0.00 secs] 
566.858: [GC (Allocation Failure) 566.858: [DefNew: 959K->49K(960K), 0.0032678 secs] 82177K->81328K(524224K), 0.0034115 secs] [Times: user=0.03 sys=0.00, real=0.00 secs] 
566.874: [GC (Allocation Failure) 566.874: [DefNew: 945K->64K(960K), 0.0028044 secs] 82262K->81453K(524224K), 0.0029350 secs] [Times: user=0.00 sys=0.00, real=0.00 secs] 
566.892: [GC (Allocation Failure) 566.892: [DefNew: 960K->42K(960K), 0.0023156 secs] 82355K->81500K(524224K), 0.0024199 secs] [Times: user=0.02 sys=0.00, real=0.00 secs] 
566.903: [GC (Allocation Failure) 566.903: [DefNew: 938K->17K(960K), 0.0022556 secs] 82428K->81547K(524224K), 0.0023575 secs] [Times: user=0.00 sys=0.00, real=0.00 secs] 
566.915: [GC (Allocation Failure) 566.915: [DefNew: 913K->30K(960K), 0.0025375 secs] 82445K->81579K(524224K), 0.0026468 secs] [Times: user=0.00 sys=0.00, real=0.00 secs] 
566.930: [GC (Allocation Failure) 566.930: [DefNew: 926K->56K(960K), 0.0022331 secs] 82485K->81644K(524224K), 0.0023220 secs] [Times: user=0.00 sys=0.00, real=0.00 secs] 
566.933: [GC (Allocation Failure) 566.933: [DefNew: 952K->9K(960K), 0.0025205 secs] 82546K->81657K(524224K), 0.0026236 secs] [Times: user=0.00 sys=0.00, real=0.00 secs] 
566.936: [GC (Allocation Failure) 566.936: [DefNew: 905K->6K(960K), 0.0020287 secs] 82561K->81671K(524224K), 0.0021088 secs] [Times: user=0.00 sys=0.00, real=0.00 secs] 
566.939: [GC (Allocation Failure) 566.939: [DefNew: 902K->9K(960K), 0.0020512 secs] 82576K->81690K(524224K), 0.0021187 secs] [Times: user=0.00 sys=0.00, real=0.00 secs] 
566.958: [GC (Allocation Failure) 566.958: [DefNew: 905K->8K(960K), 0.0020831 secs] 82587K->81698K(524224K), 0.0021968 secs] [Times: user=0.00 sys=0.00, real=0.00 secs] 
566.989: [GC (Allocation Failure) 566.989: [DefNew: 904K->0K(960K), 0.0023314 secs] 82595K->81698K(524224K), 0.0024747 secs] [Times: user=0.00 sys=0.00, real=0.00 secs] 
567.007: [GC (Allocation Failure) 567.007: [DefNew: 896K->30K(960K), 0.0021810 secs] 82595K->81728K(524224K), 0.0022845 secs] [Times: user=0.00 sys=0.00, real=0.00 secs] 
567.019: [GC (Allocation Failure) 567.019: [DefNew: 926K->31K(960K), 0.0021617 secs] 82624K->81758K(524224K), 0.0022789 secs] [Times: user=0.00 sys=0.00, real=0.00 secs] 
567.036: [GC (Allocation Failure) 567.036: [DefNew: 927K->63K(960K), 0.0026232 secs] 82654K->81926K(524224K), 0.0027270 secs] [Times: user=0.00 sys=0.00, real=0.00 secs] 
567.055: [GC (Allocation Failure) 567.055: [DefNew: 959K->64K(960K), 0.0026508 secs] 82826K->82018K(524224K), 0.0027894 secs] [Times: user=0.00 sys=0.00, real=0.00 secs] 
567.059: [GC (Allocation Failure) 567.059: [DefNew: 960K->2K(960K), 0.0033021 secs] 82914K->82020K(524224K), 0.0034269 secs] [Times: user=0.00 sys=0.00, real=0.00 secs] 
567.076: [GC (Allocation Failure) 567.076: [DefNew: 898K->11K(960K), 0.0022047 secs] 82916K->82030K(524224K), 0.0023129 secs] [Times: user=0.00 sys=0.00, real=0.00 secs] 
567.090: [GC (Allocation Failure) 567.090: [DefNew: 907K->15K(960K), 0.0022497 secs] 82926K->82043K(524224K), 0.0023547 secs] [Times: user=0.00 sys=0.00, real=0.00 secs] 
567.101: [GC (Allocation Failure) 567.101: [DefNew: 911K->17K(960K), 0.0020859 secs] 82939K->82058K(524224K), 0.0021964 secs] [Times: user=0.00 sys=0.00, real=0.00 secs] 
567.115: [GC (Allocation Failure) 567.115: [DefNew: 913K->8K(960K), 0.0025529 secs] 82954K->82065K(524224K), 0.0026654 secs] [Times: user=0.00 sys=0.00, real=0.00 secs] 
567.129: [GC (Allocation Failure) 567.130: [DefNew: 904K->39K(960K), 0.0024353 secs] 82962K->82106K(524224K), 0.0025280 secs] [Times: user=0.00 sys=0.00, real=0.00 secs] 
567.143: [GC (Allocation Failure) 567.143: [DefNew: 935K->33K(960K), 0.0024147 secs] 83003K->82138K(524224K), 0.0025245 secs] [Times: user=0.00 sys=0.00, real=0.00 secs] 
567.157: [GC (Allocation Failure) 567.157: [DefNew: 929K->11K(960K), 0.0022781 secs] 83038K->82149K(524224K), 0.0023654 secs] [Times: user=0.02 sys=0.00, real=0.00 secs] 
567.170: [GC (Allocation Failure) 567.170: [DefNew: 907K->64K(960K), 0.0022470 secs] 83047K->82235K(524224K), 0.0023381 secs] [Times: user=0.00 sys=0.00, real=0.00 secs] 
567.185: [GC (Allocation Failure) 567.185: [DefNew: 960K->6K(960K), 0.0020054 secs] 83152K->82223K(524224K), 0.0021076 secs] [Times: user=0.00 sys=0.00, real=0.00 secs] 
567.199: [GC (Allocation Failure) 567.199: [DefNew: 902K->49K(960K), 0.0024025 secs] 83120K->82272K(524224K), 0.0025103 secs] [Times: user=0.00 sys=0.00, real=0.00 secs] 
567.214: [GC (Allocation Failure) 567.214: [DefNew: 945K->49K(960K), 0.0024775 secs] 83169K->82320K(524224K), 0.0025766 secs] [Times: user=0.00 sys=0.00, real=0.00 secs] 
567.226: [GC (Allocation Failure) 567.226: [DefNew: 945K->22K(960K), 0.0023859 secs] 83216K->82342K(524224K), 0.0024949 secs] [Times: user=0.00 sys=0.00, real=0.00 secs] 
567.246: [GC (Allocation Failure) 567.246: [DefNew: 918K->0K(960K), 0.0021281 secs] 83239K->82343K(524224K), 0.0022256 secs] [Times: user=0.00 sys=0.00, real=0.00 secs] 
567.261: [GC (Allocation Failure) 567.261: [DefNew: 896K->42K(960K), 0.0022675 secs] 83240K->82387K(524224K), 0.0023638 secs] [Times: user=0.00 sys=0.00, real=0.00 secs] 
567.274: [GC (Allocation Failure) 567.274: [DefNew: 938K->17K(960K), 0.0022118 secs] 83283K->82404K(524224K), 0.0023026 secs] [Times: user=0.00 sys=0.00, real=0.00 secs] 
567.289: [GC (Allocation Failure) 567.289: [DefNew: 913K->9K(960K), 0.0021495 secs] 83302K->82414K(524224K), 0.0022430 secs] [Times: user=0.00 sys=0.00, real=0.00 secs] 
567.305: [GC (Allocation Failure) 567.306: [DefNew: 905K->18K(960K), 0.0025154 secs] 83310K->82431K(524224K), 0.0026220 secs] [Times: user=0.00 sys=0.00, real=0.00 secs] 
567.321: [GC (Allocation Failure) 567.321: [DefNew: 914K->19K(960K), 0.0022675 secs] 83328K->82449K(524224K), 0.0023603 secs] [Times: user=0.00 sys=0.00, real=0.00 secs] 
567.336: [GC (Allocation Failure) 567.336: [DefNew: 915K->14K(960K), 0.0021368 secs] 83346K->82462K(524224K), 0.0022371 secs] [Times: user=0.00 sys=0.00, real=0.00 secs] 
567.353: [GC (Allocation Failure) 567.353: [DefNew: 910K->8K(960K), 0.0021025 secs] 83358K->82470K(524224K), 0.0021921 secs] [Times: user=0.00 sys=0.00, real=0.00 secs] 
567.367: [GC (Allocation Failure) 567.368: [DefNew: 904K->16K(960K), 0.0024128 secs] 83367K->82487K(524224K), 0.0025821 secs] [Times: user=0.00 sys=0.00, real=0.00 secs] 
567.381: [GC (Allocation Failure) 567.381: [DefNew: 912K->20K(960K), 0.0023160 secs] 83384K->82507K(524224K), 0.0024230 secs] [Times: user=0.00 sys=0.00, real=0.00 secs] 
567.395: [GC (Allocation Failure) 567.395: [DefNew: 916K->20K(960K), 0.0023370 secs] 83403K->82526K(524224K), 0.0024274 secs] [Times: user=0.00 sys=0.00, real=0.00 secs] 
567.410: [GC (Allocation Failure) 567.410: [DefNew: 916K->18K(960K), 0.0023306 secs] 83423K->82541K(524224K), 0.0024720 secs] [Times: user=0.00 sys=0.00, real=0.00 secs] 
567.428: [GC (Allocation Failure) 567.428: [DefNew: 914K->16K(960K), 0.0021502 secs] 83453K->82571K(524224K), 0.0022406 secs] [Times: user=0.00 sys=0.00, real=0.00 secs] 
567.443: [GC (Allocation Failure) 567.443: [DefNew: 912K->16K(960K), 0.0024838 secs] 83467K->82584K(524224K), 0.0025786 secs] [Times: user=0.00 sys=0.00, real=0.00 secs] 
567.456: [GC (Allocation Failure) 567.456: [DefNew: 912K->11K(960K), 0.0022616 secs] 83480K->82593K(524224K), 0.0023768 secs] [Times: user=0.00 sys=0.00, real=0.00 secs] 
567.469: [GC (Allocation Failure) 567.469: [DefNew: 907K->36K(960K), 0.0025138 secs] 83489K->82627K(524224K), 0.0026346 secs] [Times: user=0.02 sys=0.00, real=0.00 secs] 
567.480: [GC (Allocation Failure) 567.480: [DefNew: 932K->23K(960K), 0.0021798 secs] 83523K->82642K(524224K), 0.0022896 secs] [Times: user=0.00 sys=0.00, real=0.00 secs] 
567.493: [GC (Allocation Failure) 567.493: [DefNew: 919K->21K(960K), 0.0021601 secs] 83539K->82663K(524224K), 0.0022699 secs] [Times: user=0.00 sys=0.00, real=0.00 secs] 
567.505: [GC (Allocation Failure) 567.505: [DefNew: 917K->39K(960K), 0.0022521 secs] 83559K->82701K(524224K), 0.0023449 secs] [Times: user=0.00 sys=0.00, real=0.00 secs] 
567.518: [GC (Allocation Failure) 567.518: [DefNew: 935K->16K(960K), 0.0023567 secs] 83598K->82714K(524224K), 0.0024795 secs] [Times: user=0.00 sys=0.00, real=0.00 secs] 
567.532: [GC (Allocation Failure) 567.532: [DefNew: 912K->39K(960K), 0.0026749 secs] 83610K->82751K(524224K), 0.0028028 secs] [Times: user=0.01 sys=0.00, real=0.00 secs] 
567.547: [GC (Allocation Failure) 567.547: [DefNew: 935K->32K(960K), 0.0023409 secs] 83647K->82777K(524224K), 0.0024653 secs] [Times: user=0.02 sys=0.00, real=0.00 secs] 
567.560: [GC (Allocation Failure) 567.560: [DefNew: 928K->42K(960K), 0.0022916 secs] 83674K->82818K(524224K), 0.0023737 secs] [Times: user=0.00 sys=0.00, real=0.00 secs] 
567.576: [GC (Allocation Failure) 567.576: [DefNew: 938K->55K(960K), 0.0025233 secs] 83714K->82871K(524224K), 0.0026145 secs] [Times: user=0.00 sys=0.00, real=0.00 secs] 
567.590: [GC (Allocation Failure) 567.590: [DefNew: 951K->54K(960K), 0.0025699 secs] 83769K->82918K(524224K), 0.0026689 secs] [Times: user=0.00 sys=0.00, real=0.00 secs] 
567.605: [GC (Allocation Failure) 567.605: [DefNew: 950K->63K(960K), 0.0025793 secs] 83858K->83072K(524224K), 0.0026765 secs] [Times: user=0.00 sys=0.00, real=0.00 secs] 
567.617: [GC (Allocation Failure) 567.617: [DefNew: 959K->57K(960K), 0.0024807 secs] 83991K->83152K(524224K), 0.0025955 secs] [Times: user=0.00 sys=0.00, real=0.00 secs] 
567.631: [GC (Allocation Failure) 567.631: [DefNew: 953K->33K(960K), 0.0025178 secs] 84048K->83179K(524224K), 0.0026046 secs] [Times: user=0.00 sys=0.00, real=0.00 secs] 
567.646: [GC (Allocation Failure) 567.646: [DefNew: 929K->25K(960K), 0.0023417 secs] 84078K->83201K(524224K), 0.0024475 secs] [Times: user=0.00 sys=0.00, real=0.00 secs] 
567.658: [GC (Allocation Failure) 567.658: [DefNew: 921K->38K(960K), 0.0023535 secs] 84099K->83241K(524224K), 0.0024510 secs] [Times: user=0.01 sys=0.00, real=0.00 secs] 
567.661: [GC (Allocation Failure) 567.661: [DefNew: 934K->5K(960K), 0.0020472 secs] 84141K->83250K(524224K), 0.0021368 secs] [Times: user=0.00 sys=0.00, real=0.00 secs] 
567.664: [GC (Allocation Failure) 567.664: [DefNew: 901K->7K(960K), 0.0019533 secs] 84153K->83264K(524224K), 0.0020212 secs] [Times: user=0.00 sys=0.00, real=0.00 secs] 
567.675: [GC (Allocation Failure) 567.675: [DefNew: 903K->9K(960K), 0.0021846 secs] 84171K->83285K(524224K), 0.0023085 secs] [Times: user=0.00 sys=0.00, real=0.00 secs] 
567.688: [GC (Allocation Failure) 567.688: [DefNew: 905K->14K(960K), 0.0021858 secs] 84182K->83300K(524224K), 0.0022781 secs] [Times: user=0.01 sys=0.00, real=0.00 secs] 
567.691: [GC (Allocation Failure) 567.691: [DefNew: 910K->31K(960K), 0.0021648 secs] 84270K->83405K(524224K), 0.0022367 secs] [Times: user=0.00 sys=0.00, real=0.00 secs] 
567.704: [GC (Allocation Failure) 567.704: [DefNew: 927K->33K(960K), 0.0025114 secs] 84306K->83444K(524224K), 0.0026247 secs] [Times: user=0.02 sys=0.00, real=0.00 secs] 
567.708: [GC (Allocation Failure) 567.708: [DefNew: 929K->35K(960K), 0.0023997 secs] 84411K->83549K(524224K), 0.0024791 secs] [Times: user=0.00 sys=0.00, real=0.00 secs] 
567.722: [GC (Allocation Failure) 567.722: [DefNew: 931K->32K(960K), 0.0023729 secs] 84449K->83585K(524224K), 0.0025193 secs] [Times: user=0.00 sys=0.00, real=0.00 secs] 
567.738: [GC (Allocation Failure) 567.738: [DefNew: 928K->39K(960K), 0.0027246 secs] 84481K->83622K(524224K), 0.0028237 secs] [Times: user=0.00 sys=0.00, real=0.00 secs] 
567.757: [GC (Allocation Failure) 567.757: [DefNew: 935K->24K(960K), 0.0023733 secs] 84520K->83646K(524224K), 0.0024728 secs] [Times: user=0.00 sys=0.00, real=0.00 secs] 
567.777: [GC (Allocation Failure) 567.777: [DefNew: 920K->0K(960K), 0.0022150 secs] 84544K->83648K(524224K), 0.0023105 secs] [Times: user=0.00 sys=0.00, real=0.00 secs] 
567.797: [GC (Allocation Failure) 567.797: [DefNew: 896K->6K(960K), 0.0022027 secs] 84544K->83654K(524224K), 0.0023066 secs] [Times: user=0.02 sys=0.00, real=0.00 secs] 
567.822: [GC (Allocation Failure) 567.822: [DefNew: 902K->1K(960K), 0.0019643 secs] 84550K->83655K(524224K), 0.0020535 secs] [Times: user=0.00 sys=0.00, real=0.00 secs] 
567.840: [GC (Allocation Failure) 567.840: [DefNew: 897K->1K(960K), 0.0019098 secs] 84551K->83655K(524224K), 0.0020069 secs] [Times: user=0.00 sys=0.00, real=0.00 secs] 
567.861: [GC (Allocation Failure) 567.861: [DefNew: 897K->2K(960K), 0.0019971 secs] 84553K->83659K(524224K), 0.0020871 secs] [Times: user=0.02 sys=0.00, real=0.00 secs] 
567.881: [GC (Allocation Failure) 567.881: [DefNew: 898K->0K(960K), 0.0020275 secs] 84556K->83660K(524224K), 0.0021546 secs] [Times: user=0.00 sys=0.00, real=0.00 secs] 
567.902: [GC (Allocation Failure) 567.902: [DefNew: 896K->1K(960K), 0.0018032 secs] 84557K->83661K(524224K), 0.0019055 secs] [Times: user=0.00 sys=0.00, real=0.00 secs] 
567.921: [GC (Allocation Failure) 567.921: [DefNew: 897K->2K(960K), 0.0019667 secs] 84558K->83663K(524224K), 0.0020654 secs] [Times: user=0.00 sys=0.00, real=0.00 secs] 
567.946: [GC (Allocation Failure) 567.946: [DefNew: 898K->0K(960K), 0.0022312 secs] 84561K->83665K(524224K), 0.0023654 secs] [Times: user=0.00 sys=0.00, real=0.00 secs] 
567.966: [GC (Allocation Failure) 567.966: [DefNew: 896K->1K(960K), 0.0023985 secs] 84562K->83667K(524224K), 0.0025241 secs] [Times: user=0.00 sys=0.00, real=0.00 secs] 
567.984: [GC (Allocation Failure) 567.984: [DefNew: 897K->1K(960K), 0.0022272 secs] 84565K->83669K(524224K), 0.0023539 secs] [Times: user=0.00 sys=0.00, real=0.00 secs] 
568.001: [GC (Allocation Failure) 568.001: [DefNew: 897K->7K(960K), 0.0029007 secs] 84565K->83676K(524224K), 0.0030053 secs] [Times: user=0.02 sys=0.00, real=0.00 secs] 
568.021: [GC (Allocation Failure) 568.021: [DefNew: 903K->1K(960K), 0.0019059 secs] 84573K->83677K(524224K), 0.0020140 secs] [Times: user=0.00 sys=0.00, real=0.00 secs] 
568.041: [GC (Allocation Failure) 568.041: [DefNew: 897K->10K(960K), 0.0019169 secs] 84574K->83687K(524224K), 0.0020010 secs] [Times: user=0.00 sys=0.00, real=0.00 secs] 
568.060: [GC (Allocation Failure) 568.060: [DefNew: 906K->38K(960K), 0.0021435 secs] 84587K->83729K(524224K), 0.0022655 secs] [Times: user=0.00 sys=0.00, real=0.00 secs] 
568.078: [GC (Allocation Failure) 568.078: [DefNew: 934K->14K(960K), 0.0021763 secs] 84626K->83744K(524224K), 0.0023022 secs] [Times: user=0.00 sys=0.00, real=0.00 secs] 
568.112: [GC (Allocation Failure) 568.112: [DefNew: 910K->64K(960K), 0.0026421 secs] 84660K->83862K(524224K), 0.0027574 secs] [Times: user=0.00 sys=0.00, real=0.00 secs] 
578.178: [GC (Allocation Failure) 578.178: [DefNew: 960K->49K(960K), 0.0034545 secs] 84784K->83937K(524224K), 0.0036164 secs] [Times: user=0.00 sys=0.00, real=0.00 secs] 
579.316: [GC (Allocation Failure) 579.316: [DefNew: 945K->20K(960K), 0.0051760 secs] 84848K->83962K(524224K), 0.0053541 secs] [Times: user=0.00 sys=0.00, real=0.00 secs] 
579.340: [Full GC (System.gc()) 579.340: [Tenured: 83941K->51390K(523264K), 0.1081168 secs] 84119K->51390K(524224K), [Metaspace: 53970K->53970K(1097728K)], 0.1082545 secs] [Times: user=0.11 sys=0.00, real=0.11 secs] 
579.466: [GC (Allocation Failure) 579.466: [DefNew: 896K->63K(960K), 0.0021479 secs] 52565K->51741K(524224K), 0.0022462 secs] [Times: user=0.00 sys=0.00, real=0.00 secs] 
579.482: [GC (Allocation Failure) 579.482: [DefNew: 959K->22K(960K), 0.0020788 secs] 52806K->51901K(524224K), 0.0021814 secs] [Times: user=0.00 sys=0.00, real=0.00 secs] 
579.495: [GC (Allocation Failure) 579.495: [DefNew: 918K->45K(960K), 0.0018759 secs] 52883K->52015K(524224K), 0.0019769 secs] [Times: user=0.00 sys=0.00, real=0.00 secs] 
579.508: [GC (Allocation Failure) 579.509: [DefNew: 941K->16K(960K), 0.0021964 secs] 52913K->51998K(524224K), 0.0023172 secs] [Times: user=0.00 sys=0.00, real=0.00 secs] 
579.523: [GC (Allocation Failure) 579.523: [DefNew: 912K->6K(960K), 0.0018344 secs] 52894K->52004K(524224K), 0.0019134 secs] [Times: user=0.00 sys=0.00, real=0.00 secs] 
579.536: [GC (Allocation Failure) 579.536: [DefNew: 902K->63K(960K), 0.0027404 secs] 52950K->52239K(524224K), 0.0028375 secs] [Times: user=0.00 sys=0.00, real=0.00 secs] 
579.557: [GC (Allocation Failure) 579.557: [DefNew: 959K->30K(960K), 0.0020764 secs] 53146K->52280K(524224K), 0.0021676 secs] [Times: user=0.00 sys=0.00, real=0.00 secs] 
579.570: [GC (Allocation Failure) 579.570: [DefNew: 926K->50K(960K), 0.0021376 secs] 53279K->52426K(524224K), 0.0022422 secs] [Times: user=0.00 sys=0.00, real=0.00 secs] 
579.595: [GC (Allocation Failure) 579.595: [DefNew: 946K->64K(960K), 0.0023346 secs] 53331K->52515K(524224K), 0.0024222 secs] [Times: user=0.03 sys=0.00, real=0.00 secs] 
579.616: [GC (Allocation Failure) 579.616: [DefNew: 960K->64K(960K), 0.0023452 secs] 53490K->52684K(524224K), 0.0024345 secs] [Times: user=0.00 sys=0.00, real=0.00 secs] 
579.639: [GC (Allocation Failure) 579.639: [DefNew: 960K->39K(960K), 0.0022908 secs] 53584K->52726K(524224K), 0.0024135 secs] [Times: user=0.00 sys=0.00, real=0.00 secs] 
579.676: [GC (Allocation Failure) 579.676: [DefNew: 935K->53K(960K), 0.0029500 secs] 53624K->52771K(524224K), 0.0030554 secs] [Times: user=0.00 sys=0.00, real=0.00 secs] 
579.696: [GC (Allocation Failure) 579.696: [DefNew: 949K->56K(960K), 0.0021187 secs] 53668K->52805K(524224K), 0.0022071 secs] [Times: user=0.00 sys=0.00, real=0.00 secs] 
579.712: [GC (Allocation Failure) 579.712: [DefNew: 952K->20K(960K), 0.0020618 secs] 53708K->52811K(524224K), 0.0021731 secs] [Times: user=0.00 sys=0.00, real=0.00 secs] 
579.728: [GC (Allocation Failure) 579.728: [DefNew: 916K->42K(960K), 0.0018850 secs] 53709K->52849K(524224K), 0.0019769 secs] [Times: user=0.00 sys=0.00, real=0.00 secs] 
579.741: [GC (Allocation Failure) 579.741: [DefNew: 938K->63K(960K), 0.0020776 secs] 53873K->53220K(524224K), 0.0021641 secs] [Times: user=0.00 sys=0.00, real=0.00 secs] 
579.744: [GC (Allocation Failure) 579.744: [DefNew: 959K->2K(960K), 0.0018621 secs] 54117K->53215K(524224K), 0.0019426 secs] [Times: user=0.00 sys=0.00, real=0.00 secs] 
579.747: [GC (Allocation Failure) 579.747: [DefNew: 898K->0K(960K), 0.0020172 secs] 54111K->53215K(524224K), 0.0021108 secs] [Times: user=0.00 sys=0.00, real=0.00 secs] 
579.762: [GC (Allocation Failure) 579.762: [DefNew: 896K->31K(960K), 0.0023010 secs] 54192K->53327K(524224K), 0.0024120 secs] [Times: user=0.00 sys=0.00, real=0.00 secs] 
579.776: [GC (Allocation Failure) 579.776: [DefNew: 927K->7K(960K), 0.0017879 secs] 54235K->53317K(524224K), 0.0018743 secs] [Times: user=0.00 sys=0.00, real=0.00 secs] 
579.792: [GC (Allocation Failure) 579.792: [DefNew: 903K->7K(960K), 0.0017610 secs] 54217K->53325K(524224K), 0.0018443 secs] [Times: user=0.00 sys=0.00, real=0.00 secs] 
579.804: [GC (Allocation Failure) 579.804: [DefNew: 903K->8K(960K), 0.0017871 secs] 54243K->53352K(524224K), 0.0018735 secs] [Times: user=0.00 sys=0.00, real=0.00 secs] 
579.817: [GC (Allocation Failure) 579.817: [DefNew: 904K->23K(960K), 0.0017638 secs] 54250K->53374K(524224K), 0.0018317 secs] [Times: user=0.00 sys=0.00, real=0.00 secs] 
579.829: [GC (Allocation Failure) 579.829: [DefNew: 919K->55K(960K), 0.0020239 secs] 54361K->53517K(524224K), 0.0021226 secs] [Times: user=0.02 sys=0.00, real=0.00 secs] 
579.842: [GC (Allocation Failure) 579.842: [DefNew: 951K->63K(960K), 0.0020271 secs] 54419K->53563K(524224K), 0.0021131 secs] [Times: user=0.00 sys=0.00, real=0.00 secs] 
579.855: [GC (Allocation Failure) 579.855: [DefNew: 959K->63K(960K), 0.0020137 secs] 54461K->53609K(524224K), 0.0021238 secs] [Times: user=0.00 sys=0.00, real=0.00 secs] 
579.867: [GC (Allocation Failure) 579.867: [DefNew: 959K->63K(960K), 0.0021664 secs] 54508K->53689K(524224K), 0.0022556 secs] [Times: user=0.00 sys=0.00, real=0.00 secs] 
579.880: [GC (Allocation Failure) 579.880: [DefNew: 959K->62K(960K), 0.0024353 secs] 54609K->53777K(524224K), 0.0025639 secs] [Times: user=0.00 sys=0.00, real=0.00 secs] 
579.892: [GC (Allocation Failure) 579.892: [DefNew: 958K->54K(960K), 0.0020208 secs] 54680K->53831K(524224K), 0.0021052 secs] [Times: user=0.02 sys=0.00, real=0.00 secs] 
579.904: [GC (Allocation Failure) 579.904: [DefNew: 950K->62K(960K), 0.0019983 secs] 54735K->53890K(524224K), 0.0020855 secs] [Times: user=0.00 sys=0.00, real=0.00 secs] 
579.915: [GC (Allocation Failure) 579.915: [DefNew: 958K->61K(960K), 0.0024096 secs] 54788K->53944K(524224K), 0.0025371 secs] [Times: user=0.00 sys=0.00, real=0.00 secs] 
579.929: [GC (Allocation Failure) 579.929: [DefNew: 957K->39K(960K), 0.0020338 secs] 54843K->53963K(524224K), 0.0021242 secs] [Times: user=0.00 sys=0.00, real=0.00 secs] 
579.939: [GC (Allocation Failure) 579.939: [DefNew: 935K->32K(960K), 0.0020365 secs] 54879K->54007K(524224K), 0.0021234 secs] [Times: user=0.01 sys=0.00, real=0.00 secs] 
579.952: [GC (Allocation Failure) 579.952: [DefNew: 928K->22K(960K), 0.0020480 secs] 54924K->54044K(524224K), 0.0021495 secs] [Times: user=0.00 sys=0.00, real=0.00 secs] 
579.965: [GC (Allocation Failure) 579.965: [DefNew: 918K->10K(960K), 0.0023713 secs] 54944K->54050K(524224K), 0.0024953 secs] [Times: user=0.00 sys=0.00, real=0.00 secs] 
579.977: [GC (Allocation Failure) 579.977: [DefNew: 906K->30K(960K), 0.0022797 secs] 54954K->54085K(524224K), 0.0023958 secs] [Times: user=0.00 sys=0.00, real=0.00 secs] 
579.991: [GC (Allocation Failure) 579.991: [DefNew: 926K->12K(960K), 0.0020239 secs] 55002K->54110K(524224K), 0.0021052 secs] [Times: user=0.00 sys=0.00, real=0.00 secs] 
580.004: [GC (Allocation Failure) 580.004: [DefNew: 908K->40K(960K), 0.0019880 secs] 55016K->54157K(524224K), 0.0020887 secs] [Times: user=0.00 sys=0.00, real=0.00 secs] 
580.017: [GC (Allocation Failure) 580.017: [DefNew: 936K->10K(960K), 0.0024120 secs] 55063K->54167K(524224K), 0.0025288 secs] [Times: user=0.02 sys=0.00, real=0.00 secs] 
580.037: [GC (Allocation Failure) 580.037: [DefNew: 906K->57K(960K), 0.0019165 secs] 55092K->54251K(524224K), 0.0019971 secs] [Times: user=0.00 sys=0.00, real=0.00 secs] 
580.052: [GC (Allocation Failure) 580.052: [DefNew: 953K->5K(960K), 0.0020196 secs] 55148K->54235K(524224K), 0.0021116 secs] [Times: user=0.00 sys=0.00, real=0.00 secs] 
580.064: [GC (Allocation Failure) 580.064: [DefNew: 901K->7K(960K), 0.0021992 secs] 55133K->54242K(524224K), 0.0022995 secs] [Times: user=0.01 sys=0.00, real=0.00 secs] 
580.077: [GC (Allocation Failure) 580.077: [DefNew: 903K->18K(960K), 0.0020468 secs] 55154K->54275K(524224K), 0.0021633 secs] [Times: user=0.00 sys=0.00, real=0.00 secs] 
580.088: [GC (Allocation Failure) 580.088: [DefNew: 914K->37K(960K), 0.0019580 secs] 55180K->54313K(524224K), 0.0020421 secs] [Times: user=0.00 sys=0.00, real=0.00 secs] 
580.104: [GC (Allocation Failure) 580.104: [DefNew: 933K->42K(960K), 0.0021033 secs] 55289K->54418K(524224K), 0.0021873 secs] [Times: user=0.00 sys=0.00, real=0.00 secs] 
580.117: [GC (Allocation Failure) 580.117: [DefNew: 938K->7K(960K), 0.0022292 secs] 55332K->54414K(524224K), 0.0023188 secs] [Times: user=0.00 sys=0.00, real=0.00 secs] 
580.129: [GC (Allocation Failure) 580.129: [DefNew: 903K->18K(960K), 0.0019426 secs] 55322K->54440K(524224K), 0.0020744 secs] [Times: user=0.00 sys=0.00, real=0.00 secs] 
580.140: [GC (Allocation Failure) 580.140: [DefNew: 914K->56K(960K), 0.0021980 secs] 55352K->54504K(524224K), 0.0022856 secs] [Times: user=0.00 sys=0.00, real=0.00 secs] 
580.153: [GC (Allocation Failure) 580.153: [DefNew: 952K->63K(960K), 0.0020543 secs] 55435K->54616K(524224K), 0.0021427 secs] [Times: user=0.00 sys=0.00, real=0.00 secs] 
580.163: [GC (Allocation Failure) 580.163: [DefNew: 959K->28K(960K), 0.0020121 secs] 55513K->54615K(524224K), 0.0020993 secs] [Times: user=0.00 sys=0.00, real=0.00 secs] 
580.177: [GC (Allocation Failure) 580.177: [DefNew: 924K->13K(960K), 0.0019714 secs] 55513K->54619K(524224K), 0.0020792 secs] [Times: user=0.00 sys=0.00, real=0.00 secs] 
580.193: [GC (Allocation Failure) 580.193: [DefNew: 909K->6K(960K), 0.0019331 secs] 55532K->54633K(524224K), 0.0020579 secs] [Times: user=0.00 sys=0.00, real=0.00 secs] 
580.205: [GC (Allocation Failure) 580.206: [DefNew: 902K->39K(960K), 0.0021668 secs] 55536K->54678K(524224K), 0.0022643 secs] [Times: user=0.00 sys=0.00, real=0.00 secs] 
580.220: [GC (Allocation Failure) 580.220: [DefNew: 935K->3K(960K), 0.0019473 secs] 55575K->54671K(524224K), 0.0020433 secs] [Times: user=0.02 sys=0.00, real=0.00 secs] 
580.231: [GC (Allocation Failure) 580.231: [DefNew: 899K->27K(960K), 0.0024246 secs] 55567K->54698K(524224K), 0.0025371 secs] [Times: user=0.00 sys=0.00, real=0.00 secs] 
580.243: [GC (Allocation Failure) 580.243: [DefNew: 923K->18K(960K), 0.0019596 secs] 55602K->54715K(524224K), 0.0020441 secs] [Times: user=0.00 sys=0.00, real=0.00 secs] 
580.258: [GC (Allocation Failure) 580.258: [DefNew: 914K->21K(960K), 0.0018423 secs] 55611K->54733K(524224K), 0.0019493 secs] [Times: user=0.00 sys=0.00, real=0.00 secs] 
580.270: [GC (Allocation Failure) 580.270: [DefNew: 917K->37K(960K), 0.0019714 secs] 55636K->54769K(524224K), 0.0020630 secs] [Times: user=0.00 sys=0.00, real=0.00 secs] 
580.284: [GC (Allocation Failure) 580.284: [DefNew: 933K->63K(960K), 0.0020792 secs] 55679K->54833K(524224K), 0.0021708 secs] [Times: user=0.00 sys=0.00, real=0.00 secs] 
580.299: [GC (Allocation Failure) 580.299: [DefNew: 959K->13K(960K), 0.0023938 secs] 55729K->54847K(524224K), 0.0025162 secs] [Times: user=0.00 sys=0.00, real=0.00 secs] 
580.311: [GC (Allocation Failure) 580.311: [DefNew: 909K->15K(960K), 0.0021877 secs] 55756K->54870K(524224K), 0.0023188 secs] [Times: user=0.00 sys=0.00, real=0.00 secs] 
580.330: [GC (Allocation Failure) 580.330: [DefNew: 911K->41K(960K), 0.0022201 secs] 55771K->54907K(524224K), 0.0023421 secs] [Times: user=0.01 sys=0.00, real=0.00 secs] 
580.343: [GC (Allocation Failure) 580.343: [DefNew: 937K->15K(960K), 0.0019201 secs] 55806K->54911K(524224K), 0.0020038 secs] [Times: user=0.00 sys=0.00, real=0.00 secs] 
580.357: [GC (Allocation Failure) 580.357: [DefNew: 911K->41K(960K), 0.0024522 secs] 55829K->54962K(524224K), 0.0025485 secs] [Times: user=0.00 sys=0.00, real=0.00 secs] 
580.374: [GC (Allocation Failure) 580.374: [DefNew: 937K->3K(960K), 0.0018893 secs] 55859K->54958K(524224K), 0.0019789 secs] [Times: user=0.00 sys=0.00, real=0.00 secs] 
580.386: [GC (Allocation Failure) 580.386: [DefNew: 899K->7K(960K), 0.0019422 secs] 55867K->54978K(524224K), 0.0020287 secs] [Times: user=0.00 sys=0.00, real=0.00 secs] 
580.397: [GC (Allocation Failure) 580.397: [DefNew: 903K->14K(960K), 0.0026630 secs] 55917K->55028K(524224K), 0.0027740 secs] [Times: user=0.00 sys=0.00, real=0.00 secs] 
580.409: [GC (Allocation Failure) 580.409: [DefNew: 910K->32K(960K), 0.0019311 secs] 55927K->55058K(524224K), 0.0020441 secs] [Times: user=0.00 sys=0.00, real=0.00 secs] 
580.421: [GC (Allocation Failure) 580.421: [DefNew: 928K->32K(960K), 0.0020298 secs] 55958K->55085K(524224K), 0.0021234 secs] [Times: user=0.00 sys=0.00, real=0.00 secs] 
580.433: [GC (Allocation Failure) 580.433: [DefNew: 928K->3K(960K), 0.0018854 secs] 55992K->55086K(524224K), 0.0019710 secs] [Times: user=0.00 sys=0.00, real=0.00 secs] 
580.444: [GC (Allocation Failure) 580.444: [DefNew: 899K->23K(960K), 0.0018865 secs] 55983K->55110K(524224K), 0.0019710 secs] [Times: user=0.00 sys=0.00, real=0.00 secs] 
580.454: [GC (Allocation Failure) 580.454: [DefNew: 919K->13K(960K), 0.0019627 secs] 56037K->55143K(524224K), 0.0020448 secs] [Times: user=0.01 sys=0.00, real=0.00 secs] 
580.465: [GC (Allocation Failure) 580.465: [DefNew: 909K->45K(960K), 0.0021593 secs] 56057K->55198K(524224K), 0.0022667 secs] [Times: user=0.00 sys=0.00, real=0.00 secs] 
580.477: [GC (Allocation Failure) 580.477: [DefNew: 941K->47K(960K), 0.0027041 secs] 56114K->55250K(524224K), 0.0027992 secs] [Times: user=0.00 sys=0.00, real=0.00 secs] 
580.493: [GC (Allocation Failure) 580.493: [DefNew: 943K->32K(960K), 0.0023966 secs] 56146K->55275K(524224K), 0.0024945 secs] [Times: user=0.00 sys=0.00, real=0.00 secs] 
580.510: [GC (Allocation Failure) 580.510: [DefNew: 928K->7K(960K), 0.0019608 secs] 56194K->55293K(524224K), 0.0020393 secs] [Times: user=0.00 sys=0.00, real=0.00 secs] 
580.524: [GC (Allocation Failure) 580.524: [DefNew: 903K->22K(960K), 0.0021131 secs] 56199K->55325K(524224K), 0.0022177 secs] [Times: user=0.00 sys=0.00, real=0.00 secs] 
580.537: [GC (Allocation Failure) 580.538: [DefNew: 918K->29K(960K), 0.0020559 secs] 56225K->55356K(524224K), 0.0021704 secs] [Times: user=0.00 sys=0.00, real=0.00 secs] 
580.548: [GC (Allocation Failure) 580.548: [DefNew: 925K->6K(960K), 0.0031932 secs] 56253K->55356K(524224K), 0.0033250 secs] [Times: user=0.02 sys=0.00, real=0.00 secs] 
580.563: [GC (Allocation Failure) 580.563: [DefNew: 902K->5K(960K), 0.0021554 secs] 56254K->55360K(524224K), 0.0022667 secs] [Times: user=0.02 sys=0.00, real=0.00 secs] 
580.575: [GC (Allocation Failure) 580.575: [DefNew: 901K->10K(960K), 0.0018376 secs] 56279K->55393K(524224K), 0.0019244 secs] [Times: user=0.00 sys=0.00, real=0.00 secs] 
580.587: [GC (Allocation Failure) 580.587: [DefNew: 906K->7K(960K), 0.0019722 secs] 56311K->55419K(524224K), 0.0020448 secs] [Times: user=0.00 sys=0.00, real=0.00 secs] 
580.598: [GC (Allocation Failure) 580.598: [DefNew: 903K->13K(960K), 0.0025924 secs] 56343K->55457K(524224K), 0.0026982 secs] [Times: user=0.00 sys=0.00, real=0.00 secs] 
580.612: [GC (Allocation Failure) 580.612: [DefNew: 909K->22K(960K), 0.0021183 secs] 56378K->55501K(524224K), 0.0022245 secs] [Times: user=0.02 sys=0.00, real=0.00 secs] 
580.633: [GC (Allocation Failure) 580.633: [DefNew: 918K->17K(960K), 0.0025987 secs] 56399K->55515K(524224K), 0.0027187 secs] [Times: user=0.00 sys=0.00, real=0.00 secs] 
580.650: [GC (Allocation Failure) 580.650: [DefNew: 913K->16K(960K), 0.0023350 secs] 56412K->55530K(524224K), 0.0024550 secs] [Times: user=0.00 sys=0.00, real=0.00 secs] 
580.668: [GC (Allocation Failure) 580.668: [DefNew: 912K->45K(960K), 0.0028217 secs] 56491K->55633K(524224K), 0.0029528 secs] [Times: user=0.00 sys=0.00, real=0.00 secs] 
580.690: [GC (Allocation Failure) 580.690: [DefNew: 941K->9K(960K), 0.0025107 secs] 56538K->55617K(524224K), 0.0026168 secs] [Times: user=0.00 sys=0.00, real=0.00 secs] 
580.706: [GC (Allocation Failure) 580.706: [DefNew: 905K->16K(960K), 0.0023287 secs] 56514K->55630K(524224K), 0.0024428 secs] [Times: user=0.00 sys=0.00, real=0.00 secs] 
580.725: [GC (Allocation Failure) 580.725: [DefNew: 912K->10K(960K), 0.0019635 secs] 56548K->55655K(524224K), 0.0020500 secs] [Times: user=0.00 sys=0.00, real=0.00 secs] 
580.735: [GC (Allocation Failure) 580.736: [DefNew: 906K->6K(960K), 0.0023200 secs] 56553K->55659K(524224K), 0.0024384 secs] [Times: user=0.02 sys=0.00, real=0.00 secs] 
580.753: [GC (Allocation Failure) 580.753: [DefNew: 902K->43K(960K), 0.0026307 secs] 56581K->55725K(524224K), 0.0027605 secs] [Times: user=0.00 sys=0.00, real=0.00 secs] 
580.771: [GC (Allocation Failure) 580.771: [DefNew: 939K->21K(960K), 0.0023445 secs] 56625K->55743K(524224K), 0.0024601 secs] [Times: user=0.00 sys=0.00, real=0.00 secs] 
580.786: [GC (Allocation Failure) 580.787: [DefNew: 917K->24K(960K), 0.0023405 secs] 56651K->55776K(524224K), 0.0024641 secs] [Times: user=0.00 sys=0.00, real=0.00 secs] 
580.802: [GC (Allocation Failure) 580.802: [DefNew: 920K->32K(960K), 0.0019900 secs] 56682K->55812K(524224K), 0.0020737 secs] [Times: user=0.00 sys=0.00, real=0.00 secs] 
580.814: [GC (Allocation Failure) 580.814: [DefNew: 928K->3K(960K), 0.0021455 secs] 56710K->55805K(524224K), 0.0022560 secs] [Times: user=0.02 sys=0.00, real=0.00 secs] 
580.826: [GC (Allocation Failure) 580.826: [DefNew: 899K->7K(960K), 0.0019083 secs] 56706K->55815K(524224K), 0.0019904 secs] [Times: user=0.00 sys=0.00, real=0.00 secs] 
580.839: [GC (Allocation Failure) 580.839: [DefNew: 903K->4K(960K), 0.0020302 secs] 56712K->55817K(524224K), 0.0021230 secs] [Times: user=0.00 sys=0.00, real=0.00 secs] 
580.858: [GC (Allocation Failure) 580.858: [DefNew: 900K->7K(960K), 0.0019540 secs] 56722K->55831K(524224K), 0.0020476 secs] [Times: user=0.00 sys=0.00, real=0.00 secs] 
580.906: [GC (Allocation Failure) 580.906: [DefNew: 903K->17K(960K), 0.0025872 secs] 56746K->55863K(524224K), 0.0026812 secs] [Times: user=0.02 sys=0.00, real=0.00 secs] 
580.929: [GC (Allocation Failure) 580.929: [DefNew: 913K->15K(960K), 0.0019363 secs] 56773K->55888K(524224K), 0.0020330 secs] [Times: user=0.00 sys=0.00, real=0.00 secs] 
580.945: [GC (Allocation Failure) 580.945: [DefNew: 911K->44K(960K), 0.0035753 secs] 56808K->55951K(524224K), 0.0036981 secs] [Times: user=0.00 sys=0.00, real=0.00 secs] 
580.967: [GC (Allocation Failure) 580.967: [DefNew: 940K->63K(960K), 0.0029362 secs] 56849K->56025K(524224K), 0.0030637 secs] [Times: user=0.00 sys=0.00, real=0.00 secs] 
580.992: [GC (Allocation Failure) 580.992: [DefNew: 959K->64K(960K), 0.0029449 secs] 56922K->56090K(524224K), 0.0030692 secs] [Times: user=0.00 sys=0.00, real=0.00 secs] 
581.016: [GC (Allocation Failure) 581.016: [DefNew: 960K->53K(960K), 0.0028245 secs] 57052K->56209K(524224K), 0.0029563 secs] [Times: user=0.02 sys=0.00, real=0.00 secs] 
581.035: [GC (Allocation Failure) 581.035: [DefNew: 949K->39K(960K), 0.0037435 secs] 57107K->56222K(524224K), 0.0038801 secs] [Times: user=0.00 sys=0.00, real=0.00 secs] 
581.056: [GC (Allocation Failure) 581.057: [DefNew: 935K->63K(960K), 0.0021131 secs] 57119K->56287K(524224K), 0.0022284 secs] [Times: user=0.00 sys=0.00, real=0.00 secs] 
581.077: [GC (Allocation Failure) 581.078: [DefNew: 959K->34K(960K), 0.0031292 secs] 57184K->56321K(524224K), 0.0032931 secs] [Times: user=0.01 sys=0.00, real=0.00 secs] 
581.100: [GC (Allocation Failure) 581.100: [DefNew: 930K->39K(960K), 0.0022308 secs] 57219K->56361K(524224K), 0.0023449 secs] [Times: user=0.00 sys=0.00, real=0.00 secs] 
581.118: [GC (Allocation Failure) 581.118: [DefNew: 935K->40K(960K), 0.0032378 secs] 57262K->56406K(524224K), 0.0033803 secs] [Times: user=0.00 sys=0.00, real=0.00 secs] 
581.134: [GC (Allocation Failure) 581.134: [DefNew: 936K->64K(960K), 0.0022462 secs] 57363K->56527K(524224K), 0.0023314 secs] [Times: user=0.00 sys=0.00, real=0.00 secs] 
581.148: [GC (Allocation Failure) 581.149: [DefNew: 960K->41K(960K), 0.0020077 secs] 57424K->56513K(524224K), 0.0021246 secs] [Times: user=0.00 sys=0.00, real=0.00 secs] 
581.163: [GC (Allocation Failure) 581.163: [DefNew: 937K->55K(960K), 0.0020681 secs] 57493K->56634K(524224K), 0.0021881 secs] [Times: user=0.00 sys=0.00, real=0.00 secs] 
581.177: [GC (Allocation Failure) 581.177: [DefNew: 951K->63K(960K), 0.0021984 secs] 57531K->56681K(524224K), 0.0022801 secs] [Times: user=0.00 sys=0.00, real=0.00 secs] 
581.193: [GC (Allocation Failure) 581.193: [DefNew: 959K->36K(960K), 0.0023196 secs] 57579K->56702K(524224K), 0.0024278 secs] [Times: user=0.00 sys=0.00, real=0.00 secs] 
581.210: [GC (Allocation Failure) 581.210: [DefNew: 932K->37K(960K), 0.0021589 secs] 57598K->56733K(524224K), 0.0022446 secs] [Times: user=0.00 sys=0.00, real=0.00 secs] 
581.225: [GC (Allocation Failure) 581.225: [DefNew: 933K->44K(960K), 0.0020816 secs] 57631K->56775K(524224K), 0.0022000 secs] [Times: user=0.00 sys=0.00, real=0.00 secs] 
581.240: [GC (Allocation Failure) 581.240: [DefNew: 940K->61K(960K), 0.0022095 secs] 57674K->56838K(524224K), 0.0022983 secs] [Times: user=0.00 sys=0.00, real=0.00 secs] 
581.257: [GC (Allocation Failure) 581.257: [DefNew: 957K->48K(960K), 0.0021842 secs] 57735K->56872K(524224K), 0.0022864 secs] [Times: user=0.00 sys=0.00, real=0.00 secs] 
581.276: [GC (Allocation Failure) 581.277: [DefNew: 944K->21K(960K), 0.0022276 secs] 57768K->56879K(524224K), 0.0023374 secs] [Times: user=0.00 sys=0.00, real=0.00 secs] 
581.296: [GC (Allocation Failure) 581.297: [DefNew: 917K->63K(960K), 0.0038955 secs] 57783K->57093K(524224K), 0.0040091 secs] [Times: user=0.03 sys=0.00, real=0.00 secs] 
581.326: [GC (Allocation Failure) 581.326: [DefNew: 959K->64K(960K), 0.0024747 secs] 57989K->57178K(524224K), 0.0025939 secs] [Times: user=0.00 sys=0.00, real=0.00 secs] 
581.346: [GC (Allocation Failure) 581.346: [DefNew: 960K->60K(960K), 0.0027870 secs] 58074K->57235K(524224K), 0.0029192 secs] [Times: user=0.02 sys=0.00, real=0.00 secs] 
581.367: [GC (Allocation Failure) 581.367: [DefNew: 956K->54K(960K), 0.0023354 secs] 58136K->57288K(524224K), 0.0024392 secs] [Times: user=0.00 sys=0.00, real=0.00 secs] 
581.382: [GC (Allocation Failure) 581.382: [DefNew: 950K->64K(960K), 0.0021518 secs] 58190K->57359K(524224K), 0.0022770 secs] [Times: user=0.00 sys=0.00, real=0.00 secs] 
581.402: [GC (Allocation Failure) 581.403: [DefNew: 960K->22K(960K), 0.0020496 secs] 58256K->57337K(524224K), 0.0021570 secs] [Times: user=0.00 sys=0.00, real=0.00 secs] 
581.420: [GC (Allocation Failure) 581.420: [DefNew: 918K->59K(960K), 0.0020089 secs] 58234K->57404K(524224K), 0.0021131 secs] [Times: user=0.00 sys=0.00, real=0.00 secs] 
581.433: [GC (Allocation Failure) 581.433: [DefNew: 955K->12K(960K), 0.0021771 secs] 58300K->57414K(524224K), 0.0022742 secs] [Times: user=0.00 sys=0.00, real=0.00 secs] 
581.448: [GC (Allocation Failure) 581.448: [DefNew: 908K->24K(960K), 0.0027254 secs] 58311K->57438K(524224K), 0.0028434 secs] [Times: user=0.00 sys=0.00, real=0.00 secs] 
581.463: [GC (Allocation Failure) 581.463: [DefNew: 920K->53K(960K), 0.0023168 secs] 58334K->57489K(524224K), 0.0024431 secs] [Times: user=0.00 sys=0.00, real=0.00 secs] 
581.475: [GC (Allocation Failure) 581.475: [DefNew: 949K->35K(960K), 0.0020263 secs] 58385K->57523K(524224K), 0.0021171 secs] [Times: user=0.00 sys=0.00, real=0.00 secs] 
581.486: [GC (Allocation Failure) 581.486: [DefNew: 931K->44K(960K), 0.0020634 secs] 58426K->57572K(524224K), 0.0021577 secs] [Times: user=0.00 sys=0.00, real=0.00 secs] 
581.501: [GC (Allocation Failure) 581.501: [DefNew: 940K->64K(960K), 0.0022683 secs] 58469K->57663K(524224K), 0.0023796 secs] [Times: user=0.01 sys=0.00, real=0.00 secs] 
581.514: [GC (Allocation Failure) 581.514: [DefNew: 960K->38K(960K), 0.0029350 secs] 58641K->57733K(524224K), 0.0030677 secs] [Times: user=0.00 sys=0.00, real=0.00 secs] 
581.526: [GC (Allocation Failure) 581.526: [DefNew: 934K->10K(960K), 0.0019363 secs] 58631K->57721K(524224K), 0.0020306 secs] [Times: user=0.00 sys=0.00, real=0.00 secs] 
581.538: [GC (Allocation Failure) 581.538: [DefNew: 906K->13K(960K), 0.0021234 secs] 58618K->57734K(524224K), 0.0022245 secs] [Times: user=0.00 sys=0.00, real=0.00 secs] 
581.558: [GC (Allocation Failure) 581.558: [DefNew: 909K->63K(960K), 0.0021550 secs] 58939K->58174K(524224K), 0.0022276 secs] [Times: user=0.00 sys=0.00, real=0.00 secs] 
581.572: [GC (Allocation Failure) 581.572: [DefNew: 959K->64K(960K), 0.0021933 secs] 60201K->59392K(524224K), 0.0022888 secs] [Times: user=0.00 sys=0.00, real=0.00 secs] 
581.591: [GC (Allocation Failure) 581.591: [DefNew: 960K->51K(960K), 0.0021431 secs] 81251K->80374K(524224K), 0.0022762 secs] [Times: user=0.00 sys=0.00, real=0.00 secs] 
581.622: [GC (Allocation Failure) 581.622: [DefNew: 947K->64K(960K), 0.0023895 secs] 83484K->82675K(524224K), 0.0024814 secs] [Times: user=0.00 sys=0.00, real=0.00 secs] 
581.645: [GC (Allocation Failure) 581.645: [DefNew: 960K->45K(960K), 0.0023235 secs] 83574K->82714K(524224K), 0.0024250 secs] [Times: user=0.00 sys=0.00, real=0.00 secs] 
581.658: [GC (Allocation Failure) 581.658: [DefNew: 941K->20K(960K), 0.0024029 secs] 83612K->82723K(524224K), 0.0025063 secs] [Times: user=0.02 sys=0.00, real=0.00 secs] 
581.674: [GC (Allocation Failure) 581.674: [DefNew: 916K->9K(960K), 0.0021810 secs] 83641K->82754K(524224K), 0.0022884 secs] [Times: user=0.01 sys=0.00, real=0.00 secs] 
581.687: [GC (Allocation Failure) 581.688: [DefNew: 905K->18K(960K), 0.0025308 secs] 83651K->82771K(524224K), 0.0026634 secs] [Times: user=0.03 sys=0.00, real=0.00 secs] 
581.703: [GC (Allocation Failure) 581.704: [DefNew: 914K->23K(960K), 0.0022402 secs] 83667K->82791K(524224K), 0.0023393 secs] [Times: user=0.02 sys=0.00, real=0.00 secs] 
581.718: [GC (Allocation Failure) 581.718: [DefNew: 919K->31K(960K), 0.0021802 secs] 83687K->82817K(524224K), 0.0022754 secs] [Times: user=0.00 sys=0.00, real=0.00 secs] 
581.733: [GC (Allocation Failure) 581.733: [DefNew: 927K->8K(960K), 0.0021341 secs] 83713K->82824K(524224K), 0.0022418 secs] [Times: user=0.00 sys=0.00, real=0.00 secs] 
581.752: [GC (Allocation Failure) 581.752: [DefNew: 904K->0K(960K), 0.0024033 secs] 83721K->82825K(524224K), 0.0025071 secs] [Times: user=0.02 sys=0.00, real=0.00 secs] 
581.773: [GC (Allocation Failure) 581.773: [DefNew: 896K->26K(960K), 0.0022777 secs] 83721K->82852K(524224K), 0.0023575 secs] [Times: user=0.00 sys=0.00, real=0.00 secs] 
581.776: [GC (Allocation Failure) 581.776: [DefNew: 922K->2K(960K), 0.0020318 secs] 83748K->82853K(524224K), 0.0020977 secs] [Times: user=0.00 sys=0.00, real=0.00 secs] 
581.789: [GC (Allocation Failure) 581.789: [DefNew: 898K->3K(960K), 0.0019529 secs] 83750K->82857K(524224K), 0.0020456 secs] [Times: user=0.00 sys=0.00, real=0.00 secs] 
581.805: [GC (Allocation Failure) 581.805: [DefNew: 899K->64K(960K), 0.0023504 secs] 83754K->82953K(524224K), 0.0024526 secs] [Times: user=0.00 sys=0.00, real=0.00 secs] 
581.821: [GC (Allocation Failure) 581.821: [DefNew: 960K->45K(960K), 0.0022071 secs] 83911K->83049K(524224K), 0.0023160 secs] [Times: user=0.00 sys=0.00, real=0.00 secs] 
581.831: [GC (Allocation Failure) 581.831: [DefNew: 941K->29K(960K), 0.0028509 secs] 83947K->83080K(524224K), 0.0029970 secs] [Times: user=0.00 sys=0.00, real=0.00 secs] 
581.845: [GC (Allocation Failure) 581.846: [DefNew: 925K->15K(960K), 0.0026859 secs] 83978K->83097K(524224K), 0.0028245 secs] [Times: user=0.00 sys=0.02, real=0.00 secs] 
581.861: [GC (Allocation Failure) 581.861: [DefNew: 911K->41K(960K), 0.0021506 secs] 83993K->83138K(524224K), 0.0022450 secs] [Times: user=0.02 sys=0.00, real=0.00 secs] 
581.874: [GC (Allocation Failure) 581.874: [DefNew: 937K->17K(960K), 0.0021941 secs] 84034K->83153K(524224K), 0.0022951 secs] [Times: user=0.00 sys=0.00, real=0.00 secs] 
581.890: [GC (Allocation Failure) 581.890: [DefNew: 913K->20K(960K), 0.0020456 secs] 84050K->83171K(524224K), 0.0021293 secs] [Times: user=0.00 sys=0.00, real=0.00 secs] 
581.908: [GC (Allocation Failure) 581.908: [DefNew: 916K->33K(960K), 0.0028920 secs] 84068K->83204K(524224K), 0.0029871 secs] [Times: user=0.02 sys=0.00, real=0.00 secs] 
581.926: [GC (Allocation Failure) 581.926: [DefNew: 929K->63K(960K), 0.0034679 secs] 84100K->83330K(524224K), 0.0035883 secs] [Times: user=0.00 sys=0.00, real=0.00 secs] 
581.955: [GC (Allocation Failure) 581.955: [DefNew: 959K->63K(960K), 0.0037340 secs] 84262K->83481K(524224K), 0.0038809 secs] [Times: user=0.02 sys=0.00, real=0.00 secs] 
581.967: [GC (Allocation Failure) 581.967: [DefNew: 959K->3K(960K), 0.0026847 secs] 84377K->83484K(524224K), 0.0028304 secs] [Times: user=0.00 sys=0.00, real=0.00 secs] 
581.986: [GC (Allocation Failure) 581.986: [DefNew: 899K->64K(960K), 0.0021502 secs] 84380K->83613K(524224K), 0.0022738 secs] [Times: user=0.02 sys=0.00, real=0.00 secs] 
582.002: [GC (Allocation Failure) 582.002: [DefNew: 960K->64K(960K), 0.0032181 secs] 84532K->83912K(524224K), 0.0033657 secs] [Times: user=0.05 sys=0.00, real=0.00 secs] 
582.007: [GC (Allocation Failure) 582.007: [DefNew: 960K->64K(960K), 0.0030602 secs] 84808K->84071K(524224K), 0.0031983 secs] [Times: user=0.00 sys=0.00, real=0.00 secs] 
582.013: [GC (Allocation Failure) 582.013: [DefNew: 960K->64K(960K), 0.0032875 secs] 84967K->84170K(524224K), 0.0034261 secs] [Times: user=0.00 sys=0.00, real=0.00 secs] 
582.021: [GC (Allocation Failure) 582.021: [DefNew: 960K->64K(960K), 0.0029713 secs] 85067K->84240K(524224K), 0.0031245 secs] [Times: user=0.00 sys=0.00, real=0.00 secs] 
582.026: [GC (Allocation Failure) 582.026: [DefNew: 960K->64K(960K), 0.0025296 secs] 85137K->84373K(524224K), 0.0026405 secs] [Times: user=0.00 sys=0.00, real=0.00 secs] 
582.031: [GC (Allocation Failure) 582.031: [DefNew: 960K->64K(960K), 0.0038272 secs] 85271K->84567K(524224K), 0.0039760 secs] [Times: user=0.03 sys=0.00, real=0.00 secs] 
582.038: [GC (Allocation Failure) 582.038: [DefNew: 960K->63K(960K), 0.0036685 secs] 85487K->84844K(524224K), 0.0038284 secs] [Times: user=0.00 sys=0.00, real=0.00 secs] 
582.044: [GC (Allocation Failure) 582.044: [DefNew: 959K->64K(960K), 0.0031458 secs] 85772K->85160K(524224K), 0.0032717 secs] [Times: user=0.00 sys=0.00, real=0.00 secs] 
582.049: [GC (Allocation Failure) 582.049: [DefNew: 960K->63K(960K), 0.0037522 secs] 86056K->85416K(524224K), 0.0038966 secs] [Times: user=0.05 sys=0.00, real=0.00 secs] 
582.064: [GC (Allocation Failure) 582.064: [DefNew: 959K->63K(960K), 0.0031213 secs] 87333K->86650K(524224K), 0.0032374 secs] [Times: user=0.03 sys=0.00, real=0.00 secs] 
582.068: [GC (Allocation Failure) 582.068: [DefNew: 959K->18K(960K), 0.0022924 secs] 87546K->86669K(524224K), 0.0023954 secs] [Times: user=0.00 sys=0.00, real=0.00 secs] 
582.071: [GC (Allocation Failure) 582.072: [DefNew: 914K->6K(960K), 0.0024147 secs] 87565K->86675K(524224K), 0.0025363 secs] [Times: user=0.00 sys=0.00, real=0.00 secs] 
582.075: [GC (Allocation Failure) 582.075: [DefNew: 902K->30K(960K), 0.0024471 secs] 87571K->86705K(524224K), 0.0025699 secs] [Times: user=0.00 sys=0.00, real=0.00 secs] 
582.092: [GC (Allocation Failure) 582.093: [DefNew: 926K->39K(960K), 0.0023101 secs] 87621K->86765K(524224K), 0.0023993 secs] [Times: user=0.00 sys=0.00, real=0.00 secs] 
582.112: [GC (Allocation Failure) 582.112: [DefNew: 935K->19K(960K), 0.0022821 secs] 87662K->86784K(524224K), 0.0023883 secs] [Times: user=0.00 sys=0.00, real=0.00 secs] 
582.127: [GC (Allocation Failure) 582.127: [DefNew: 915K->27K(960K), 0.0023006 secs] 87680K->86808K(524224K), 0.0024258 secs] [Times: user=0.00 sys=0.00, real=0.00 secs] 
582.148: [GC (Allocation Failure) 582.148: [DefNew: 923K->61K(960K), 0.0027013 secs] 87746K->86907K(524224K), 0.0028249 secs] [Times: user=0.00 sys=0.00, real=0.00 secs] 
582.195: [GC (Allocation Failure) 582.195: [DefNew: 957K->63K(960K), 0.0028387 secs] 88153K->87584K(524224K), 0.0029954 secs] [Times: user=0.00 sys=0.00, real=0.00 secs] 
582.214: [GC (Allocation Failure) 582.214: [DefNew: 959K->64K(960K), 0.0025560 secs] 88490K->87671K(524224K), 0.0026484 secs] [Times: user=0.00 sys=0.00, real=0.00 secs] 
582.229: [GC (Allocation Failure) 582.229: [DefNew: 960K->38K(960K), 0.0021044 secs] 88579K->87719K(524224K), 0.0022217 secs] [Times: user=0.00 sys=0.00, real=0.00 secs] 
582.253: [GC (Allocation Failure) 582.253: [DefNew: 934K->63K(960K), 0.0024803 secs] 88618K->87823K(524224K), 0.0026097 secs] [Times: user=0.00 sys=0.00, real=0.00 secs] 
582.271: [GC (Allocation Failure) 582.271: [DefNew: 959K->64K(960K), 0.0026042 secs] 88719K->87998K(524224K), 0.0027195 secs] [Times: user=0.00 sys=0.00, real=0.00 secs] 
582.302: [GC (Allocation Failure) 582.302: [DefNew: 960K->64K(960K), 0.0023145 secs] 88901K->88074K(524224K), 0.0024088 secs] [Times: user=0.00 sys=0.00, real=0.00 secs] 
582.321: [GC (Allocation Failure) 582.321: [DefNew: 960K->16K(960K), 0.0022813 secs] 88985K->88099K(524224K), 0.0023733 secs] [Times: user=0.00 sys=0.00, real=0.00 secs] 
582.338: [GC (Allocation Failure) 582.338: [DefNew: 912K->64K(960K), 0.0023812 secs] 88995K->88167K(524224K), 0.0024728 secs] [Times: user=0.00 sys=0.00, real=0.00 secs] 
582.343: [GC (Allocation Failure) 582.343: [DefNew: 960K->3K(960K), 0.0022920 secs] 89072K->88169K(524224K), 0.0023705 secs] [Times: user=0.00 sys=0.00, real=0.00 secs] 
582.359: [GC (Allocation Failure) 582.359: [DefNew: 899K->41K(960K), 0.0023452 secs] 89071K->88215K(524224K), 0.0024412 secs] [Times: user=0.00 sys=0.00, real=0.00 secs] 
582.370: [GC (Allocation Failure) 582.370: [DefNew: 937K->9K(960K), 0.0023737 secs] 89111K->88217K(524224K), 0.0024743 secs] [Times: user=0.00 sys=0.00, real=0.00 secs] 
582.383: [GC (Allocation Failure) 582.384: [DefNew: 905K->9K(960K), 0.0022667 secs] 89114K->88225K(524224K), 0.0023697 secs] [Times: user=0.00 sys=0.00, real=0.00 secs] 
582.394: [GC (Allocation Failure) 582.394: [DefNew: 905K->33K(960K), 0.0025801 secs] 89122K->88259K(524224K), 0.0027001 secs] [Times: user=0.00 sys=0.00, real=0.00 secs] 
582.404: [GC (Allocation Failure) 582.404: [DefNew: 929K->17K(960K), 0.0022122 secs] 89165K->88284K(524224K), 0.0023077 secs] [Times: user=0.00 sys=0.00, real=0.00 secs] 
582.421: [GC (Allocation Failure) 582.422: [DefNew: 913K->13K(960K), 0.0020594 secs] 89184K->88301K(524224K), 0.0021467 secs] [Times: user=0.00 sys=0.00, real=0.00 secs] 
582.438: [GC (Allocation Failure) 582.438: [DefNew: 909K->31K(960K), 0.0020788 secs] 89199K->88330K(524224K), 0.0021593 secs] [Times: user=0.02 sys=0.00, real=0.00 secs] 
582.454: [GC (Allocation Failure) 582.454: [DefNew: 927K->38K(960K), 0.0023831 secs] 89226K->88367K(524224K), 0.0024862 secs] [Times: user=0.01 sys=0.00, real=0.00 secs] 
582.457: [GC (Allocation Failure) 582.457: [DefNew: 934K->6K(960K), 0.0022450 secs] 89263K->88370K(524224K), 0.0023318 secs] [Times: user=0.00 sys=0.00, real=0.00 secs] 
582.474: [GC (Allocation Failure) 582.474: [DefNew: 902K->16K(960K), 0.0022248 secs] 89267K->88388K(524224K), 0.0023077 secs] [Times: user=0.00 sys=0.00, real=0.00 secs] 
582.493: [GC (Allocation Failure) 582.493: [DefNew: 912K->62K(960K), 0.0024653 secs] 89284K->88448K(524224K), 0.0025478 secs] [Times: user=0.00 sys=0.00, real=0.00 secs] 
582.504: [GC (Allocation Failure) 582.505: [DefNew: 958K->22K(960K), 0.0024901 secs] 89344K->88469K(524224K), 0.0025876 secs] [Times: user=0.00 sys=0.00, real=0.00 secs] 
582.520: [GC (Allocation Failure) 582.520: [DefNew: 918K->32K(960K), 0.0026011 secs] 89365K->88501K(524224K), 0.0027080 secs] [Times: user=0.00 sys=0.00, real=0.00 secs] 
582.535: [GC (Allocation Failure) 582.535: [DefNew: 928K->56K(960K), 0.0026378 secs] 89405K->88562K(524224K), 0.0027392 secs] [Times: user=0.00 sys=0.00, real=0.00 secs] 
582.552: [GC (Allocation Failure) 582.552: [DefNew: 952K->63K(960K), 0.0024025 secs] 89458K->88649K(524224K), 0.0025012 secs] [Times: user=0.00 sys=0.00, real=0.00 secs] 
582.567: [GC (Allocation Failure) 582.567: [DefNew: 959K->12K(960K), 0.0025249 secs] 89545K->88661K(524224K), 0.0026366 secs] [Times: user=0.00 sys=0.00, real=0.00 secs] 
582.587: [GC (Allocation Failure) 582.587: [DefNew: 908K->54K(960K), 0.0022016 secs] 89557K->88715K(524224K), 0.0023231 secs] [Times: user=0.00 sys=0.00, real=0.00 secs] 
582.607: [GC (Allocation Failure) 582.607: [DefNew: 950K->63K(960K), 0.0029962 secs] 89624K->88847K(524224K), 0.0031288 secs] [Times: user=0.00 sys=0.00, real=0.00 secs] 
582.623: [GC (Allocation Failure) 582.623: [DefNew: 959K->25K(960K), 0.0021680 secs] 89772K->88865K(524224K), 0.0022635 secs] [Times: user=0.00 sys=0.00, real=0.00 secs] 
582.626: [GC (Allocation Failure) 582.626: [DefNew: 921K->21K(960K), 0.0024530 secs] 89761K->88885K(524224K), 0.0025296 secs] [Times: user=0.02 sys=0.00, real=0.00 secs] 
582.643: [GC (Allocation Failure) 582.643: [DefNew: 917K->25K(960K), 0.0021593 secs] 89794K->88923K(524224K), 0.0022549 secs] [Times: user=0.01 sys=0.00, real=0.00 secs] 
582.663: [GC (Allocation Failure) 582.663: [DefNew: 921K->45K(960K), 0.0024072 secs] 89819K->88959K(524224K), 0.0025241 secs] [Times: user=0.00 sys=0.00, real=0.00 secs] 
582.681: [GC (Allocation Failure) 582.681: [DefNew: 941K->63K(960K), 0.0029729 secs] 89871K->89056K(524224K), 0.0030984 secs] [Times: user=0.00 sys=0.00, real=0.00 secs] 
582.696: [GC (Allocation Failure) 582.696: [DefNew: 959K->64K(960K), 0.0029204 secs] 90001K->89179K(524224K), 0.0030408 secs] [Times: user=0.00 sys=0.00, real=0.00 secs] 
582.713: [GC (Allocation Failure) 582.713: [DefNew: 960K->33K(960K), 0.0025225 secs] 90075K->89212K(524224K), 0.0026524 secs] [Times: user=0.00 sys=0.00, real=0.00 secs] 
582.729: [GC (Allocation Failure) 582.729: [DefNew: 929K->29K(960K), 0.0023145 secs] 90143K->89271K(524224K), 0.0024218 secs] [Times: user=0.00 sys=0.00, real=0.00 secs] 
582.741: [GC (Allocation Failure) 582.741: [DefNew: 925K->28K(960K), 0.0023030 secs] 90168K->89298K(524224K), 0.0024037 secs] [Times: user=0.00 sys=0.00, real=0.00 secs] 
582.754: [GC (Allocation Failure) 582.754: [DefNew: 924K->48K(960K), 0.0023160 secs] 90195K->89345K(524224K), 0.0024191 secs] [Times: user=0.00 sys=0.00, real=0.00 secs] 
582.758: [GC (Allocation Failure) 582.758: [DefNew: 944K->4K(960K), 0.0020413 secs] 90247K->89353K(524224K), 0.0021159 secs] [Times: user=0.00 sys=0.00, real=0.00 secs] 
582.760: [GC (Allocation Failure) 582.760: [DefNew: 900K->14K(960K), 0.0021151 secs] 90253K->89372K(524224K), 0.0021968 secs] [Times: user=0.00 sys=0.00, real=0.00 secs] 
582.775: [GC (Allocation Failure) 582.775: [DefNew: 910K->9K(960K), 0.0022734 secs] 90277K->89389K(524224K), 0.0023978 secs] [Times: user=0.00 sys=0.00, real=0.00 secs] 
582.803: [GC (Allocation Failure) 582.803: [DefNew: 905K->0K(960K), 0.0020843 secs] 90285K->89389K(524224K), 0.0021937 secs] [Times: user=0.00 sys=0.00, real=0.00 secs] 
582.821: [GC (Allocation Failure) 582.821: [DefNew: 896K->20K(960K), 0.0021400 secs] 90286K->89411K(524224K), 0.0022395 secs] [Times: user=0.00 sys=0.00, real=0.00 secs] 
582.837: [GC (Allocation Failure) 582.837: [DefNew: 916K->21K(960K), 0.0021704 secs] 90308K->89432K(524224K), 0.0022671 secs] [Times: user=0.00 sys=0.00, real=0.00 secs] 
582.853: [GC (Allocation Failure) 582.853: [DefNew: 917K->43K(960K), 0.0022774 secs] 90329K->89475K(524224K), 0.0023717 secs] [Times: user=0.00 sys=0.00, real=0.00 secs] 
582.870: [GC (Allocation Failure) 582.870: [DefNew: 939K->64K(960K), 0.0024056 secs] 90375K->89543K(524224K), 0.0025039 secs] [Times: user=0.00 sys=0.00, real=0.00 secs] 
582.880: [GC (Allocation Failure) 582.880: [DefNew: 960K->6K(960K), 0.0027155 secs] 90439K->89549K(524224K), 0.0028553 secs] [Times: user=0.00 sys=0.00, real=0.00 secs] 
582.891: [GC (Allocation Failure) 582.891: [DefNew: 902K->5K(960K), 0.0020693 secs] 90445K->89552K(524224K), 0.0021727 secs] [Times: user=0.00 sys=0.00, real=0.00 secs] 
582.903: [GC (Allocation Failure) 582.903: [DefNew: 901K->12K(960K), 0.0021392 secs] 90449K->89564K(524224K), 0.0022406 secs] [Times: user=0.00 sys=0.00, real=0.00 secs] 
582.914: [GC (Allocation Failure) 582.915: [DefNew: 908K->13K(960K), 0.0026772 secs] 90461K->89576K(524224K), 0.0027925 secs] [Times: user=0.00 sys=0.00, real=0.00 secs] 
582.926: [GC (Allocation Failure) 582.926: [DefNew: 909K->20K(960K), 0.0022777 secs] 90474K->89597K(524224K), 0.0023749 secs] [Times: user=0.00 sys=0.00, real=0.00 secs] 
582.942: [GC (Allocation Failure) 582.942: [DefNew: 916K->10K(960K), 0.0020622 secs] 90493K->89607K(524224K), 0.0021570 secs] [Times: user=0.00 sys=0.00, real=0.00 secs] 
582.960: [GC (Allocation Failure) 582.960: [DefNew: 906K->41K(960K), 0.0022710 secs] 90503K->89648K(524224K), 0.0023658 secs] [Times: user=0.00 sys=0.00, real=0.00 secs] 
582.974: [GC (Allocation Failure) 582.974: [DefNew: 937K->26K(960K), 0.0023922 secs] 90546K->89677K(524224K), 0.0024953 secs] [Times: user=0.00 sys=0.00, real=0.00 secs] 
582.989: [GC (Allocation Failure) 582.989: [DefNew: 922K->17K(960K), 0.0021731 secs] 90574K->89691K(524224K), 0.0022647 secs] [Times: user=0.00 sys=0.00, real=0.00 secs] 
583.001: [GC (Allocation Failure) 583.001: [DefNew: 913K->64K(960K), 0.0026686 secs] 90587K->89873K(524224K), 0.0027692 secs] [Times: user=0.01 sys=0.00, real=0.00 secs] 
583.014: [GC (Allocation Failure) 583.014: [DefNew: 960K->63K(960K), 0.0025067 secs] 90770K->89906K(524224K), 0.0026137 secs] [Times: user=0.00 sys=0.00, real=0.00 secs] 
583.028: [GC (Allocation Failure) 583.028: [DefNew: 959K->44K(960K), 0.0027783 secs] 90803K->89948K(524224K), 0.0029019 secs] [Times: user=0.00 sys=0.00, real=0.00 secs] 
583.044: [GC (Allocation Failure) 583.044: [DefNew: 940K->41K(960K), 0.0024084 secs] 90844K->89987K(524224K), 0.0025099 secs] [Times: user=0.00 sys=0.00, real=0.00 secs] 
583.058: [GC (Allocation Failure) 583.058: [DefNew: 937K->11K(960K), 0.0022718 secs] 90883K->89998K(524224K), 0.0023658 secs] [Times: user=0.00 sys=0.00, real=0.00 secs] 
583.075: [GC (Allocation Failure) 583.075: [DefNew: 907K->13K(960K), 0.0021277 secs] 90894K->90011K(524224K), 0.0022059 secs] [Times: user=0.00 sys=0.00, real=0.00 secs] 
583.092: [GC (Allocation Failure) 583.092: [DefNew: 909K->41K(960K), 0.0022939 secs] 90907K->90050K(524224K), 0.0023950 secs] [Times: user=0.00 sys=0.00, real=0.00 secs] 
583.104: [GC (Allocation Failure) 583.104: [DefNew: 937K->15K(960K), 0.0022027 secs] 90946K->90065K(524224K), 0.0022951 secs] [Times: user=0.00 sys=0.00, real=0.00 secs] 
583.120: [GC (Allocation Failure) 583.120: [DefNew: 911K->0K(960K), 0.0021246 secs] 90963K->90067K(524224K), 0.0022142 secs] [Times: user=0.00 sys=0.00, real=0.00 secs] 
583.133: [GC (Allocation Failure) 583.134: [DefNew: 896K->27K(960K), 0.0021037 secs] 90963K->90095K(524224K), 0.0021972 secs] [Times: user=0.00 sys=0.00, real=0.00 secs] 
583.150: [GC (Allocation Failure) 583.150: [DefNew: 923K->16K(960K), 0.0020460 secs] 90991K->90111K(524224K), 0.0021498 secs] [Times: user=0.00 sys=0.00, real=0.00 secs] 
583.165: [GC (Allocation Failure) 583.165: [DefNew: 912K->12K(960K), 0.0024964 secs] 91007K->90121K(524224K), 0.0026042 secs] [Times: user=0.00 sys=0.00, real=0.00 secs] 
583.183: [GC (Allocation Failure) 583.183: [DefNew: 908K->20K(960K), 0.0022201 secs] 91018K->90140K(524224K), 0.0023184 secs] [Times: user=0.00 sys=0.00, real=0.00 secs] 
583.196: [GC (Allocation Failure) 583.196: [DefNew: 916K->8K(960K), 0.0023527 secs] 91036K->90148K(524224K), 0.0024653 secs] [Times: user=0.00 sys=0.00, real=0.00 secs] 
583.209: [GC (Allocation Failure) 583.210: [DefNew: 904K->25K(960K), 0.0022860 secs] 91044K->90172K(524224K), 0.0023784 secs] [Times: user=0.00 sys=0.00, real=0.00 secs] 
583.226: [GC (Allocation Failure) 583.226: [DefNew: 921K->5K(960K), 0.0022304 secs] 91069K->90177K(524224K), 0.0023306 secs] [Times: user=0.00 sys=0.00, real=0.00 secs] 
583.242: [GC (Allocation Failure) 583.242: [DefNew: 901K->22K(960K), 0.0023658 secs] 91074K->90200K(524224K), 0.0024664 secs] [Times: user=0.00 sys=0.00, real=0.00 secs] 
583.259: [GC (Allocation Failure) 583.259: [DefNew: 918K->19K(960K), 0.0023145 secs] 91111K->90233K(524224K), 0.0023910 secs] [Times: user=0.00 sys=0.00, real=0.00 secs] 
583.275: [GC (Allocation Failure) 583.275: [DefNew: 915K->14K(960K), 0.0022201 secs] 91130K->90246K(524224K), 0.0023105 secs] [Times: user=0.00 sys=0.00, real=0.00 secs] 
583.286: [GC (Allocation Failure) 583.286: [DefNew: 910K->14K(960K), 0.0020140 secs] 91147K->90264K(524224K), 0.0021277 secs] [Times: user=0.00 sys=0.00, real=0.00 secs] 
583.296: [GC (Allocation Failure) 583.296: [DefNew: 910K->21K(960K), 0.0023089 secs] 91160K->90282K(524224K), 0.0024013 secs] [Times: user=0.00 sys=0.00, real=0.00 secs] 
583.307: [GC (Allocation Failure) 583.307: [DefNew: 917K->25K(960K), 0.0021680 secs] 91179K->90306K(524224K), 0.0022774 secs] [Times: user=0.00 sys=0.00, real=0.00 secs] 
583.319: [GC (Allocation Failure) 583.319: [DefNew: 921K->29K(960K), 0.0023796 secs] 91203K->90336K(524224K), 0.0024949 secs] [Times: user=0.00 sys=0.00, real=0.00 secs] 
583.329: [GC (Allocation Failure) 583.329: [DefNew: 925K->36K(960K), 0.0024376 secs] 91233K->90368K(524224K), 0.0025829 secs] [Times: user=0.02 sys=0.00, real=0.00 secs] 
583.342: [GC (Allocation Failure) 583.342: [DefNew: 932K->22K(960K), 0.0022742 secs] 91265K->90391K(524224K), 0.0023678 secs] [Times: user=0.00 sys=0.00, real=0.00 secs] 
583.357: [GC (Allocation Failure) 583.357: [DefNew: 918K->36K(960K), 0.0022481 secs] 91287K->90426K(524224K), 0.0023405 secs] [Times: user=0.00 sys=0.00, real=0.00 secs] 
583.372: [GC (Allocation Failure) 583.372: [DefNew: 932K->31K(960K), 0.0022418 secs] 91322K->90452K(524224K), 0.0023409 secs] [Times: user=0.00 sys=0.00, real=0.00 secs] 
583.387: [GC (Allocation Failure) 583.387: [DefNew: 927K->40K(960K), 0.0023784 secs] 91348K->90491K(524224K), 0.0024700 secs] [Times: user=0.00 sys=0.00, real=0.00 secs] 
583.402: [GC (Allocation Failure) 583.402: [DefNew: 936K->64K(960K), 0.0026386 secs] 91388K->90575K(524224K), 0.0027349 secs] [Times: user=0.00 sys=0.00, real=0.00 secs] 
583.415: [GC (Allocation Failure) 583.415: [DefNew: 960K->8K(960K), 0.0025217 secs] 91472K->90582K(524224K), 0.0026461 secs] [Times: user=0.00 sys=0.00, real=0.00 secs] 
583.429: [GC (Allocation Failure) 583.429: [DefNew: 904K->64K(960K), 0.0025316 secs] 91542K->90806K(524224K), 0.0026263 secs] [Times: user=0.00 sys=0.00, real=0.00 secs] 
583.441: [GC (Allocation Failure) 583.441: [DefNew: 960K->38K(960K), 0.0024862 secs] 91703K->90822K(524224K), 0.0025750 secs] [Times: user=0.00 sys=0.00, real=0.00 secs] 
583.459: [GC (Allocation Failure) 583.459: [DefNew: 934K->27K(960K), 0.0028865 secs] 91718K->90844K(524224K), 0.0030329 secs] [Times: user=0.00 sys=0.00, real=0.00 secs] 
583.478: [GC (Allocation Failure) 583.478: [DefNew: 923K->29K(960K), 0.0028347 secs] 91741K->90871K(524224K), 0.0029370 secs] [Times: user=0.00 sys=0.00, real=0.00 secs] 
583.491: [GC (Allocation Failure) 583.491: [DefNew: 925K->24K(960K), 0.0020638 secs] 91771K->90897K(524224K), 0.0021676 secs] [Times: user=0.00 sys=0.00, real=0.00 secs] 
583.494: [GC (Allocation Failure) 583.494: [DefNew: 920K->6K(960K), 0.0020508 secs] 91799K->90909K(524224K), 0.0021419 secs] [Times: user=0.00 sys=0.00, real=0.00 secs] 
583.497: [GC (Allocation Failure) 583.497: [DefNew: 902K->10K(960K), 0.0025789 secs] 91810K->90924K(524224K), 0.0026816 secs] [Times: user=0.00 sys=0.00, real=0.00 secs] 
583.522: [GC (Allocation Failure) 583.522: [DefNew: 906K->16K(960K), 0.0019485 secs] 91823K->90943K(524224K), 0.0020516 secs] [Times: user=0.00 sys=0.00, real=0.00 secs] 
583.525: [GC (Allocation Failure) 583.525: [DefNew: 912K->20K(960K), 0.0020654 secs] 91913K->91037K(524224K), 0.0021451 secs] [Times: user=0.00 sys=0.00, real=0.00 secs] 
583.535: [GC (Allocation Failure) 583.536: [DefNew: 916K->29K(960K), 0.0021739 secs] 91942K->91075K(524224K), 0.0022679 secs] [Times: user=0.00 sys=0.00, real=0.00 secs] 
583.548: [GC (Allocation Failure) 583.548: [DefNew: 925K->26K(960K), 0.0030941 secs] 92037K->91166K(524224K), 0.0032145 secs] [Times: user=0.02 sys=0.00, real=0.00 secs] 
583.559: [GC (Allocation Failure) 583.560: [DefNew: 922K->36K(960K), 0.0022505 secs] 92100K->91238K(524224K), 0.0023385 secs] [Times: user=0.00 sys=0.00, real=0.00 secs] 
583.574: [GC (Allocation Failure) 583.574: [DefNew: 932K->32K(960K), 0.0023535 secs] 92135K->91271K(524224K), 0.0024518 secs] [Times: user=0.00 sys=0.00, real=0.00 secs] 
583.590: [GC (Allocation Failure) 583.590: [DefNew: 928K->45K(960K), 0.0021684 secs] 92167K->91314K(524224K), 0.0022655 secs] [Times: user=0.00 sys=0.00, real=0.00 secs] 
583.612: [GC (Allocation Failure) 583.612: [DefNew: 941K->12K(960K), 0.0021234 secs] 92211K->91327K(524224K), 0.0022225 secs] [Times: user=0.00 sys=0.00, real=0.00 secs] 
583.631: [GC (Allocation Failure) 583.631: [DefNew: 908K->0K(960K), 0.0021396 secs] 92225K->91329K(524224K), 0.0022667 secs] [Times: user=0.00 sys=0.00, real=0.00 secs] 
583.651: [GC (Allocation Failure) 583.651: [DefNew: 896K->6K(960K), 0.0018617 secs] 92226K->91336K(524224K), 0.0019608 secs] [Times: user=0.00 sys=0.00, real=0.00 secs] 
583.669: [GC (Allocation Failure) 583.669: [DefNew: 902K->1K(960K), 0.0019319 secs] 92235K->91339K(524224K), 0.0020180 secs] [Times: user=0.00 sys=0.00, real=0.00 secs] 
583.688: [GC (Allocation Failure) 583.688: [DefNew: 897K->1K(960K), 0.0020283 secs] 92236K->91341K(524224K), 0.0021558 secs] [Times: user=0.02 sys=0.00, real=0.00 secs] 
583.710: [GC (Allocation Failure) 583.710: [DefNew: 897K->5K(960K), 0.0021364 secs] 92238K->91346K(524224K), 0.0022288 secs] [Times: user=0.00 sys=0.00, real=0.00 secs] 
583.730: [GC (Allocation Failure) 583.730: [DefNew: 901K->0K(960K), 0.0018948 secs] 92243K->91347K(524224K), 0.0020010 secs] [Times: user=0.00 sys=0.00, real=0.00 secs] 
583.751: [GC (Allocation Failure) 583.751: [DefNew: 896K->0K(960K), 0.0020650 secs] 92244K->91348K(524224K), 0.0022051 secs] [Times: user=0.01 sys=0.00, real=0.00 secs] 
583.769: [GC (Allocation Failure) 583.769: [DefNew: 896K->2K(960K), 0.0022884 secs] 92246K->91352K(524224K), 0.0023966 secs] [Times: user=0.00 sys=0.00, real=0.00 secs] 
583.794: [GC (Allocation Failure) 583.794: [DefNew: 898K->1K(960K), 0.0019379 secs] 92250K->91355K(524224K), 0.0020271 secs] [Times: user=0.00 sys=0.00, real=0.00 secs] 
583.814: [GC (Allocation Failure) 583.814: [DefNew: 897K->1K(960K), 0.0028695 secs] 92253K->91357K(524224K), 0.0029990 secs] [Times: user=0.02 sys=0.00, real=0.00 secs] 
583.833: [GC (Allocation Failure) 583.833: [DefNew: 897K->1K(960K), 0.0021214 secs] 92254K->91358K(524224K), 0.0022493 secs] [Times: user=0.00 sys=0.00, real=0.00 secs] 
583.852: [GC (Allocation Failure) 583.852: [DefNew: 897K->7K(960K), 0.0019240 secs] 92255K->91366K(524224K), 0.0020231 secs] [Times: user=0.00 sys=0.00, real=0.00 secs] 
583.870: [GC (Allocation Failure) 583.870: [DefNew: 903K->5K(960K), 0.0020306 secs] 92262K->91371K(524224K), 0.0021341 secs] [Times: user=0.00 sys=0.00, real=0.00 secs] 
583.892: [GC (Allocation Failure) 583.892: [DefNew: 901K->22K(960K), 0.0022446 secs] 92268K->91394K(524224K), 0.0023417 secs] [Times: user=0.02 sys=0.00, real=0.00 secs] 
583.908: [GC (Allocation Failure) 583.908: [DefNew: 918K->41K(960K), 0.0019726 secs] 92291K->91436K(524224K), 0.0020571 secs] [Times: user=0.02 sys=0.00, real=0.00 secs] 
583.931: [GC (Allocation Failure) 583.931: [DefNew: 937K->49K(960K), 0.0029662 secs] 92336K->91477K(524224K), 0.0030890 secs] [Times: user=0.00 sys=0.00, real=0.00 secs] 
588.600: [GC (Allocation Failure) 588.600: [DefNew: 945K->64K(960K), 0.0035528 secs] 92402K->91611K(524224K), 0.0037004 secs] [Times: user=0.00 sys=0.00, real=0.00 secs] 
613.305: [GC (Allocation Failure) 613.305: [DefNew: 960K->5K(960K), 0.0023654 secs] 92508K->91617K(524224K), 0.0024609 secs] [Times: user=0.00 sys=0.00, real=0.00 secs] 
638.399: [GC (Allocation Failure) 638.399: [DefNew: 901K->7K(960K), 0.0033077 secs] 92529K->91636K(524224K), 0.0034683 secs] [Times: user=0.00 sys=0.00, real=0.00 secs] 
663.531: [GC (Allocation Failure) 663.531: [DefNew: 903K->6K(960K), 0.0020804 secs] 92532K->91637K(524224K), 0.0021854 secs] [Times: user=0.00 sys=0.01, real=0.00 secs] 
688.651: [GC (Allocation Failure) 688.651: [DefNew: 902K->6K(960K), 0.0020737 secs] 92533K->91639K(524224K), 0.0022237 secs] [Times: user=0.00 sys=0.00, real=0.00 secs] 
714.171: [GC (Allocation Failure) 714.171: [DefNew: 902K->5K(960K), 0.0032998 secs] 92535K->91639K(524224K), 0.0034845 secs] [Times: user=0.00 sys=0.00, real=0.00 secs] 
739.858: [GC (Allocation Failure) 739.858: [DefNew: 901K->0K(960K), 0.0030080 secs] 92535K->91634K(524224K), 0.0031592 secs] [Times: user=0.00 sys=0.00, real=0.00 secs] 
764.946: [GC (Allocation Failure) 764.946: [DefNew: 896K->4K(960K), 0.0027593 secs] 92530K->91639K(524224K), 0.0028719 secs] [Times: user=0.00 sys=0.00, real=0.00 secs] 
790.440: [GC (Allocation Failure) 790.440: [DefNew: 900K->5K(960K), 0.0018261 secs] 92535K->91641K(524224K), 0.0019331 secs] [Times: user=0.00 sys=0.00, real=0.00 secs] 
816.132: [GC (Allocation Failure) 816.132: [DefNew: 901K->4K(960K), 0.0044481 secs] 92537K->91640K(524224K), 0.0047000 secs] [Times: user=0.00 sys=0.00, real=0.01 secs] 
841.643: [GC (Allocation Failure) 841.643: [DefNew: 900K->5K(960K), 0.0021933 secs] 92536K->91642K(524224K), 0.0023251 secs] [Times: user=0.00 sys=0.00, real=0.00 secs] 
867.377: [GC (Allocation Failure) 867.377: [DefNew: 901K->3K(960K), 0.0030120 secs] 92538K->91640K(524224K), 0.0031912 secs] [Times: user=0.02 sys=0.00, real=0.00 secs] 
892.478: [GC (Allocation Failure) 892.478: [DefNew: 899K->6K(960K), 0.0048792 secs] 92536K->91643K(524224K), 0.0051314 secs] [Times: user=0.00 sys=0.00, real=0.00 secs] 
918.012: [GC (Allocation Failure) 918.012: [DefNew: 902K->5K(960K), 0.0031628 secs] 92540K->91643K(524224K), 0.0033487 secs] [Times: user=0.00 sys=0.00, real=0.00 secs] 
943.700: [GC (Allocation Failure) 943.700: [DefNew: 901K->3K(960K), 0.0029291 secs] 92541K->91643K(524224K), 0.0030996 secs] [Times: user=0.00 sys=0.00, real=0.00 secs] 
969.230: [GC (Allocation Failure) 969.230: [DefNew: 899K->5K(960K), 0.0026153 secs] 92539K->91647K(524224K), 0.0027447 secs] [Times: user=0.00 sys=0.00, real=0.00 secs] 
994.953: [GC (Allocation Failure) 994.953: [DefNew: 901K->0K(960K), 0.0022920 secs] 92543K->91642K(524224K), 0.0024017 secs] [Times: user=0.00 sys=0.00, real=0.00 secs] 
1020.057: [GC (Allocation Failure) 1020.057: [DefNew: 896K->6K(960K), 0.0024708 secs] 92538K->91648K(524224K), 0.0025916 secs] [Times: user=0.00 sys=0.00, real=0.00 secs] 
1045.577: [GC (Allocation Failure) 1045.577: [DefNew: 902K->5K(960K), 0.0028174 secs] 92545K->91648K(524224K), 0.0029701 secs] [Times: user=0.00 sys=0.00, real=0.00 secs] 
1071.326: [GC (Allocation Failure) 1071.326: [DefNew: 901K->4K(960K), 0.0051476 secs] 92545K->91647K(524224K), 0.0053450 secs] [Times: user=0.00 sys=0.00, real=0.01 secs] 
1096.863: [GC (Allocation Failure) 1096.863: [DefNew: 900K->5K(960K), 0.0035722 secs] 92544K->91649K(524224K), 0.0037723 secs] [Times: user=0.00 sys=0.00, real=0.00 secs] 
1122.594: [GC (Allocation Failure) 1122.594: [DefNew: 901K->1K(960K), 0.0043826 secs] 92545K->91645K(524224K), 0.0046100 secs] [Times: user=0.01 sys=0.00, real=0.01 secs] 
1148.123: [GC (Allocation Failure) 1148.123: [DefNew: 897K->5K(960K), 0.0039116 secs] 92542K->91650K(524224K), 0.0041367 secs] [Times: user=0.02 sys=0.00, real=0.00 secs] 
1173.486: [GC (Allocation Failure) 1173.486: [DefNew: 901K->0K(960K), 0.0046834 secs] 92546K->91645K(524224K), 0.0049716 secs] [Times: user=0.02 sys=0.00, real=0.00 secs] 
1198.961: [GC (Allocation Failure) 1198.961: [DefNew: 896K->5K(960K), 0.0035122 secs] 92541K->91650K(524224K), 0.0036997 secs] [Times: user=0.00 sys=0.00, real=0.00 secs] 
1224.492: [GC (Allocation Failure) 1224.492: [DefNew: 901K->5K(960K), 0.0031383 secs] 92547K->91651K(524224K), 0.0033558 secs] [Times: user=0.00 sys=0.00, real=0.00 secs] 
1250.229: [GC (Allocation Failure) 1250.229: [DefNew: 901K->2K(960K), 0.0025430 secs] 92548K->91649K(524224K), 0.0026662 secs] [Times: user=0.00 sys=0.00, real=0.00 secs] 
1275.340: [GC (Allocation Failure) 1275.340: [DefNew: 898K->7K(960K), 0.0024420 secs] 92545K->91654K(524224K), 0.0025410 secs] [Times: user=0.00 sys=0.00, real=0.00 secs] 
1301.469: [GC (Allocation Failure) 1301.469: [DefNew: 903K->2K(960K), 0.0040861 secs] 92550K->91649K(524224K), 0.0043506 secs] [Times: user=0.02 sys=0.00, real=0.00 secs] 
1326.571: [GC (Allocation Failure) 1326.571: [DefNew: 898K->6K(960K), 0.0022114 secs] 92545K->91654K(524224K), 0.0023042 secs] [Times: user=0.00 sys=0.00, real=0.00 secs] 
1352.090: [GC (Allocation Failure) 1352.090: [DefNew: 902K->5K(960K), 0.0019552 secs] 92551K->91654K(524224K), 0.0020666 secs] [Times: user=0.00 sys=0.00, real=0.00 secs] 
1377.832: [GC (Allocation Failure) 1377.832: [DefNew: 901K->5K(960K), 0.0021333 secs] 92550K->91653K(524224K), 0.0022485 secs] [Times: user=0.00 sys=0.00, real=0.00 secs] 
1403.390: [GC (Allocation Failure) 1403.390: [DefNew: 901K->5K(960K), 0.0024937 secs] 92550K->91655K(524224K), 0.0026350 secs] [Times: user=0.00 sys=0.01, real=0.00 secs] 
1429.119: [GC (Allocation Failure) 1429.119: [DefNew: 901K->2K(960K), 0.0030716 secs] 92551K->91652K(524224K), 0.0032942 secs] [Times: user=0.00 sys=0.00, real=0.00 secs] 
1454.233: [GC (Allocation Failure) 1454.234: [DefNew: 898K->6K(960K), 0.0041118 secs] 92548K->91656K(524224K), 0.0043214 secs] [Times: user=0.02 sys=0.00, real=0.00 secs] 
1480.341: [GC (Allocation Failure) 1480.341: [DefNew: 902K->1K(960K), 0.0021423 secs] 92553K->91651K(524224K), 0.0023081 secs] [Times: user=0.00 sys=0.00, real=0.00 secs] 
1505.464: [GC (Allocation Failure) 1505.464: [DefNew: 897K->6K(960K), 0.0023701 secs] 92547K->91657K(524224K), 0.0024878 secs] [Times: user=0.00 sys=0.00, real=0.00 secs] 
1530.951: [GC (Allocation Failure) 1530.951: [DefNew: 902K->6K(960K), 0.0019371 secs] 92553K->91658K(524224K), 0.0020504 secs] [Times: user=0.00 sys=0.00, real=0.00 secs] 
1556.670: [GC (Allocation Failure) 1556.670: [DefNew: 902K->4K(960K), 0.0054737 secs] 92555K->91657K(524224K), 0.0058183 secs] [Times: user=0.02 sys=0.00, real=0.01 secs] 
1582.150: [GC (Allocation Failure) 1582.150: [DefNew: 900K->5K(960K), 0.0018956 secs] 92553K->91659K(524224K), 0.0020081 secs] [Times: user=0.00 sys=0.00, real=0.00 secs] 
